Archive member included to satisfy reference by file (symbol)

C:\Users\ndjekic\Documents\LPCXpresso_8.1.4_606\LPCOpen\lpc_board_nxp_lpcxpresso_1769\Debug\liblpc_board_nxp_lpcxpresso_1769.a(board.o)
                              ./example/main/main.o (Board_UARTPutSTR)
C:\Users\ndjekic\Documents\LPCXpresso_8.1.4_606\LPCOpen\lpc_board_nxp_lpcxpresso_1769\Debug\liblpc_board_nxp_lpcxpresso_1769.a(board_sysinit.o)
                              ./example/main/sysinit.o (Board_SystemInit)
C:\Users\ndjekic\Documents\LPCXpresso_8.1.4_606\LPCOpen\lpc_chip_175x_6x\Debug\liblpc_chip_175x_6x.a(chip_17xx_40xx.o)
                              ./example/main/main.o (SystemCoreClockUpdate)
C:\Users\ndjekic\Documents\LPCXpresso_8.1.4_606\LPCOpen\lpc_chip_175x_6x\Debug\liblpc_chip_175x_6x.a(clock_17xx_40xx.o)
                              C:\Users\ndjekic\Documents\LPCXpresso_8.1.4_606\LPCOpen\lpc_chip_175x_6x\Debug\liblpc_chip_175x_6x.a(chip_17xx_40xx.o) (Chip_Clock_EnablePLL)
C:\Users\ndjekic\Documents\LPCXpresso_8.1.4_606\LPCOpen\lpc_chip_175x_6x\Debug\liblpc_chip_175x_6x.a(i2s_17xx_40xx.o)
                              C:\Users\ndjekic\Documents\LPCXpresso_8.1.4_606\LPCOpen\lpc_board_nxp_lpcxpresso_1769\Debug\liblpc_board_nxp_lpcxpresso_1769.a(board.o) (Chip_I2S_Init)
C:\Users\ndjekic\Documents\LPCXpresso_8.1.4_606\LPCOpen\lpc_chip_175x_6x\Debug\liblpc_chip_175x_6x.a(iocon_17xx_40xx.o)
                              C:\Users\ndjekic\Documents\LPCXpresso_8.1.4_606\LPCOpen\lpc_board_nxp_lpcxpresso_1769\Debug\liblpc_board_nxp_lpcxpresso_1769.a(board.o) (Chip_IOCON_PinMux)
C:\Users\ndjekic\Documents\LPCXpresso_8.1.4_606\LPCOpen\lpc_chip_175x_6x\Debug\liblpc_chip_175x_6x.a(stopwatch_17xx_40xx.o)
                              ./example/main/main.o (StopWatch_Init)
C:\Users\ndjekic\Documents\LPCXpresso_8.1.4_606\LPCOpen\lpc_chip_175x_6x\Debug\liblpc_chip_175x_6x.a(sysinit_17xx_40xx.o)
                              C:\Users\ndjekic\Documents\LPCXpresso_8.1.4_606\LPCOpen\lpc_board_nxp_lpcxpresso_1769\Debug\liblpc_board_nxp_lpcxpresso_1769.a(board_sysinit.o) (Chip_SetupXtalClocking)
C:\Users\ndjekic\Documents\LPCXpresso_8.1.4_606\LPCOpen\lpc_chip_175x_6x\Debug\liblpc_chip_175x_6x.a(timer_17xx_40xx.o)
                              C:\Users\ndjekic\Documents\LPCXpresso_8.1.4_606\LPCOpen\lpc_chip_175x_6x\Debug\liblpc_chip_175x_6x.a(stopwatch_17xx_40xx.o) (Chip_TIMER_Init)
C:\Users\ndjekic\Documents\LPCXpresso_8.1.4_606\LPCOpen\lpc_chip_175x_6x\Debug\liblpc_chip_175x_6x.a(uart_17xx_40xx.o)
                              C:\Users\ndjekic\Documents\LPCXpresso_8.1.4_606\LPCOpen\lpc_board_nxp_lpcxpresso_1769\Debug\liblpc_board_nxp_lpcxpresso_1769.a(board.o) (Chip_UART_Init)
C:\Users\ndjekic\Documents\LPCXpresso_8.1.4_606\LPCOpen\lpc_chip_175x_6x\Debug\liblpc_chip_175x_6x.a(ring_buffer.o)
                              C:\Users\ndjekic\Documents\LPCXpresso_8.1.4_606\LPCOpen\lpc_chip_175x_6x\Debug\liblpc_chip_175x_6x.a(uart_17xx_40xx.o) (RingBuffer_Insert)
C:\Users\ndjekic\Documents\LPCXpresso_8.1.4_606\LPCOpen\lpc_chip_175x_6x\libs\libusbd_175x_6x_lib.a(mw_usbd_rom_api.o)
                              ./example/main/main.o (cdc_api)
C:\Users\ndjekic\Documents\LPCXpresso_8.1.4_606\LPCOpen\lpc_chip_175x_6x\libs\libusbd_175x_6x_lib.a(hw_usbd_ip3503.o)
                              C:\Users\ndjekic\Documents\LPCXpresso_8.1.4_606\LPCOpen\lpc_chip_175x_6x\libs\libusbd_175x_6x_lib.a(mw_usbd_rom_api.o) (hwUSB_GetMemSize)
C:\Users\ndjekic\Documents\LPCXpresso_8.1.4_606\LPCOpen\lpc_chip_175x_6x\libs\libusbd_175x_6x_lib.a(mw_usbd_cdcuser.o)
                              C:\Users\ndjekic\Documents\LPCXpresso_8.1.4_606\LPCOpen\lpc_chip_175x_6x\libs\libusbd_175x_6x_lib.a(mw_usbd_rom_api.o) (mwCDC_SendNotification)
C:\Users\ndjekic\Documents\LPCXpresso_8.1.4_606\LPCOpen\lpc_chip_175x_6x\libs\libusbd_175x_6x_lib.a(mw_usbd_core.o)
                              C:\Users\ndjekic\Documents\LPCXpresso_8.1.4_606\LPCOpen\lpc_chip_175x_6x\libs\libusbd_175x_6x_lib.a(mw_usbd_rom_api.o) (mwUSB_SetupStage)
C:\Users\ndjekic\Documents\LPCXpresso_8.1.4_606\LPCOpen\lpc_chip_175x_6x\libs\libusbd_175x_6x_lib.a(mw_usbd_dfuuser.o)
                              C:\Users\ndjekic\Documents\LPCXpresso_8.1.4_606\LPCOpen\lpc_chip_175x_6x\libs\libusbd_175x_6x_lib.a(mw_usbd_rom_api.o) (mwDFU_GetMemSize)
C:\Users\ndjekic\Documents\LPCXpresso_8.1.4_606\LPCOpen\lpc_chip_175x_6x\libs\libusbd_175x_6x_lib.a(mw_usbd_hiduser.o)
                              C:\Users\ndjekic\Documents\LPCXpresso_8.1.4_606\LPCOpen\lpc_chip_175x_6x\libs\libusbd_175x_6x_lib.a(mw_usbd_rom_api.o) (mwHID_GetMemSize)
C:\Users\ndjekic\Documents\LPCXpresso_8.1.4_606\LPCOpen\lpc_chip_175x_6x\libs\libusbd_175x_6x_lib.a(mw_usbd_mscuser.o)
                              C:\Users\ndjekic\Documents\LPCXpresso_8.1.4_606\LPCOpen\lpc_chip_175x_6x\libs\libusbd_175x_6x_lib.a(mw_usbd_rom_api.o) (mwMSC_GetMemSize)
[...]
Memory Configuration

Name             Origin             Length             Attributes
MFlash512        0x00000000         0x00080000         xr
RamLoc32         0x10000000         0x00008000         xrw
RamAHB32         0x2007c000         0x00008000         xrw
*default*        0x00000000         0xffffffff

Linker script and memory map

LOAD ./example/usb_driver_c_files/cdc_desc.o
LOAD ./example/usb_driver_c_files/cdc_vcom.o
LOAD ./example/relay_module_c_files/relay_module.o
LOAD ./example/main/cr_startup_lpc175x_6x.o
LOAD ./example/main/main.o
LOAD ./example/main/sysinit.o
LOAD C:\Users\ndjekic\Documents\LPCXpresso_8.1.4_606\LPCOpen\lpc_board_nxp_lpcxpresso_1769\Debug\liblpc_board_nxp_lpcxpresso_1769.a
LOAD C:\Users\ndjekic\Documents\LPCXpresso_8.1.4_606\LPCOpen\lpc_chip_175x_6x\Debug\liblpc_chip_175x_6x.a
LOAD C:\Users\ndjekic\Documents\LPCXpresso_8.1.4_606\LPCOpen\lpc_chip_175x_6x\libs\libusbd_175x_6x_lib.a
START GROUP
LOAD c:/nxp/lpcxpresso_8.1.4_606/lpcxpresso/tools/bin/../lib/gcc/arm-none-eabi/5.2.1/../../../../arm-none-eabi/lib/armv7-m\libcr_nohost.a
LOAD c:/nxp/lpcxpresso_8.1.4_606/lpcxpresso/tools/bin/../lib/gcc/arm-none-eabi/5.2.1/../../../../arm-none-eabi/lib/armv7-m\libcr_c.a
LOAD c:/nxp/lpcxpresso_8.1.4_606/lpcxpresso/tools/bin/../lib/gcc/arm-none-eabi/5.2.1/armv7-m\libcr_eabihelpers.a
END GROUP
                0x00000000                __base_MFlash512 = 0x0
                0x00000000                __base_Flash = 0x0
                0x00080000                __top_MFlash512 = 0x80000
                0x00080000                __top_Flash = 0x80000
                0x10000000                __base_RamLoc32 = 0x10000000
                0x10000000                __base_RAM = 0x10000000
                0x10008000                __top_RamLoc32 = 0x10008000
                0x10008000                __top_RAM = 0x10008000
                0x2007c000                __base_RamAHB32 = 0x2007c000
                0x2007c000                __base_RAM2 = 0x2007c000
                0x20084000                __top_RamAHB32 = 0x20084000
                0x20084000                __top_RAM2 = 0x20084000

.text           0x00000000     0x350c
 FILL mask 0xff
                0x00000000                __vectors_start__ = ABSOLUTE (.)
 *(.isr_vector)
 .isr_vector    0x00000000       0xcc ./example/main/cr_startup_lpc175x_6x.o
                0x00000000                g_pfnVectors
                0x000000cc                . = ALIGN (0x4)
                0x000000cc                __section_table_start = .
                0x000000cc                __data_section_table = .
                0x000000cc        0x4 LONG 0x350c LOADADDR (.data)
                0x000000d0        0x4 LONG 0x10000000 ADDR (.data)
                0x000000d4        0x4 LONG 0x50 SIZEOF (.data)
                0x000000d8        0x4 LONG 0x350c LOADADDR (.data_RAM2)
                0x000000dc        0x4 LONG 0x2007c000 ADDR (.data_RAM2)
                0x000000e0        0x4 LONG 0x0 SIZEOF (.data_RAM2)
                0x000000e4                __data_section_table_end = .
                0x000000e4                __bss_section_table = .
                0x000000e4        0x4 LONG 0x10000050 ADDR (.bss)
                0x000000e8        0x4 LONG 0x280 SIZEOF (.bss)
                0x000000ec        0x4 LONG 0x2007c000 ADDR (.bss_RAM2)
                0x000000f0        0x4 LONG 0x0 SIZEOF (.bss_RAM2)
                0x000000f4                __bss_section_table_end = .
                0x000000f4                __section_table_end = .
 *(.after_vectors*)
 .after_vectors
                0x000000f4      0x144 ./example/main/cr_startup_lpc175x_6x.o
                0x000000f4                data_init
                0x00000138                bss_init
                0x00000170                ResetISR
                0x000001e8                NMI_Handler
                0x000001f0                HardFault_Handler
                0x000001f8                MemManage_Handler
                0x00000200                BusFault_Handler
                0x00000208                UsageFault_Handler
                0x00000210                SVC_Handler
                0x00000218                DebugMon_Handler
                0x00000220                PendSV_Handler
                0x00000228                SysTick_Handler
                0x00000230                EINT3_IRQHandler
                0x00000230                CANActivity_IRQHandler
                0x00000230                TIMER3_IRQHandler
                0x00000230                UART0_IRQHandler
                0x00000230                UART1_IRQHandler
                0x00000230                EINT2_IRQHandler
                0x00000230                USBActivity_IRQHandler
                0x00000230                IntDefaultHandler
                0x00000230                PLL0_IRQHandler
                0x00000230                I2C0_IRQHandler
                0x00000230                I2C1_IRQHandler
                0x00000230                SSP0_IRQHandler
                0x00000230                I2S_IRQHandler
                0x00000230                I2C2_IRQHandler
                0x00000230                RTC_IRQHandler
                0x00000230                TIMER0_IRQHandler
                0x00000230                SPI_IRQHandler
                0x00000230                RIT_IRQHandler
                0x00000230                EINT1_IRQHandler
                0x00000230                TIMER1_IRQHandler
                0x00000230                UART2_IRQHandler
                0x00000230                ADC_IRQHandler
                0x00000230                SSP1_IRQHandler
                0x00000230                BOD_IRQHandler
                0x00000230                PLL1_IRQHandler
                0x00000230                WDT_IRQHandler
                0x00000230                PWM1_IRQHandler
                0x00000230                QEI_IRQHandler
                0x00000230                EINT0_IRQHandler
                0x00000230                ETH_IRQHandler
                0x00000230                CAN_IRQHandler
                0x00000230                DMA_IRQHandler
                0x00000230                TIMER2_IRQHandler
                0x00000230                UART3_IRQHandler
                0x00000230                MCPWM_IRQHandler
 *(.text*)
 .text.NVIC_EnableIRQ
                0x00000238       0x30 ./example/usb_driver_c_files/cdc_vcom.o
 .text.NVIC_DisableIRQ
                0x00000268       0x34 ./example/usb_driver_c_files/cdc_vcom.o
 .text.VCOM_bulk_in_hdlr
                0x0000029c       0x34 ./example/usb_driver_c_files/cdc_vcom.o
 .text.VCOM_bulk_out_hdlr
                0x000002d0       0xe8 ./example/usb_driver_c_files/cdc_vcom.o
 .text.VCOM_SetLineCode
                0x000003b8       0x28 ./example/usb_driver_c_files/cdc_vcom.o
 .text.vcom_init
                0x000003e0       0xec ./example/usb_driver_c_files/cdc_vcom.o
                0x000003e0                vcom_init
 .text.vcom_bread
                0x000004cc       0x8c ./example/usb_driver_c_files/cdc_vcom.o
                0x000004cc                vcom_bread
 .text.vcom_write
                0x00000558       0x74 ./example/usb_driver_c_files/cdc_vcom.o
                0x00000558                vcom_write
 .text.Chip_GPIO_SetPinDIROutput
                0x000005cc       0x38 ./example/relay_module_c_files/relay_module.o
 .text.Chip_GPIO_SetPinDIRInput
                0x00000604       0x3c ./example/relay_module_c_files/relay_module.o
 .text.Chip_GPIO_SetPinDIR
                0x00000640       0x44 ./example/relay_module_c_files/relay_module.o
 .text.Chip_GPIO_WriteDirBit
                0x00000684       0x30 ./example/relay_module_c_files/relay_module.o
 .text.Chip_GPIO_SetPinOutHigh
                0x000006b4       0x2c ./example/relay_module_c_files/relay_module.o
 .text.Chip_GPIO_SetPinOutLow
                0x000006e0       0x2c ./example/relay_module_c_files/relay_module.o
 .text.Turn_Relay_1_on
                0x0000070c       0x18 ./example/relay_module_c_files/relay_module.o
                0x0000070c                Turn_Relay_1_on
 .text.Turn_Relay_1_off
                0x00000724       0x18 ./example/relay_module_c_files/relay_module.o
                0x00000724                Turn_Relay_1_off
 .text.Turn_Relay_2_on
                0x0000073c       0x18 ./example/relay_module_c_files/relay_module.o
                0x0000073c                Turn_Relay_2_on
 .text.Turn_Relay_2_off
                0x00000754       0x18 ./example/relay_module_c_files/relay_module.o
                0x00000754                Turn_Relay_2_off
 .text.Status_function
                0x0000076c       0x88 ./example/relay_module_c_files/relay_module.o
                0x0000076c                Status_function
 .text.Random_Buttons_Protection
                0x000007f4       0xe4 ./example/relay_module_c_files/relay_module.o
                0x000007f4                Random_Buttons_Protection
 .text.Welcome  0x000008d8       0x18 ./example/relay_module_c_files/relay_module.o
                0x000008d8                Welcome
 .text.Set_Relay_Pins_As_Output
                0x000008f0       0x28 ./example/relay_module_c_files/relay_module.o
                0x000008f0                Set_Relay_Pins_As_Output
 .text.NVIC_EnableIRQ
                0x00000918       0x30 ./example/main/main.o
 .text.vcom_connected
                0x00000948       0x1c ./example/main/main.o
 .text.usb_pin_clk_init
                0x00000964       0x14 ./example/main/main.o
 .text.USB_IRQHandler
                0x00000978       0x20 ./example/main/main.o
                0x00000978                USB_IRQHandler
 .text.find_IntfDesc
                0x00000998       0x5c ./example/main/main.o
                0x00000998                find_IntfDesc
 .text.main     0x000009f4      0x110 ./example/main/main.o
                0x000009f4                main
 .text.SystemInit
                0x00000b04       0x24 ./example/main/sysinit.o
                0x00000b04                SystemInit
 .text.Chip_IOCON_Init
                0x00000b28       0x18 C:\Users\ndjekic\Documents\LPCXpresso_8.1.4_606\LPCOpen\lpc_board_nxp_lpcxpresso_1769\Debug\liblpc_board_nxp_lpcxpresso_1769.a(board.o)
 .text.Chip_GPIO_Init
                0x00000b40       0x18 C:\Users\ndjekic\Documents\LPCXpresso_8.1.4_606\LPCOpen\lpc_board_nxp_lpcxpresso_1769\Debug\liblpc_board_nxp_lpcxpresso_1769.a(board.o)
 .text.Chip_GPIO_SetPinDIROutput
                0x00000b58       0x38 C:\Users\ndjekic\Documents\LPCXpresso_8.1.4_606\LPCOpen\lpc_board_nxp_lpcxpresso_1769\Debug\liblpc_board_nxp_lpcxpresso_1769.a(board.o)
 .text.Chip_GPIO_SetPinDIRInput
                0x00000b90       0x3c C:\Users\ndjekic\Documents\LPCXpresso_8.1.4_606\LPCOpen\lpc_board_nxp_lpcxpresso_1769\Debug\liblpc_board_nxp_lpcxpresso_1769.a(board.o)
 .text.Chip_GPIO_SetPinDIR
                0x00000bcc       0x44 C:\Users\ndjekic\Documents\LPCXpresso_8.1.4_606\LPCOpen\lpc_board_nxp_lpcxpresso_1769\Debug\liblpc_board_nxp_lpcxpresso_1769.a(board.o)
 .text.Chip_GPIO_WriteDirBit
                0x00000c10       0x30 C:\Users\ndjekic\Documents\LPCXpresso_8.1.4_606\LPCOpen\lpc_board_nxp_lpcxpresso_1769\Debug\liblpc_board_nxp_lpcxpresso_1769.a(board.o)
 .text.Chip_UART_SendByte
                0x00000c40       0x1c C:\Users\ndjekic\Documents\LPCXpresso_8.1.4_606\LPCOpen\lpc_board_nxp_lpcxpresso_1769\Debug\liblpc_board_nxp_lpcxpresso_1769.a(board.o)
 .text.Chip_UART_ConfigData
                0x00000c5c       0x1c C:\Users\ndjekic\Documents\LPCXpresso_8.1.4_606\LPCOpen\lpc_board_nxp_lpcxpresso_1769\Debug\liblpc_board_nxp_lpcxpresso_1769.a(board.o)
 .text.Chip_UART_ReadLineStatus
                0x00000c78       0x18 C:\Users\ndjekic\Documents\LPCXpresso_8.1.4_606\LPCOpen\lpc_board_nxp_lpcxpresso_1769\Debug\liblpc_board_nxp_lpcxpresso_1769.a(board.o)
 .text.__sys_write
                0x00000c90       0x38 C:\Users\ndjekic\Documents\LPCXpresso_8.1.4_606\LPCOpen\lpc_board_nxp_lpcxpresso_1769\Debug\liblpc_board_nxp_lpcxpresso_1769.a(board.o)
                0x00000c90                __sys_write
 .text.Board_LED_Init
                0x00000cc8       0x18 C:\Users\ndjekic\Documents\LPCXpresso_8.1.4_606\LPCOpen\lpc_board_nxp_lpcxpresso_1769\Debug\liblpc_board_nxp_lpcxpresso_1769.a(board.o)
 .text.Board_UART_Init
                0x00000ce0       0x14 C:\Users\ndjekic\Documents\LPCXpresso_8.1.4_606\LPCOpen\lpc_board_nxp_lpcxpresso_1769\Debug\liblpc_board_nxp_lpcxpresso_1769.a(board.o)
                0x00000ce0                Board_UART_Init
 .text.Board_Debug_Init
                0x00000cf4       0x30 C:\Users\ndjekic\Documents\LPCXpresso_8.1.4_606\LPCOpen\lpc_board_nxp_lpcxpresso_1769\Debug\liblpc_board_nxp_lpcxpresso_1769.a(board.o)
                0x00000cf4                Board_Debug_Init
 .text.Board_UARTPutChar
                0x00000d24       0x34 C:\Users\ndjekic\Documents\LPCXpresso_8.1.4_606\LPCOpen\lpc_board_nxp_lpcxpresso_1769\Debug\liblpc_board_nxp_lpcxpresso_1769.a(board.o)
                0x00000d24                Board_UARTPutChar
 .text.Board_UARTPutSTR
                0x00000d58       0x28 C:\Users\ndjekic\Documents\LPCXpresso_8.1.4_606\LPCOpen\lpc_board_nxp_lpcxpresso_1769\Debug\liblpc_board_nxp_lpcxpresso_1769.a(board.o)
                0x00000d58                Board_UARTPutSTR
 .text.Board_Init
                0x00000d80       0x24 C:\Users\ndjekic\Documents\LPCXpresso_8.1.4_606\LPCOpen\lpc_board_nxp_lpcxpresso_1769\Debug\liblpc_board_nxp_lpcxpresso_1769.a(board.o)
                0x00000d80                Board_Init
 .text.Board_USBD_Init
                0x00000da4       0x60 C:\Users\ndjekic\Documents\LPCXpresso_8.1.4_606\LPCOpen\lpc_board_nxp_lpcxpresso_1769\Debug\liblpc_board_nxp_lpcxpresso_1769.a(board.o)
                0x00000da4                Board_USBD_Init
 .text.Chip_SYSCTL_SetFLASHAccess
                0x00000e04       0x30 C:\Users\ndjekic\Documents\LPCXpresso_8.1.4_606\LPCOpen\lpc_board_nxp_lpcxpresso_1769\Debug\liblpc_board_nxp_lpcxpresso_1769.a(board_sysinit.o)
 .text.Board_SetupMuxing
                0x00000e34       0x1c C:\Users\ndjekic\Documents\LPCXpresso_8.1.4_606\LPCOpen\lpc_board_nxp_lpcxpresso_1769\Debug\liblpc_board_nxp_lpcxpresso_1769.a(board_sysinit.o)
                0x00000e34                Board_SetupMuxing
 .text.Board_SetupClocking
                0x00000e50       0x14 C:\Users\ndjekic\Documents\LPCXpresso_8.1.4_606\LPCOpen\lpc_board_nxp_lpcxpresso_1769\Debug\liblpc_board_nxp_lpcxpresso_1769.a(board_sysinit.o)
                0x00000e50                Board_SetupClocking
 .text.Board_SystemInit
                0x00000e64       0x10 C:\Users\ndjekic\Documents\LPCXpresso_8.1.4_606\LPCOpen\lpc_board_nxp_lpcxpresso_1769\Debug\liblpc_board_nxp_lpcxpresso_1769.a(board_sysinit.o)
                0x00000e64                Board_SystemInit
 .text.Chip_Clock_IsUSBPLLLocked
                0x00000e74       0x24 C:\Users\ndjekic\Documents\LPCXpresso_8.1.4_606\LPCOpen\lpc_chip_175x_6x\Debug\liblpc_chip_175x_6x.a(chip_17xx_40xx.o)
 .text.Chip_Clock_IsUSBPLLConnected
                0x00000e98       0x24 C:\Users\ndjekic\Documents\LPCXpresso_8.1.4_606\LPCOpen\lpc_chip_175x_6x\Debug\liblpc_chip_175x_6x.a(chip_17xx_40xx.o)
 .text.SystemCoreClockUpdate
                0x00000ebc       0x18 C:\Users\ndjekic\Documents\LPCXpresso_8.1.4_606\LPCOpen\lpc_chip_175x_6x\Debug\liblpc_chip_175x_6x.a(chip_17xx_40xx.o)
                0x00000ebc                SystemCoreClockUpdate
 .text.Chip_USB_Init
                0x00000ed4       0x4c C:\Users\ndjekic\Documents\LPCXpresso_8.1.4_606\LPCOpen\lpc_chip_175x_6x\Debug\liblpc_chip_175x_6x.a(chip_17xx_40xx.o)
                0x00000ed4                Chip_USB_Init
 .text.Chip_Clock_IsMainPLLEnabled
                0x00000f20       0x24 C:\Users\ndjekic\Documents\LPCXpresso_8.1.4_606\LPCOpen\lpc_chip_175x_6x\Debug\liblpc_chip_175x_6x.a(clock_17xx_40xx.o)
 .text.Chip_Clock_IsMainPLLConnected
                0x00000f44       0x24 C:\Users\ndjekic\Documents\LPCXpresso_8.1.4_606\LPCOpen\lpc_chip_175x_6x\Debug\liblpc_chip_175x_6x.a(clock_17xx_40xx.o)
 .text.Chip_Clock_FeedPLL
                0x00000f68       0x34 C:\Users\ndjekic\Documents\LPCXpresso_8.1.4_606\LPCOpen\lpc_chip_175x_6x\Debug\liblpc_chip_175x_6x.a(clock_17xx_40xx.o)
 .text.Chip_Clock_GetMainPLLSource
                0x00000f9c       0x20 C:\Users\ndjekic\Documents\LPCXpresso_8.1.4_606\LPCOpen\lpc_chip_175x_6x\Debug\liblpc_chip_175x_6x.a(clock_17xx_40xx.o)
 .text.Chip_Clock_GetMainOscRate
                0x00000fbc       0x14 C:\Users\ndjekic\Documents\LPCXpresso_8.1.4_606\LPCOpen\lpc_chip_175x_6x\Debug\liblpc_chip_175x_6x.a(clock_17xx_40xx.o)
 .text.Chip_Clock_GetIntOscRate
                0x00000fd0       0x14 C:\Users\ndjekic\Documents\LPCXpresso_8.1.4_606\LPCOpen\lpc_chip_175x_6x\Debug\liblpc_chip_175x_6x.a(clock_17xx_40xx.o)
 .text.Chip_Clock_GetRTCOscRate
                0x00000fe4       0x14 C:\Users\ndjekic\Documents\LPCXpresso_8.1.4_606\LPCOpen\lpc_chip_175x_6x\Debug\liblpc_chip_175x_6x.a(clock_17xx_40xx.o)
 .text.Chip_Clock_GetMainPLLInClockRate
                0x00000ff8       0x10 C:\Users\ndjekic\Documents\LPCXpresso_8.1.4_606\LPCOpen\lpc_chip_175x_6x\Debug\liblpc_chip_175x_6x.a(clock_17xx_40xx.o)
 .text.Chip_Clock_EnablePLL
                0x00001008       0x44 C:\Users\ndjekic\Documents\LPCXpresso_8.1.4_606\LPCOpen\lpc_chip_175x_6x\Debug\liblpc_chip_175x_6x.a(clock_17xx_40xx.o)
                0x00001008                Chip_Clock_EnablePLL
 .text.Chip_Clock_DisablePLL
                0x0000104c       0x48 C:\Users\ndjekic\Documents\LPCXpresso_8.1.4_606\LPCOpen\lpc_chip_175x_6x\Debug\liblpc_chip_175x_6x.a(clock_17xx_40xx.o)
                0x0000104c                Chip_Clock_DisablePLL
 .text.Chip_Clock_SetupPLL
                0x00001094       0x5c C:\Users\ndjekic\Documents\LPCXpresso_8.1.4_606\LPCOpen\lpc_chip_175x_6x\Debug\liblpc_chip_175x_6x.a(clock_17xx_40xx.o)
                0x00001094                Chip_Clock_SetupPLL
 .text.Chip_Clock_EnablePeriphClock
                0x000010f0       0x34 C:\Users\ndjekic\Documents\LPCXpresso_8.1.4_606\LPCOpen\lpc_chip_175x_6x\Debug\liblpc_chip_175x_6x.a(clock_17xx_40xx.o)
                0x000010f0                Chip_Clock_EnablePeriphClock
 .text.Chip_Clock_GetCPUClockSource
                0x00001124       0x24 C:\Users\ndjekic\Documents\LPCXpresso_8.1.4_606\LPCOpen\lpc_chip_175x_6x\Debug\liblpc_chip_175x_6x.a(clock_17xx_40xx.o)
                0x00001124                Chip_Clock_GetCPUClockSource
 .text.Chip_Clock_SetCPUClockDiv
                0x00001148       0x20 C:\Users\ndjekic\Documents\LPCXpresso_8.1.4_606\LPCOpen\lpc_chip_175x_6x\Debug\liblpc_chip_175x_6x.a(clock_17xx_40xx.o)
                0x00001148                Chip_Clock_SetCPUClockDiv
 .text.Chip_Clock_GetCPUClockDiv
                0x00001168       0x1c C:\Users\ndjekic\Documents\LPCXpresso_8.1.4_606\LPCOpen\lpc_chip_175x_6x\Debug\liblpc_chip_175x_6x.a(clock_17xx_40xx.o)
                0x00001168                Chip_Clock_GetCPUClockDiv
 .text.Chip_Clock_GetPCLKDiv
                0x00001184       0x8c C:\Users\ndjekic\Documents\LPCXpresso_8.1.4_606\LPCOpen\lpc_chip_175x_6x\Debug\liblpc_chip_175x_6x.a(clock_17xx_40xx.o)
                0x00001184                Chip_Clock_GetPCLKDiv
 .text.Chip_Clock_GetSYSCLKRate
                0x00001210       0x34 C:\Users\ndjekic\Documents\LPCXpresso_8.1.4_606\LPCOpen\lpc_chip_175x_6x\Debug\liblpc_chip_175x_6x.a(clock_17xx_40xx.o)
                0x00001210                Chip_Clock_GetSYSCLKRate
 .text.Chip_Clock_GetMainPLLOutClockRate
                0x00001244       0x54 C:\Users\ndjekic\Documents\LPCXpresso_8.1.4_606\LPCOpen\lpc_chip_175x_6x\Debug\liblpc_chip_175x_6x.a(clock_17xx_40xx.o)
                0x00001244                Chip_Clock_GetMainPLLOutClockRate
 .text.Chip_Clock_GetMainClockRate
                0x00001298       0x28 C:\Users\ndjekic\Documents\LPCXpresso_8.1.4_606\LPCOpen\lpc_chip_175x_6x\Debug\liblpc_chip_175x_6x.a(clock_17xx_40xx.o)
                0x00001298                Chip_Clock_GetMainClockRate
 .text.Chip_Clock_GetSystemClockRate
                0x000012c0       0x18 C:\Users\ndjekic\Documents\LPCXpresso_8.1.4_606\LPCOpen\lpc_chip_175x_6x\Debug\liblpc_chip_175x_6x.a(clock_17xx_40xx.o)
                0x000012c0                Chip_Clock_GetSystemClockRate
 .text.Chip_Clock_GetPeripheralClockRate
                0x000012d8       0x28 C:\Users\ndjekic\Documents\LPCXpresso_8.1.4_606\LPCOpen\lpc_chip_175x_6x\Debug\liblpc_chip_175x_6x.a(clock_17xx_40xx.o)
                0x000012d8                Chip_Clock_GetPeripheralClockRate
 .text.Chip_IOCON_PinMuxSet
                0x00001300       0x38 C:\Users\ndjekic\Documents\LPCXpresso_8.1.4_606\LPCOpen\lpc_chip_175x_6x\Debug\liblpc_chip_175x_6x.a(iocon_17xx_40xx.o)
                0x00001300                Chip_IOCON_PinMuxSet
 .text.Chip_IOCON_PinMux
                0x00001338       0x94 C:\Users\ndjekic\Documents\LPCXpresso_8.1.4_606\LPCOpen\lpc_chip_175x_6x\Debug\liblpc_chip_175x_6x.a(iocon_17xx_40xx.o)
                0x00001338                Chip_IOCON_PinMux
 .text.Chip_IOCON_SetPinMuxing
                0x000013cc       0x64 C:\Users\ndjekic\Documents\LPCXpresso_8.1.4_606\LPCOpen\lpc_chip_175x_6x\Debug\liblpc_chip_175x_6x.a(iocon_17xx_40xx.o)
                0x000013cc                Chip_IOCON_SetPinMuxing
 .text.Chip_TIMER_Enable
                0x00001430       0x20 C:\Users\ndjekic\Documents\LPCXpresso_8.1.4_606\LPCOpen\lpc_chip_175x_6x\Debug\liblpc_chip_175x_6x.a(stopwatch_17xx_40xx.o)
 .text.Chip_TIMER_PrescaleSet
                0x00001450       0x1c C:\Users\ndjekic\Documents\LPCXpresso_8.1.4_606\LPCOpen\lpc_chip_175x_6x\Debug\liblpc_chip_175x_6x.a(stopwatch_17xx_40xx.o)
 .text.StopWatch_Init
                0x0000146c       0x74 C:\Users\ndjekic\Documents\LPCXpresso_8.1.4_606\LPCOpen\lpc_chip_175x_6x\Debug\liblpc_chip_175x_6x.a(stopwatch_17xx_40xx.o)
                0x0000146c                StopWatch_Init
 .text.Chip_Clock_IsMainPLLEnabled
                0x000014e0       0x24 C:\Users\ndjekic\Documents\LPCXpresso_8.1.4_606\LPCOpen\lpc_chip_175x_6x\Debug\liblpc_chip_175x_6x.a(sysinit_17xx_40xx.o)
 .text.Chip_Clock_IsMainPLLLocked
                0x00001504       0x24 C:\Users\ndjekic\Documents\LPCXpresso_8.1.4_606\LPCOpen\lpc_chip_175x_6x\Debug\liblpc_chip_175x_6x.a(sysinit_17xx_40xx.o)
 .text.Chip_Clock_IsMainPLLConnected
                0x00001528       0x24 C:\Users\ndjekic\Documents\LPCXpresso_8.1.4_606\LPCOpen\lpc_chip_175x_6x\Debug\liblpc_chip_175x_6x.a(sysinit_17xx_40xx.o)
 .text.Chip_Clock_EnableCrystal
                0x0000154c       0x20 C:\Users\ndjekic\Documents\LPCXpresso_8.1.4_606\LPCOpen\lpc_chip_175x_6x\Debug\liblpc_chip_175x_6x.a(sysinit_17xx_40xx.o)
 .text.Chip_Clock_IsCrystalEnabled
                0x0000156c       0x24 C:\Users\ndjekic\Documents\LPCXpresso_8.1.4_606\LPCOpen\lpc_chip_175x_6x\Debug\liblpc_chip_175x_6x.a(sysinit_17xx_40xx.o)
 .text.Chip_Clock_SetMainPLLSource
                0x00001590       0x20 C:\Users\ndjekic\Documents\LPCXpresso_8.1.4_606\LPCOpen\lpc_chip_175x_6x\Debug\liblpc_chip_175x_6x.a(sysinit_17xx_40xx.o)
 .text.Chip_SetupXtalClocking
                0x000015b0       0x90 C:\Users\ndjekic\Documents\LPCXpresso_8.1.4_606\LPCOpen\lpc_chip_175x_6x\Debug\liblpc_chip_175x_6x.a(sysinit_17xx_40xx.o)
                0x000015b0                Chip_SetupXtalClocking
 .text.Chip_Timer_GetClockIndex
                0x00001640       0x50 C:\Users\ndjekic\Documents\LPCXpresso_8.1.4_606\LPCOpen\lpc_chip_175x_6x\Debug\liblpc_chip_175x_6x.a(timer_17xx_40xx.o)
 .text.Chip_TIMER_Init
                0x00001690       0x20 C:\Users\ndjekic\Documents\LPCXpresso_8.1.4_606\LPCOpen\lpc_chip_175x_6x\Debug\liblpc_chip_175x_6x.a(timer_17xx_40xx.o)
                0x00001690                Chip_TIMER_Init
 .text.Chip_UART_SetupFIFOS
                0x000016b0       0x1c C:\Users\ndjekic\Documents\LPCXpresso_8.1.4_606\LPCOpen\lpc_chip_175x_6x\Debug\liblpc_chip_175x_6x.a(uart_17xx_40xx.o)
 .text.Chip_UART_ConfigData
                0x000016cc       0x1c C:\Users\ndjekic\Documents\LPCXpresso_8.1.4_606\LPCOpen\lpc_chip_175x_6x\Debug\liblpc_chip_175x_6x.a(uart_17xx_40xx.o)
 .text.Chip_UART_EnableDivisorAccess
                0x000016e8       0x20 C:\Users\ndjekic\Documents\LPCXpresso_8.1.4_606\LPCOpen\lpc_chip_175x_6x\Debug\liblpc_chip_175x_6x.a(uart_17xx_40xx.o)
 .text.Chip_UART_DisableDivisorAccess
                0x00001708       0x20 C:\Users\ndjekic\Documents\LPCXpresso_8.1.4_606\LPCOpen\lpc_chip_175x_6x\Debug\liblpc_chip_175x_6x.a(uart_17xx_40xx.o)
 .text.Chip_UART_SetDivisorLatches
                0x00001728       0x28 C:\Users\ndjekic\Documents\LPCXpresso_8.1.4_606\LPCOpen\lpc_chip_175x_6x\Debug\liblpc_chip_175x_6x.a(uart_17xx_40xx.o)
 .text.Chip_UART_GetClockIndex
                0x00001750       0x50 C:\Users\ndjekic\Documents\LPCXpresso_8.1.4_606\LPCOpen\lpc_chip_175x_6x\Debug\liblpc_chip_175x_6x.a(uart_17xx_40xx.o)
 .text.Chip_UART_GetClkIndex
                0x000017a0       0x50 C:\Users\ndjekic\Documents\LPCXpresso_8.1.4_606\LPCOpen\lpc_chip_175x_6x\Debug\liblpc_chip_175x_6x.a(uart_17xx_40xx.o)
 .text.Chip_UART_Init
                0x000017f0       0x78 C:\Users\ndjekic\Documents\LPCXpresso_8.1.4_606\LPCOpen\lpc_chip_175x_6x\Debug\liblpc_chip_175x_6x.a(uart_17xx_40xx.o)
                0x000017f0                Chip_UART_Init
 .text.Chip_UART_TXEnable
                0x00001868       0x18 C:\Users\ndjekic\Documents\LPCXpresso_8.1.4_606\LPCOpen\lpc_chip_175x_6x\Debug\liblpc_chip_175x_6x.a(uart_17xx_40xx.o)
                0x00001868                Chip_UART_TXEnable
 .text.Chip_UART_TXDisable
                0x00001880       0x18 C:\Users\ndjekic\Documents\LPCXpresso_8.1.4_606\LPCOpen\lpc_chip_175x_6x\Debug\liblpc_chip_175x_6x.a(uart_17xx_40xx.o)
                0x00001880                Chip_UART_TXDisable
 .text.Chip_UART_SetBaud
                0x00001898       0x64 C:\Users\ndjekic\Documents\LPCXpresso_8.1.4_606\LPCOpen\lpc_chip_175x_6x\Debug\liblpc_chip_175x_6x.a(uart_17xx_40xx.o)
                0x00001898                Chip_UART_SetBaud
 .text.EPAdr    0x000018fc       0x10 C:\Users\ndjekic\Documents\LPCXpresso_8.1.4_606\LPCOpen\lpc_chip_175x_6x\libs\libusbd_175x_6x_lib.a(hw_usbd_ip3503.o)
                0x000018fc                EPAdr
 .text.hwWrCmd  0x0000190c       0x10 C:\Users\ndjekic\Documents\LPCXpresso_8.1.4_606\LPCOpen\lpc_chip_175x_6x\libs\libusbd_175x_6x_lib.a(hw_usbd_ip3503.o)
                0x0000190c                hwWrCmd
 .text.hwWrCmdDat
                0x0000191c       0x16 C:\Users\ndjekic\Documents\LPCXpresso_8.1.4_606\LPCOpen\lpc_chip_175x_6x\libs\libusbd_175x_6x_lib.a(hw_usbd_ip3503.o)
                0x0000191c                hwWrCmdDat
 .text.hwWrCmdEP
                0x00001932       0x24 C:\Users\ndjekic\Documents\LPCXpresso_8.1.4_606\LPCOpen\lpc_chip_175x_6x\libs\libusbd_175x_6x_lib.a(hw_usbd_ip3503.o)
                0x00001932                hwWrCmdEP
 .text.hwRdCmdDat
                0x00001956       0x12 C:\Users\ndjekic\Documents\LPCXpresso_8.1.4_606\LPCOpen\lpc_chip_175x_6x\libs\libusbd_175x_6x_lib.a(hw_usbd_ip3503.o)
                0x00001956                hwRdCmdDat
 .text.hwUSB_GetMemSize
                0x00001968        0x6 C:\Users\ndjekic\Documents\LPCXpresso_8.1.4_606\LPCOpen\lpc_chip_175x_6x\libs\libusbd_175x_6x_lib.a(hw_usbd_ip3503.o)
                0x00001968                hwUSB_GetMemSize
 *fill*         0x0000196e        0x2 ff
 .text.hwUSB_Connect
                0x00001970       0x1c C:\Users\ndjekic\Documents\LPCXpresso_8.1.4_606\LPCOpen\lpc_chip_175x_6x\libs\libusbd_175x_6x_lib.a(hw_usbd_ip3503.o)
                0x00001970                hwUSB_Connect
 .text.hwUSB_Reset
                0x0000198c       0x30 C:\Users\ndjekic\Documents\LPCXpresso_8.1.4_606\LPCOpen\lpc_chip_175x_6x\libs\libusbd_175x_6x_lib.a(hw_usbd_ip3503.o)
                0x0000198c                hwUSB_Reset
 .text.hwUSB_WakeUp
                0x000019bc       0x20 C:\Users\ndjekic\Documents\LPCXpresso_8.1.4_606\LPCOpen\lpc_chip_175x_6x\libs\libusbd_175x_6x_lib.a(hw_usbd_ip3503.o)
                0x000019bc                hwUSB_WakeUp
 .text.hwUSB_WakeUpCfg
                0x000019dc        0x2 C:\Users\ndjekic\Documents\LPCXpresso_8.1.4_606\LPCOpen\lpc_chip_175x_6x\libs\libusbd_175x_6x_lib.a(hw_usbd_ip3503.o)
                0x000019dc                hwUSB_WakeUpCfg
 *fill*         0x000019de        0x2 ff
 .text.hwUSB_SetAddress
                0x000019e0       0x30 C:\Users\ndjekic\Documents\LPCXpresso_8.1.4_606\LPCOpen\lpc_chip_175x_6x\libs\libusbd_175x_6x_lib.a(hw_usbd_ip3503.o)
                0x000019e0                hwUSB_SetAddress
 .text.hwUSB_Init
                0x00001a10       0x84 C:\Users\ndjekic\Documents\LPCXpresso_8.1.4_606\LPCOpen\lpc_chip_175x_6x\libs\libusbd_175x_6x_lib.a(hw_usbd_ip3503.o)
                0x00001a10                hwUSB_Init
 .text.hwUSB_Configure
                0x00001a94       0x34 C:\Users\ndjekic\Documents\LPCXpresso_8.1.4_606\LPCOpen\lpc_chip_175x_6x\libs\libusbd_175x_6x_lib.a(hw_usbd_ip3503.o)
                0x00001a94                hwUSB_Configure
 .text.hwUSB_ConfigEP
                0x00001ac8       0x32 C:\Users\ndjekic\Documents\LPCXpresso_8.1.4_606\LPCOpen\lpc_chip_175x_6x\libs\libusbd_175x_6x_lib.a(hw_usbd_ip3503.o)
                0x00001ac8                hwUSB_ConfigEP
 .text.hwUSB_DirCtrlEP
                0x00001afa        0x2 C:\Users\ndjekic\Documents\LPCXpresso_8.1.4_606\LPCOpen\lpc_chip_175x_6x\libs\libusbd_175x_6x_lib.a(hw_usbd_ip3503.o)
                0x00001afa                hwUSB_DirCtrlEP
 .text.hwUSB_EnableEP
                0x00001afc       0x24 C:\Users\ndjekic\Documents\LPCXpresso_8.1.4_606\LPCOpen\lpc_chip_175x_6x\libs\libusbd_175x_6x_lib.a(hw_usbd_ip3503.o)
                0x00001afc                hwUSB_EnableEP
 .text.hwUSB_DisableEP
                0x00001b20       0x28 C:\Users\ndjekic\Documents\LPCXpresso_8.1.4_606\LPCOpen\lpc_chip_175x_6x\libs\libusbd_175x_6x_lib.a(hw_usbd_ip3503.o)
                0x00001b20                hwUSB_DisableEP
 .text.hwUSB_ResetEP
                0x00001b48       0x24 C:\Users\ndjekic\Documents\LPCXpresso_8.1.4_606\LPCOpen\lpc_chip_175x_6x\libs\libusbd_175x_6x_lib.a(hw_usbd_ip3503.o)
                0x00001b48                hwUSB_ResetEP
 .text.hwUSB_SetStallEP
                0x00001b6c       0x28 C:\Users\ndjekic\Documents\LPCXpresso_8.1.4_606\LPCOpen\lpc_chip_175x_6x\libs\libusbd_175x_6x_lib.a(hw_usbd_ip3503.o)
                0x00001b6c                hwUSB_SetStallEP
 .text.hwUSB_ClrStallEP
                0x00001b94       0x24 C:\Users\ndjekic\Documents\LPCXpresso_8.1.4_606\LPCOpen\lpc_chip_175x_6x\libs\libusbd_175x_6x_lib.a(hw_usbd_ip3503.o)
                0x00001b94                hwUSB_ClrStallEP
 .text.hwUSB_EnableEvent
                0x00001bb8       0xd8 C:\Users\ndjekic\Documents\LPCXpresso_8.1.4_606\LPCOpen\lpc_chip_175x_6x\libs\libusbd_175x_6x_lib.a(hw_usbd_ip3503.o)
                0x00001bb8                hwUSB_EnableEvent
 .text.hwUSB_ReadEP
                0x00001c90       0x80 C:\Users\ndjekic\Documents\LPCXpresso_8.1.4_606\LPCOpen\lpc_chip_175x_6x\libs\libusbd_175x_6x_lib.a(hw_usbd_ip3503.o)
                0x00001c90                hwUSB_ReadEP
 .text.hwUSB_ForceFullSpeed
                0x00001d10        0x2 C:\Users\ndjekic\Documents\LPCXpresso_8.1.4_606\LPCOpen\lpc_chip_175x_6x\libs\libusbd_175x_6x_lib.a(hw_usbd_ip3503.o)
                0x00001d10                hwUSB_ForceFullSpeed
 .text.hwUSB_SetTestMode
                0x00001d12        0x4 C:\Users\ndjekic\Documents\LPCXpresso_8.1.4_606\LPCOpen\lpc_chip_175x_6x\libs\libusbd_175x_6x_lib.a(hw_usbd_ip3503.o)
                0x00001d12                hwUSB_SetTestMode
 .text.hwUSB_ReadReqEP
                0x00001d16        0x4 C:\Users\ndjekic\Documents\LPCXpresso_8.1.4_606\LPCOpen\lpc_chip_175x_6x\libs\libusbd_175x_6x_lib.a(hw_usbd_ip3503.o)
                0x00001d16                hwUSB_ReadReqEP
 .text.hwUSB_ReadSetupPkt
                0x00001d1a        0x4 C:\Users\ndjekic\Documents\LPCXpresso_8.1.4_606\LPCOpen\lpc_chip_175x_6x\libs\libusbd_175x_6x_lib.a(hw_usbd_ip3503.o)
                0x00001d1a                hwUSB_ReadSetupPkt
 *fill*         0x00001d1e        0x2 ff
 .text.hwUSB_WriteEP
                0x00001d20       0x44 C:\Users\ndjekic\Documents\LPCXpresso_8.1.4_606\LPCOpen\lpc_chip_175x_6x\libs\libusbd_175x_6x_lib.a(hw_usbd_ip3503.o)
                0x00001d20                hwUSB_WriteEP
 .text.hwUSB_ISR
                0x00001d64      0x1a0 C:\Users\ndjekic\Documents\LPCXpresso_8.1.4_606\LPCOpen\lpc_chip_175x_6x\libs\libusbd_175x_6x_lib.a(hw_usbd_ip3503.o)
                0x00001d64                hwUSB_ISR
 .text.mwCDC_SetRequest
                0x00001f04       0x7c C:\Users\ndjekic\Documents\LPCXpresso_8.1.4_606\LPCOpen\lpc_chip_175x_6x\libs\libusbd_175x_6x_lib.a(mw_usbd_cdcuser.o)
                0x00001f04                mwCDC_SetRequest
 .text.mwCDC_ep0_hdlr
                0x00001f80       0xb0 C:\Users\ndjekic\Documents\LPCXpresso_8.1.4_606\LPCOpen\lpc_chip_175x_6x\libs\libusbd_175x_6x_lib.a(mw_usbd_cdcuser.o)
                0x00001f80                mwCDC_ep0_hdlr
 .text.mwCDC_GetRequest
                0x00002030       0x50 C:\Users\ndjekic\Documents\LPCXpresso_8.1.4_606\LPCOpen\lpc_chip_175x_6x\libs\libusbd_175x_6x_lib.a(mw_usbd_cdcuser.o)
                0x00002030                mwCDC_GetRequest
 .text.mwCDC_SendNotification
                0x00002080       0x50 C:\Users\ndjekic\Documents\LPCXpresso_8.1.4_606\LPCOpen\lpc_chip_175x_6x\libs\libusbd_175x_6x_lib.a(mw_usbd_cdcuser.o)
                0x00002080                mwCDC_SendNotification
 .text.mwCDC_GetMemSize
                0x000020d0        0x4 C:\Users\ndjekic\Documents\LPCXpresso_8.1.4_606\LPCOpen\lpc_chip_175x_6x\libs\libusbd_175x_6x_lib.a(mw_usbd_cdcuser.o)
                0x000020d0                mwCDC_GetMemSize
 .text.mwCDC_init
                0x000020d4      0x140 C:\Users\ndjekic\Documents\LPCXpresso_8.1.4_606\LPCOpen\lpc_chip_175x_6x\libs\libusbd_175x_6x_lib.a(mw_usbd_cdcuser.o)
                0x000020d4                mwCDC_init
 .text.USB_ReqGetConfiguration
                0x00002214       0x20 C:\Users\ndjekic\Documents\LPCXpresso_8.1.4_606\LPCOpen\lpc_chip_175x_6x\libs\libusbd_175x_6x_lib.a(mw_usbd_core.o)
                0x00002214                USB_ReqGetConfiguration
 .text.USBD_virt_to_phys
                0x00002234        0x2 C:\Users\ndjekic\Documents\LPCXpresso_8.1.4_606\LPCOpen\lpc_chip_175x_6x\libs\libusbd_175x_6x_lib.a(mw_usbd_core.o)
                0x00002234                USBD_virt_to_phys
 .text.USBD_cache_flush
                0x00002236        0x2 C:\Users\ndjekic\Documents\LPCXpresso_8.1.4_606\LPCOpen\lpc_chip_175x_6x\libs\libusbd_175x_6x_lib.a(mw_usbd_core.o)
                0x00002236                USBD_cache_flush
 .text.USB_ReqGetStatus
                0x00002238       0x8c C:\Users\ndjekic\Documents\LPCXpresso_8.1.4_606\LPCOpen\lpc_chip_175x_6x\libs\libusbd_175x_6x_lib.a(mw_usbd_core.o)
                0x00002238                USB_ReqGetStatus
 .text.USB_ReqGetDescriptor
                0x000022c4       0x84 C:\Users\ndjekic\Documents\LPCXpresso_8.1.4_606\LPCOpen\lpc_chip_175x_6x\libs\libusbd_175x_6x_lib.a(mw_usbd_core.o)
                0x000022c4                USB_ReqGetDescriptor
 .text.USB_ReqGetInterface
                0x00002348       0x34 C:\Users\ndjekic\Documents\LPCXpresso_8.1.4_606\LPCOpen\lpc_chip_175x_6x\libs\libusbd_175x_6x_lib.a(mw_usbd_core.o)
                0x00002348                USB_ReqGetInterface
 .text.USB_ReqSetClrFeature
                0x0000237c       0xb4 C:\Users\ndjekic\Documents\LPCXpresso_8.1.4_606\LPCOpen\lpc_chip_175x_6x\libs\libusbd_175x_6x_lib.a(mw_usbd_core.o)
                0x0000237c                USB_ReqSetClrFeature
 .text.USB_ReqSetConfiguration
                0x00002430      0x194 C:\Users\ndjekic\Documents\LPCXpresso_8.1.4_606\LPCOpen\lpc_chip_175x_6x\libs\libusbd_175x_6x_lib.a(mw_usbd_core.o)
                0x00002430                USB_ReqSetConfiguration
 .text.USB_ReqSetInterface
                0x000025c4      0x144 C:\Users\ndjekic\Documents\LPCXpresso_8.1.4_606\LPCOpen\lpc_chip_175x_6x\libs\libusbd_175x_6x_lib.a(mw_usbd_core.o)
                0x000025c4                USB_ReqSetInterface
 .text.mwUSB_SetupStage
                0x00002708        0xa C:\Users\ndjekic\Documents\LPCXpresso_8.1.4_606\LPCOpen\lpc_chip_175x_6x\libs\libusbd_175x_6x_lib.a(mw_usbd_core.o)
                0x00002708                mwUSB_SetupStage
 .text.mwUSB_DataInStage
                0x00002712       0x2e C:\Users\ndjekic\Documents\LPCXpresso_8.1.4_606\LPCOpen\lpc_chip_175x_6x\libs\libusbd_175x_6x_lib.a(mw_usbd_core.o)
                0x00002712                mwUSB_DataInStage
 .text.mwUSB_DataOutStage
                0x00002740       0x24 C:\Users\ndjekic\Documents\LPCXpresso_8.1.4_606\LPCOpen\lpc_chip_175x_6x\libs\libusbd_175x_6x_lib.a(mw_usbd_core.o)
                0x00002740                mwUSB_DataOutStage
 .text.mwUSB_StatusInStage
                0x00002764        0xa C:\Users\ndjekic\Documents\LPCXpresso_8.1.4_606\LPCOpen\lpc_chip_175x_6x\libs\libusbd_175x_6x_lib.a(mw_usbd_core.o)
                0x00002764                mwUSB_StatusInStage
 .text.mwUSB_StatusOutStage
                0x0000276e        0xa C:\Users\ndjekic\Documents\LPCXpresso_8.1.4_606\LPCOpen\lpc_chip_175x_6x\libs\libusbd_175x_6x_lib.a(mw_usbd_core.o)
                0x0000276e                mwUSB_StatusOutStage
 .text.mwUSB_StallEp0
                0x00002778       0x12 C:\Users\ndjekic\Documents\LPCXpresso_8.1.4_606\LPCOpen\lpc_chip_175x_6x\libs\libusbd_175x_6x_lib.a(mw_usbd_core.o)
                0x00002778                mwUSB_StallEp0
 *fill*         0x0000278a        0x2 ff
 .text.USB_ReqSetAddress
                0x0000278c       0x24 C:\Users\ndjekic\Documents\LPCXpresso_8.1.4_606\LPCOpen\lpc_chip_175x_6x\libs\libusbd_175x_6x_lib.a(mw_usbd_core.o)
                0x0000278c                USB_ReqSetAddress
 .text.USB_InvokeEp0Hdlrs
                0x000027b0       0x44 C:\Users\ndjekic\Documents\LPCXpresso_8.1.4_606\LPCOpen\lpc_chip_175x_6x\libs\libusbd_175x_6x_lib.a(mw_usbd_core.o)
                0x000027b0                USB_InvokeEp0Hdlrs
 .text.mwUSB_ResetCore
                0x000027f4       0x26 C:\Users\ndjekic\Documents\LPCXpresso_8.1.4_606\LPCOpen\lpc_chip_175x_6x\libs\libusbd_175x_6x_lib.a(mw_usbd_core.o)
                0x000027f4                mwUSB_ResetCore
 *fill*         0x0000281a        0x2 ff
 .text.USB_EvtSetupHandler
                0x0000281c      0x108 C:\Users\ndjekic\Documents\LPCXpresso_8.1.4_606\LPCOpen\lpc_chip_175x_6x\libs\libusbd_175x_6x_lib.a(mw_usbd_core.o)
                0x0000281c                USB_EvtSetupHandler
 .text.USB_EvtOutHandler
                0x00002924       0x68 C:\Users\ndjekic\Documents\LPCXpresso_8.1.4_606\LPCOpen\lpc_chip_175x_6x\libs\libusbd_175x_6x_lib.a(mw_usbd_core.o)
                0x00002924                USB_EvtOutHandler
 .text.USB_EndPoint0
                0x0000298c       0x94 C:\Users\ndjekic\Documents\LPCXpresso_8.1.4_606\LPCOpen\lpc_chip_175x_6x\libs\libusbd_175x_6x_lib.a(mw_usbd_core.o)
                0x0000298c                USB_EndPoint0
 .text.mwUSB_InitCore
                0x00002a20       0xdc C:\Users\ndjekic\Documents\LPCXpresso_8.1.4_606\LPCOpen\lpc_chip_175x_6x\libs\libusbd_175x_6x_lib.a(mw_usbd_core.o)
                0x00002a20                mwUSB_InitCore
 .text.mwUSB_RegisterClassHandler
                0x00002afc       0x28 C:\Users\ndjekic\Documents\LPCXpresso_8.1.4_606\LPCOpen\lpc_chip_175x_6x\libs\libusbd_175x_6x_lib.a(mw_usbd_core.o)
                0x00002afc                mwUSB_RegisterClassHandler
 .text.mwUSB_RegisterEpHandler
                0x00002b24       0x24 C:\Users\ndjekic\Documents\LPCXpresso_8.1.4_606\LPCOpen\lpc_chip_175x_6x\libs\libusbd_175x_6x_lib.a(mw_usbd_core.o)
                0x00002b24                mwUSB_RegisterEpHandler
 .text.__main   0x00002b48       0x14 c:/nxp/lpcxpresso_8.1.4_606/lpcxpresso/tools/bin/../lib/gcc/arm-none-eabi/5.2.1/../../../../arm-none-eabi/lib/armv7-m\libcr_nohost.a(_cr__main.o)
                0x00002b48                __main
 .text.memcpy   0x00002b5c        0x4 c:/nxp/lpcxpresso_8.1.4_606/lpcxpresso/tools/bin/../lib/gcc/arm-none-eabi/5.2.1/../../../../arm-none-eabi/lib/armv7-m\libcr_c.a(memcpy.o)
                0x00002b5c                memcpy
 .text.memset   0x00002b60        0x4 c:/nxp/lpcxpresso_8.1.4_606/lpcxpresso/tools/bin/../lib/gcc/arm-none-eabi/5.2.1/../../../../arm-none-eabi/lib/armv7-m\libcr_c.a(memset.o)
                0x00002b60                memset
 .text._initio  0x00002b64       0xa4 c:/nxp/lpcxpresso_8.1.4_606/lpcxpresso/tools/bin/../lib/gcc/arm-none-eabi/5.2.1/../../../../arm-none-eabi/lib/armv7-m\libcr_c.a(initio.o)
                0x00002b64                _initio
 .text.setvbuf  0x00002c08       0x40 c:/nxp/lpcxpresso_8.1.4_606/lpcxpresso/tools/bin/../lib/gcc/arm-none-eabi/5.2.1/../../../../arm-none-eabi/lib/armv7-m\libcr_c.a(setvbuf.o)
                0x00002c08                setvbuf
 .text._deferredlazyseek
                0x00002c48       0x44 c:/nxp/lpcxpresso_8.1.4_606/lpcxpresso/tools/bin/../lib/gcc/arm-none-eabi/5.2.1/../../../../arm-none-eabi/lib/armv7-m\libcr_c.a(_deferredlazyseek.o)
                0x00002c48                _deferredlazyseek
 .text._fdopen  0x00002c8c       0x6a c:/nxp/lpcxpresso_8.1.4_606/lpcxpresso/tools/bin/../lib/gcc/arm-none-eabi/5.2.1/../../../../arm-none-eabi/lib/armv7-m\libcr_c.a(_fdopen.o)
                0x00002c8c                _fdopen
 .text._fflush  0x00002cf6       0x58 c:/nxp/lpcxpresso_8.1.4_606/lpcxpresso/tools/bin/../lib/gcc/arm-none-eabi/5.2.1/../../../../arm-none-eabi/lib/armv7-m\libcr_c.a(_fflush.o)
                0x00002cf6                _fflush
 *fill*         0x00002d4e        0x2 ff
 .text._Cwritebuf
                0x00002d50       0x68 c:/nxp/lpcxpresso_8.1.4_606/lpcxpresso/tools/bin/../lib/gcc/arm-none-eabi/5.2.1/../../../../arm-none-eabi/lib/armv7-m\libcr_c.a(_writebuf.o)
                0x00002d50                _Cwritebuf
 .text.malloc   0x00002db8       0xc8 c:/nxp/lpcxpresso_8.1.4_606/lpcxpresso/tools/bin/../lib/gcc/arm-none-eabi/5.2.1/../../../../arm-none-eabi/lib/armv7-m\libcr_c.a(alloc.o)
                0x00002db8                malloc
 .text.free     0x00002e80       0x30 c:/nxp/lpcxpresso_8.1.4_606/lpcxpresso/tools/bin/../lib/gcc/arm-none-eabi/5.2.1/../../../../arm-none-eabi/lib/armv7-m\libcr_c.a(alloc.o)
                0x00002e80                free
 .text._Csys_alloc
                0x00002eb0       0x20 c:/nxp/lpcxpresso_8.1.4_606/lpcxpresso/tools/bin/../lib/gcc/arm-none-eabi/5.2.1/../../../../arm-none-eabi/lib/armv7-m\libcr_c.a(alloc.o)
                0x00002eb0                _Csys_alloc
 .text.fclose   0x00002ed0       0x6c c:/nxp/lpcxpresso_8.1.4_606/lpcxpresso/tools/bin/../lib/gcc/arm-none-eabi/5.2.1/../../../../arm-none-eabi/lib/armv7-m\libcr_c.a(fclose.o)
                0x00002ed0                fclose
 .text.fflush   0x00002f3c       0x30 c:/nxp/lpcxpresso_8.1.4_606/lpcxpresso/tools/bin/../lib/gcc/arm-none-eabi/5.2.1/../../../../arm-none-eabi/lib/armv7-m\libcr_c.a(fflush.o)
                0x00002f3c                fflush
 .text.fseek    0x00002f6c      0x110 c:/nxp/lpcxpresso_8.1.4_606/lpcxpresso/tools/bin/../lib/gcc/arm-none-eabi/5.2.1/../../../../arm-none-eabi/lib/armv7-m\libcr_c.a(fseek.o)
                0x00002f6c                fseek
 .text.ftell    0x0000307c       0x4c c:/nxp/lpcxpresso_8.1.4_606/lpcxpresso/tools/bin/../lib/gcc/arm-none-eabi/5.2.1/../../../../arm-none-eabi/lib/armv7-m\libcr_c.a(ftell.o)
                0x0000307c                ftell
 .text.remove   0x000030c8       0x14 c:/nxp/lpcxpresso_8.1.4_606/lpcxpresso/tools/bin/../lib/gcc/arm-none-eabi/5.2.1/../../../../arm-none-eabi/lib/armv7-m\libcr_c.a(remove.o)
                0x000030c8                remove
 .text.strlen   0x000030dc       0x4a c:/nxp/lpcxpresso_8.1.4_606/lpcxpresso/tools/bin/../lib/gcc/arm-none-eabi/5.2.1/../../../../arm-none-eabi/lib/armv7-m\libcr_c.a(strlen.o)
                0x000030dc                strlen
 *fill*         0x00003126        0x2 ff
 .text._sbrk    0x00003128       0x40 c:/nxp/lpcxpresso_8.1.4_606/lpcxpresso/tools/bin/../lib/gcc/arm-none-eabi/5.2.1/../../../../arm-none-eabi/lib/armv7-m\libcr_c.a(_cr_sbrk.o)
                0x00003128                _sbrk
 .text._do_fflush
                0x00003168       0x44 c:/nxp/lpcxpresso_8.1.4_606/lpcxpresso/tools/bin/../lib/gcc/arm-none-eabi/5.2.1/../../../../arm-none-eabi/lib/armv7-m\libcr_c.a(_do_fflush.o)
                0x00003168                _do_fflush
 .text.__check_heap_overflow
                0x000031ac       0x18 c:/nxp/lpcxpresso_8.1.4_606/lpcxpresso/tools/bin/../lib/gcc/arm-none-eabi/5.2.1/../../../../arm-none-eabi/lib/armv7-m\libcr_c.a(_cr_check_heap.o)
                0x000031ac                __check_heap_overflow
 .text.__aeabi_memcpy
                0x000031c4       0x34 c:/nxp/lpcxpresso_8.1.4_606/lpcxpresso/tools/bin/../lib/gcc/arm-none-eabi/5.2.1/armv7-m\libcr_eabihelpers.a(memcpy.o)
                0x000031c4                __aeabi_memcpy
                0x000031ce                __aeabi_memcpy8
                0x000031ce                __aeabi_memcpy4
 .text.__aeabi_memset_lowlevel
                0x000031f8       0x32 c:/nxp/lpcxpresso_8.1.4_606/lpcxpresso/tools/bin/../lib/gcc/arm-none-eabi/5.2.1/armv7-m\libcr_eabihelpers.a(memcpy.o)
                0x000031f8                __aeabi_lowlevel_memset
 .text.__sys_appexit
                0x0000322a        0x2 c:/nxp/lpcxpresso_8.1.4_606/lpcxpresso/tools/bin/../lib/gcc/arm-none-eabi/5.2.1/../../../../arm-none-eabi/lib/armv7-m\libcr_nohost.a(__sys_appexit.o)
                0x0000322a                __sys_appexit
                0x0000322a                __exit
 .text.__sys_close
                0x0000322c        0x6 c:/nxp/lpcxpresso_8.1.4_606/lpcxpresso/tools/bin/../lib/gcc/arm-none-eabi/5.2.1/../../../../arm-none-eabi/lib/armv7-m\libcr_nohost.a(__sys_close.o)
                0x0000322c                __sys_close
 .text.__sys_flen
                0x00003232        0x6 c:/nxp/lpcxpresso_8.1.4_606/lpcxpresso/tools/bin/../lib/gcc/arm-none-eabi/5.2.1/../../../../arm-none-eabi/lib/armv7-m\libcr_nohost.a(__sys_flen.o)
                0x00003232                __sys_flen
 .text.__sys_istty
                0x00003238        0x6 c:/nxp/lpcxpresso_8.1.4_606/lpcxpresso/tools/bin/../lib/gcc/arm-none-eabi/5.2.1/../../../../arm-none-eabi/lib/armv7-m\libcr_nohost.a(__sys_istty.o)
                0x00003238                __sys_istty
 .text.__sys_remove
                0x0000323e        0x6 c:/nxp/lpcxpresso_8.1.4_606/lpcxpresso/tools/bin/../lib/gcc/arm-none-eabi/5.2.1/../../../../arm-none-eabi/lib/armv7-m\libcr_nohost.a(__sys_remove.o)
                0x0000323e                __sys_remove
 .text.__sys_seek
                0x00003244        0x6 c:/nxp/lpcxpresso_8.1.4_606/lpcxpresso/tools/bin/../lib/gcc/arm-none-eabi/5.2.1/../../../../arm-none-eabi/lib/armv7-m\libcr_nohost.a(__sys_seek.o)
                0x00003244                __sys_seek
 .text.__sys_tmpnam
                0x0000324a        0x6 c:/nxp/lpcxpresso_8.1.4_606/lpcxpresso/tools/bin/../lib/gcc/arm-none-eabi/5.2.1/../../../../arm-none-eabi/lib/armv7-m\libcr_nohost.a(__sys_tmpnam.o)
                0x0000324a                __sys_tmpnam
 *(.rodata .rodata.* .constdata .constdata.*)
 .rodata.USB_DeviceDescriptor
                0x00003250       0x12 ./example/usb_driver_c_files/cdc_desc.o
                0x00003250                USB_DeviceDescriptor
 *fill*         0x00003262        0x2 ff
 .rodata.USB_StringDescriptor
                0x00003264       0x38 ./example/usb_driver_c_files/cdc_desc.o
                0x00003264                USB_StringDescriptor
 .rodata        0x0000329c      0x111 ./example/relay_module_c_files/relay_module.o
 *fill*         0x000033ad        0x3 ff
 .rodata.g_usbApi
                0x000033b0       0x20 ./example/main/main.o
 .rodata        0x000033d0       0x31 ./example/main/main.o
 *fill*         0x00003401        0x3 ff
 .rodata.OscRateIn
                0x00003404        0x4 C:\Users\ndjekic\Documents\LPCXpresso_8.1.4_606\LPCOpen\lpc_board_nxp_lpcxpresso_1769\Debug\liblpc_board_nxp_lpcxpresso_1769.a(board.o)
                0x00003404                OscRateIn
 .rodata.RTCOscRateIn
                0x00003408        0x4 C:\Users\ndjekic\Documents\LPCXpresso_8.1.4_606\LPCOpen\lpc_board_nxp_lpcxpresso_1769\Debug\liblpc_board_nxp_lpcxpresso_1769.a(board.o)
                0x00003408                RTCOscRateIn
 .rodata.pinmuxing
                0x0000340c       0x5c C:\Users\ndjekic\Documents\LPCXpresso_8.1.4_606\LPCOpen\lpc_board_nxp_lpcxpresso_1769\Debug\liblpc_board_nxp_lpcxpresso_1769.a(board_sysinit.o)
 .rodata.hw_api
                0x00003468       0x5c C:\Users\ndjekic\Documents\LPCXpresso_8.1.4_606\LPCOpen\lpc_chip_175x_6x\libs\libusbd_175x_6x_lib.a(mw_usbd_rom_api.o)
                0x00003468                hw_api
 .rodata.core_api
                0x000034c4       0x20 C:\Users\ndjekic\Documents\LPCXpresso_8.1.4_606\LPCOpen\lpc_chip_175x_6x\libs\libusbd_175x_6x_lib.a(mw_usbd_rom_api.o)
                0x000034c4                core_api
 .rodata.cdc_api
                0x000034e4        0xc C:\Users\ndjekic\Documents\LPCXpresso_8.1.4_606\LPCOpen\lpc_chip_175x_6x\libs\libusbd_175x_6x_lib.a(mw_usbd_rom_api.o)
                0x000034e4                cdc_api
 .rodata.str1.1
                0x000034f0        0x4 c:/nxp/lpcxpresso_8.1.4_606/lpcxpresso/tools/bin/../lib/gcc/arm-none-eabi/5.2.1/../../../../arm-none-eabi/lib/armv7-m\libcr_c.a(initio.o)
 .rodata.str1.1
                0x000034f4       0x18 c:/nxp/lpcxpresso_8.1.4_606/lpcxpresso/tools/bin/../lib/gcc/arm-none-eabi/5.2.1/../../../../arm-none-eabi/lib/armv7-m\libcr_c.a(alloc.o)
                0x0000350c                . = ALIGN (0x4)

.glue_7         0x0000350c        0x0
 .glue_7        0x0000350c        0x0 linker stubs

.glue_7t        0x0000350c        0x0
 .glue_7t       0x0000350c        0x0 linker stubs

.vfp11_veneer   0x0000350c        0x0
 .vfp11_veneer  0x0000350c        0x0 linker stubs

.v4_bx          0x0000350c        0x0
 .v4_bx         0x0000350c        0x0 linker stubs

.iplt           0x0000350c        0x0
 .iplt          0x0000350c        0x0 ./example/usb_driver_c_files/cdc_desc.o

.rel.dyn        0x0000350c        0x0
 .rel.iplt      0x0000350c        0x0 ./example/usb_driver_c_files/cdc_desc.o

.ARM.extab
 *(.ARM.extab* .gnu.linkonce.armextab.*)
                0x0000350c                __exidx_start = .

.ARM.exidx
 *(.ARM.exidx* .gnu.linkonce.armexidx.*)
                0x0000350c                __exidx_end = .
                0x0000350c                _etext = .

.data_RAM2      0x2007c000        0x0 load address 0x0000350c
 FILL mask 0xff
                [!provide]                PROVIDE (__start_data_RAM2, .)
 *(.ramfunc.$RAM2)
 *(.ramfunc.$RamAHB32)
 *(.data.$RAM2*)
 *(.data.$RamAHB32*)
                0x2007c000                . = ALIGN (0x4)
                [!provide]                PROVIDE (__end_data_RAM2, .)

.uninit_RESERVED
                0x10000000        0x0
 *(.bss.$RESERVED*)
                0x10000000                . = ALIGN (0x4)
                0x10000000                _end_uninit_RESERVED = .

.data           0x10000000       0x50 load address 0x0000350c
 FILL mask 0xff
                0x10000000                _data = .
 *(vtable)
 *(.ramfunc*)
 *(.data*)
 .data.USB_FsConfigDescriptor
                0x10000000       0x4c ./example/usb_driver_c_files/cdc_desc.o
                0x10000000                USB_FsConfigDescriptor
 .data.g_pUsbApi
                0x1000004c        0x4 ./example/main/main.o
                0x1000004c                g_pUsbApi
                0x10000050                . = ALIGN (0x4)
                0x10000050                _edata = .

.igot.plt       0x10000050        0x0 load address 0x0000355c
 .igot.plt      0x10000050        0x0 ./example/usb_driver_c_files/cdc_desc.o

.bss_RAM2       0x2007c000        0x0
                [!provide]                PROVIDE (__start_bss_RAM2, .)
 *(.bss.$RAM2*)
 *(.bss.$RamAHB32*)
                0x2007c000                . = ALIGN ((. != 0x0)?0x4:0x1)
                [!provide]                PROVIDE (__end_bss_RAM2, .)

.bss            0x10000050      0x280
                0x10000050                _bss = .
 *(.bss*)
 .bss.Relay_1_flag
                0x10000050        0x4 ./example/relay_module_c_files/relay_module.o
                0x10000050                Relay_1_flag
 .bss.Relay_2_flag
                0x10000054        0x4 ./example/relay_module_c_files/relay_module.o
                0x10000054                Relay_2_flag
 .bss.g_hUsb    0x10000058        0x4 ./example/main/main.o
 .bss.g_rxBuff  0x1000005c      0x100 ./example/main/main.o
 .bss.ticksPerSecond
                0x1000015c        0x4 C:\Users\ndjekic\Documents\LPCXpresso_8.1.4_606\LPCOpen\lpc_chip_175x_6x\Debug\liblpc_chip_175x_6x.a(stopwatch_17xx_40xx.o)
 .bss.ticksPerMs
                0x10000160        0x4 C:\Users\ndjekic\Documents\LPCXpresso_8.1.4_606\LPCOpen\lpc_chip_175x_6x\Debug\liblpc_chip_175x_6x.a(stopwatch_17xx_40xx.o)
 .bss.ticksPerUs
                0x10000164        0x4 C:\Users\ndjekic\Documents\LPCXpresso_8.1.4_606\LPCOpen\lpc_chip_175x_6x\Debug\liblpc_chip_175x_6x.a(stopwatch_17xx_40xx.o)
 .bss._extra    0x10000168        0x4 c:/nxp/lpcxpresso_8.1.4_606/lpcxpresso/tools/bin/../lib/gcc/arm-none-eabi/5.2.1/../../../../arm-none-eabi/lib/armv7-m\libcr_c.a(initio.o)
                0x10000168                _extra
 .bss.__Ciob    0x1000016c      0x140 c:/nxp/lpcxpresso_8.1.4_606/lpcxpresso/tools/bin/../lib/gcc/arm-none-eabi/5.2.1/../../../../arm-none-eabi/lib/armv7-m\libcr_c.a(stdio.o)
                0x1000016c                __Ciob
 .bss.__heaps   0x100002ac        0x4 c:/nxp/lpcxpresso_8.1.4_606/lpcxpresso/tools/bin/../lib/gcc/arm-none-eabi/5.2.1/../../../../arm-none-eabi/lib/armv7-m\libcr_c.a(__init_alloc.o)
                0x100002ac                __heaps
 .bss.__end_of_heap
                0x100002b0        0x4 c:/nxp/lpcxpresso_8.1.4_606/lpcxpresso/tools/bin/../lib/gcc/arm-none-eabi/5.2.1/../../../../arm-none-eabi/lib/armv7-m\libcr_c.a(__init_alloc.o)
                0x100002b0                __end_of_heap
 .bss.errno     0x100002b4        0x4 c:/nxp/lpcxpresso_8.1.4_606/lpcxpresso/tools/bin/../lib/gcc/arm-none-eabi/5.2.1/../../../../arm-none-eabi/lib/armv7-m\libcr_c.a(errno.o)
                0x100002b4                errno
 *(COMMON)
 COMMON         0x100002b8       0x14 ./example/usb_driver_c_files/cdc_vcom.o
                0x100002b8                g_vCOM
 COMMON         0x100002cc        0x4 C:\Users\ndjekic\Documents\LPCXpresso_8.1.4_606\LPCOpen\lpc_chip_175x_6x\Debug\liblpc_chip_175x_6x.a(chip_17xx_40xx.o)
                0x100002cc                SystemCoreClock
                0x100002d0                . = ALIGN (0x4)
                0x100002d0                _ebss = .
                [!provide]                PROVIDE (end, .)

.noinit_RAM2    0x2007c000        0x0
 *(.noinit.$RAM2*)
 *(.noinit.$RamAHB32*)
                0x2007c000                . = ALIGN (0x4)

.noinit         0x100002d0        0x0
                0x100002d0                _noinit = .
 *(.noinit*)
                0x100002d0                . = ALIGN (0x4)
                0x100002d0                _end_noinit = .
                0x100002d0                PROVIDE (_pvHeapStart, DEFINED (__user_heap_base)?__user_heap_base:.)
                0x10008000                PROVIDE (_vStackTop, DEFINED (__user_stack_top)?__user_stack_top:(__top_RamLoc32 - 0x0))
                [!provide]                PROVIDE (__valid_user_code_checksum, (0x0 - ((((((_vStackTop + (ResetISR + 0x1)) + (NMI_Handler + 0x1)) + (HardFault_Handler + 0x1)) + (DEFINED (MemManage_Handler)?MemManage_Handler:0x0 + 0x1)) + (DEFINED (BusFault_Handler)?BusFault_Handler:0x0 + 0x1)) + (DEFINED (UsageFault_Handler)?UsageFault_Handler:0x0 + 0x1))))
OUTPUT(relay_app.axf elf32-littlearm)

.debug_info     0x00000000     0xed99
 .debug_info    0x00000000       0xee ./example/usb_driver_c_files/cdc_desc.o
 .debug_info    0x000000ee     0x1a26 ./example/usb_driver_c_files/cdc_vcom.o
 .debug_info    0x00001b14      0x53f ./example/relay_module_c_files/relay_module.o
 .debug_info    0x00002053      0x24b ./example/main/cr_startup_lpc175x_6x.o
 .debug_info    0x0000229e     0x19b1 ./example/main/main.o
 .debug_info    0x00003c4f      0x110 ./example/main/sysinit.o
 .debug_info    0x00003d5f     0x13ae C:\Users\ndjekic\Documents\LPCXpresso_8.1.4_606\LPCOpen\lpc_board_nxp_lpcxpresso_1769\Debug\liblpc_board_nxp_lpcxpresso_1769.a(board.o)
 .debug_info    0x0000510d      0x56c C:\Users\ndjekic\Documents\LPCXpresso_8.1.4_606\LPCOpen\lpc_board_nxp_lpcxpresso_1769\Debug\liblpc_board_nxp_lpcxpresso_1769.a(board_sysinit.o)
 .debug_info    0x00005679      0x51e C:\Users\ndjekic\Documents\LPCXpresso_8.1.4_606\LPCOpen\lpc_chip_175x_6x\Debug\liblpc_chip_175x_6x.a(chip_17xx_40xx.o)
 .debug_info    0x00005b97      0xb62 C:\Users\ndjekic\Documents\LPCXpresso_8.1.4_606\LPCOpen\lpc_chip_175x_6x\Debug\liblpc_chip_175x_6x.a(clock_17xx_40xx.o)
 .debug_info    0x000066f9      0x2d9 C:\Users\ndjekic\Documents\LPCXpresso_8.1.4_606\LPCOpen\lpc_chip_175x_6x\Debug\liblpc_chip_175x_6x.a(iocon_17xx_40xx.o)
 .debug_info    0x000069d2      0x3ed C:\Users\ndjekic\Documents\LPCXpresso_8.1.4_606\LPCOpen\lpc_chip_175x_6x\Debug\liblpc_chip_175x_6x.a(stopwatch_17xx_40xx.o)
 .debug_info    0x00006dbf      0x439 C:\Users\ndjekic\Documents\LPCXpresso_8.1.4_606\LPCOpen\lpc_chip_175x_6x\Debug\liblpc_chip_175x_6x.a(sysinit_17xx_40xx.o)
 .debug_info    0x000071f8      0x3f4 C:\Users\ndjekic\Documents\LPCXpresso_8.1.4_606\LPCOpen\lpc_chip_175x_6x\Debug\liblpc_chip_175x_6x.a(timer_17xx_40xx.o)
 .debug_info    0x000075ec      0xeda C:\Users\ndjekic\Documents\LPCXpresso_8.1.4_606\LPCOpen\lpc_chip_175x_6x\Debug\liblpc_chip_175x_6x.a(uart_17xx_40xx.o)
 .debug_info    0x000084c6     0x14f8 C:\Users\ndjekic\Documents\LPCXpresso_8.1.4_606\LPCOpen\lpc_chip_175x_6x\libs\libusbd_175x_6x_lib.a(mw_usbd_rom_api.o)
 .debug_info    0x000099be     0x1f77 C:\Users\ndjekic\Documents\LPCXpresso_8.1.4_606\LPCOpen\lpc_chip_175x_6x\libs\libusbd_175x_6x_lib.a(hw_usbd_ip3503.o)
 .debug_info    0x0000b935     0x14e4 C:\Users\ndjekic\Documents\LPCXpresso_8.1.4_606\LPCOpen\lpc_chip_175x_6x\libs\libusbd_175x_6x_lib.a(mw_usbd_cdcuser.o)
 .debug_info    0x0000ce19     0x1f80 C:\Users\ndjekic\Documents\LPCXpresso_8.1.4_606\LPCOpen\lpc_chip_175x_6x\libs\libusbd_175x_6x_lib.a(mw_usbd_core.o)

.debug_abbrev   0x00000000     0x2653
 .debug_abbrev  0x00000000       0x60 ./example/usb_driver_c_files/cdc_desc.o
 .debug_abbrev  0x00000060      0x29b ./example/usb_driver_c_files/cdc_vcom.o
 .debug_abbrev  0x000002fb      0x1b6 ./example/relay_module_c_files/relay_module.o
 .debug_abbrev  0x000004b1       0xf5 ./example/main/cr_startup_lpc175x_6x.o
 .debug_abbrev  0x000005a6      0x2b0 ./example/main/main.o
 .debug_abbrev  0x00000856       0xa3 ./example/main/sysinit.o
 .debug_abbrev  0x000008f9      0x379 C:\Users\ndjekic\Documents\LPCXpresso_8.1.4_606\LPCOpen\lpc_board_nxp_lpcxpresso_1769\Debug\liblpc_board_nxp_lpcxpresso_1769.a(board.o)
 .debug_abbrev  0x00000c72      0x15c C:\Users\ndjekic\Documents\LPCXpresso_8.1.4_606\LPCOpen\lpc_board_nxp_lpcxpresso_1769\Debug\liblpc_board_nxp_lpcxpresso_1769.a(board_sysinit.o)
 .debug_abbrev  0x00000dce      0x13c C:\Users\ndjekic\Documents\LPCXpresso_8.1.4_606\LPCOpen\lpc_chip_175x_6x\Debug\liblpc_chip_175x_6x.a(chip_17xx_40xx.o)
 .debug_abbrev  0x00000f0a      0x2ec C:\Users\ndjekic\Documents\LPCXpresso_8.1.4_606\LPCOpen\lpc_chip_175x_6x\Debug\liblpc_chip_175x_6x.a(clock_17xx_40xx.o)
 .debug_abbrev  0x000011f6      0x126 C:\Users\ndjekic\Documents\LPCXpresso_8.1.4_606\LPCOpen\lpc_chip_175x_6x\Debug\liblpc_chip_175x_6x.a(iocon_17xx_40xx.o)
 .debug_abbrev  0x0000131c      0x191 C:\Users\ndjekic\Documents\LPCXpresso_8.1.4_606\LPCOpen\lpc_chip_175x_6x\Debug\liblpc_chip_175x_6x.a(stopwatch_17xx_40xx.o)
 .debug_abbrev  0x000014ad      0x175 C:\Users\ndjekic\Documents\LPCXpresso_8.1.4_606\LPCOpen\lpc_chip_175x_6x\Debug\liblpc_chip_175x_6x.a(sysinit_17xx_40xx.o)
 .debug_abbrev  0x00001622      0x163 C:\Users\ndjekic\Documents\LPCXpresso_8.1.4_606\LPCOpen\lpc_chip_175x_6x\Debug\liblpc_chip_175x_6x.a(timer_17xx_40xx.o)
 .debug_abbrev  0x00001785      0x2e8 C:\Users\ndjekic\Documents\LPCXpresso_8.1.4_606\LPCOpen\lpc_chip_175x_6x\Debug\liblpc_chip_175x_6x.a(uart_17xx_40xx.o)
 .debug_abbrev  0x00001a6d      0x143 C:\Users\ndjekic\Documents\LPCXpresso_8.1.4_606\LPCOpen\lpc_chip_175x_6x\libs\libusbd_175x_6x_lib.a(mw_usbd_rom_api.o)
 .debug_abbrev  0x00001bb0      0x3b8 C:\Users\ndjekic\Documents\LPCXpresso_8.1.4_606\LPCOpen\lpc_chip_175x_6x\libs\libusbd_175x_6x_lib.a(hw_usbd_ip3503.o)
 .debug_abbrev  0x00001f68      0x2f5 C:\Users\ndjekic\Documents\LPCXpresso_8.1.4_606\LPCOpen\lpc_chip_175x_6x\libs\libusbd_175x_6x_lib.a(mw_usbd_cdcuser.o)
 .debug_abbrev  0x0000225d      0x3f6 C:\Users\ndjekic\Documents\LPCXpresso_8.1.4_606\LPCOpen\lpc_chip_175x_6x\libs\libusbd_175x_6x_lib.a(mw_usbd_core.o)

.debug_aranges  0x00000000      0x990
 .debug_aranges
                0x00000000       0x18 ./example/usb_driver_c_files/cdc_desc.o
 .debug_aranges
                0x00000018       0x68 ./example/usb_driver_c_files/cdc_vcom.o
 .debug_aranges
                0x00000080       0x88 ./example/relay_module_c_files/relay_module.o
 .debug_aranges
                0x00000108       0x80 ./example/main/cr_startup_lpc175x_6x.o
 .debug_aranges
                0x00000188       0x48 ./example/main/main.o
 .debug_aranges
                0x000001d0       0x20 ./example/main/sysinit.o
 .debug_aranges
                0x000001f0      0x160 C:\Users\ndjekic\Documents\LPCXpresso_8.1.4_606\LPCOpen\lpc_board_nxp_lpcxpresso_1769\Debug\liblpc_board_nxp_lpcxpresso_1769.a(board.o)
 .debug_aranges
                0x00000350       0x38 C:\Users\ndjekic\Documents\LPCXpresso_8.1.4_606\LPCOpen\lpc_board_nxp_lpcxpresso_1769\Debug\liblpc_board_nxp_lpcxpresso_1769.a(board_sysinit.o)
 .debug_aranges
                0x00000388       0x38 C:\Users\ndjekic\Documents\LPCXpresso_8.1.4_606\LPCOpen\lpc_chip_175x_6x\Debug\liblpc_chip_175x_6x.a(chip_17xx_40xx.o)
 .debug_aranges
                0x000003c0      0x120 C:\Users\ndjekic\Documents\LPCXpresso_8.1.4_606\LPCOpen\lpc_chip_175x_6x\Debug\liblpc_chip_175x_6x.a(clock_17xx_40xx.o)
 .debug_aranges
                0x000004e0       0x30 C:\Users\ndjekic\Documents\LPCXpresso_8.1.4_606\LPCOpen\lpc_chip_175x_6x\Debug\liblpc_chip_175x_6x.a(iocon_17xx_40xx.o)
 .debug_aranges
                0x00000510       0x68 C:\Users\ndjekic\Documents\LPCXpresso_8.1.4_606\LPCOpen\lpc_chip_175x_6x\Debug\liblpc_chip_175x_6x.a(stopwatch_17xx_40xx.o)
 .debug_aranges
                0x00000578       0x60 C:\Users\ndjekic\Documents\LPCXpresso_8.1.4_606\LPCOpen\lpc_chip_175x_6x\Debug\liblpc_chip_175x_6x.a(sysinit_17xx_40xx.o)
 .debug_aranges
                0x000005d8       0x40 C:\Users\ndjekic\Documents\LPCXpresso_8.1.4_606\LPCOpen\lpc_chip_175x_6x\Debug\liblpc_chip_175x_6x.a(timer_17xx_40xx.o)
 .debug_aranges
                0x00000618      0x128 C:\Users\ndjekic\Documents\LPCXpresso_8.1.4_606\LPCOpen\lpc_chip_175x_6x\Debug\liblpc_chip_175x_6x.a(uart_17xx_40xx.o)
 .debug_aranges
                0x00000740       0x18 C:\Users\ndjekic\Documents\LPCXpresso_8.1.4_606\LPCOpen\lpc_chip_175x_6x\libs\libusbd_175x_6x_lib.a(mw_usbd_rom_api.o)
 .debug_aranges
                0x00000758      0x118 C:\Users\ndjekic\Documents\LPCXpresso_8.1.4_606\LPCOpen\lpc_chip_175x_6x\libs\libusbd_175x_6x_lib.a(hw_usbd_ip3503.o)
 .debug_aranges
                0x00000870       0x48 C:\Users\ndjekic\Documents\LPCXpresso_8.1.4_606\LPCOpen\lpc_chip_175x_6x\libs\libusbd_175x_6x_lib.a(mw_usbd_cdcuser.o)
 .debug_aranges
                0x000008b8       0xd8 C:\Users\ndjekic\Documents\LPCXpresso_8.1.4_606\LPCOpen\lpc_chip_175x_6x\libs\libusbd_175x_6x_lib.a(mw_usbd_core.o)

.debug_macro    0x00000000     0x6513
 .debug_macro   0x00000000       0xf5 ./example/usb_driver_c_files/cdc_desc.o
 .debug_macro   0x000000f5      0x886 ./example/usb_driver_c_files/cdc_desc.o
 .debug_macro   0x0000097b       0x10 ./example/usb_driver_c_files/cdc_desc.o
 .debug_macro   0x0000098b      0x12d ./example/usb_driver_c_files/cdc_desc.o
 .debug_macro   0x00000ab8      0x5b2 ./example/usb_driver_c_files/cdc_desc.o
 .debug_macro   0x0000106a       0x22 ./example/usb_driver_c_files/cdc_desc.o
 .debug_macro   0x0000108c       0x7b ./example/usb_driver_c_files/cdc_desc.o
 .debug_macro   0x00001107       0x18 ./example/usb_driver_c_files/cdc_desc.o
 .debug_macro   0x0000111f      0x26c ./example/usb_driver_c_files/cdc_desc.o
 .debug_macro   0x0000138b       0x58 ./example/usb_driver_c_files/cdc_desc.o
 .debug_macro   0x000013e3       0x12 ./example/usb_driver_c_files/cdc_desc.o
 .debug_macro   0x000013f5       0xfa ./example/usb_driver_c_files/cdc_desc.o
 .debug_macro   0x000014ef       0xee ./example/usb_driver_c_files/cdc_desc.o
 .debug_macro   0x000015dd      0x693 ./example/usb_driver_c_files/cdc_desc.o
 .debug_macro   0x00001c70      0x272 ./example/usb_driver_c_files/cdc_desc.o
 .debug_macro   0x00001ee2       0x10 ./example/usb_driver_c_files/cdc_desc.o
 .debug_macro   0x00001ef2      0x2da ./example/usb_driver_c_files/cdc_vcom.o
 .debug_macro   0x000021cc       0x74 ./example/usb_driver_c_files/cdc_vcom.o
 .debug_macro   0x00002240       0x10 ./example/usb_driver_c_files/cdc_vcom.o
 .debug_macro   0x00002250       0x2d ./example/usb_driver_c_files/cdc_vcom.o
 .debug_macro   0x0000227d       0x3a ./example/usb_driver_c_files/cdc_vcom.o
 .debug_macro   0x000022b7       0x2d ./example/usb_driver_c_files/cdc_vcom.o
 .debug_macro   0x000022e4      0xbb1 ./example/usb_driver_c_files/cdc_vcom.o
 .debug_macro   0x00002e95      0x22c ./example/usb_driver_c_files/cdc_vcom.o
 .debug_macro   0x000030c1       0x42 ./example/usb_driver_c_files/cdc_vcom.o
 .debug_macro   0x00003103       0x52 ./example/usb_driver_c_files/cdc_vcom.o
 .debug_macro   0x00003155       0x78 ./example/usb_driver_c_files/cdc_vcom.o
 .debug_macro   0x000031cd       0x82 ./example/usb_driver_c_files/cdc_vcom.o
 .debug_macro   0x0000324f      0x48c ./example/usb_driver_c_files/cdc_vcom.o
 .debug_macro   0x000036db       0x34 ./example/usb_driver_c_files/cdc_vcom.o
 .debug_macro   0x0000370f      0x4c5 ./example/usb_driver_c_files/cdc_vcom.o
 .debug_macro   0x00003bd4      0x1b7 ./example/usb_driver_c_files/cdc_vcom.o
 .debug_macro   0x00003d8b       0x10 ./example/usb_driver_c_files/cdc_vcom.o
 .debug_macro   0x00003d9b      0x21b ./example/usb_driver_c_files/cdc_vcom.o
 .debug_macro   0x00003fb6      0x1b9 ./example/usb_driver_c_files/cdc_vcom.o
 .debug_macro   0x0000416f       0x40 ./example/usb_driver_c_files/cdc_vcom.o
 .debug_macro   0x000041af       0x22 ./example/usb_driver_c_files/cdc_vcom.o
 .debug_macro   0x000041d1      0x162 ./example/usb_driver_c_files/cdc_vcom.o
 .debug_macro   0x00004333       0x94 ./example/usb_driver_c_files/cdc_vcom.o
 .debug_macro   0x000043c7       0xb8 ./example/usb_driver_c_files/cdc_vcom.o
 .debug_macro   0x0000447f       0x4c ./example/usb_driver_c_files/cdc_vcom.o
 .debug_macro   0x000044cb       0x16 ./example/usb_driver_c_files/cdc_vcom.o
 .debug_macro   0x000044e1      0x328 ./example/usb_driver_c_files/cdc_vcom.o
 .debug_macro   0x00004809       0x49 ./example/usb_driver_c_files/cdc_vcom.o
 .debug_macro   0x00004852       0x16 ./example/usb_driver_c_files/cdc_vcom.o
 .debug_macro   0x00004868       0xca ./example/usb_driver_c_files/cdc_vcom.o
 .debug_macro   0x00004932       0x70 ./example/usb_driver_c_files/cdc_vcom.o
 .debug_macro   0x000049a2       0x9a ./example/usb_driver_c_files/cdc_vcom.o
 .debug_macro   0x00004a3c       0x20 ./example/usb_driver_c_files/cdc_vcom.o
 .debug_macro   0x00004a5c       0x28 ./example/usb_driver_c_files/cdc_vcom.o
 .debug_macro   0x00004a84       0x2e ./example/usb_driver_c_files/cdc_vcom.o
 .debug_macro   0x00004ab2      0x2f3 ./example/relay_module_c_files/relay_module.o
 .debug_macro   0x00004da5       0x76 ./example/relay_module_c_files/relay_module.o
 .debug_macro   0x00004e1b       0x58 ./example/relay_module_c_files/relay_module.o
 .debug_macro   0x00004e73       0x22 ./example/relay_module_c_files/relay_module.o
 .debug_macro   0x00004e95       0x1d ./example/main/cr_startup_lpc175x_6x.o
 .debug_macro   0x00004eb2      0x2f3 ./example/main/main.o
 .debug_macro   0x000051a5      0x217 ./example/main/sysinit.o
 .debug_macro   0x000053bc      0x289 C:\Users\ndjekic\Documents\LPCXpresso_8.1.4_606\LPCOpen\lpc_board_nxp_lpcxpresso_1769\Debug\liblpc_board_nxp_lpcxpresso_1769.a(board.o)
 .debug_macro   0x00005645       0x12 C:\Users\ndjekic\Documents\LPCXpresso_8.1.4_606\LPCOpen\lpc_board_nxp_lpcxpresso_1769\Debug\liblpc_board_nxp_lpcxpresso_1769.a(board.o)
 .debug_macro   0x00005657      0x217 C:\Users\ndjekic\Documents\LPCXpresso_8.1.4_606\LPCOpen\lpc_board_nxp_lpcxpresso_1769\Debug\liblpc_board_nxp_lpcxpresso_1769.a(board_sysinit.o)
 .debug_macro   0x0000586e      0x1cd C:\Users\ndjekic\Documents\LPCXpresso_8.1.4_606\LPCOpen\lpc_chip_175x_6x\Debug\liblpc_chip_175x_6x.a(chip_17xx_40xx.o)
 .debug_macro   0x00005a3b      0x1cd C:\Users\ndjekic\Documents\LPCXpresso_8.1.4_606\LPCOpen\lpc_chip_175x_6x\Debug\liblpc_chip_175x_6x.a(clock_17xx_40xx.o)
 .debug_macro   0x00005c08      0x1cd C:\Users\ndjekic\Documents\LPCXpresso_8.1.4_606\LPCOpen\lpc_chip_175x_6x\Debug\liblpc_chip_175x_6x.a(iocon_17xx_40xx.o)
 .debug_macro   0x00005dd5      0x1d7 C:\Users\ndjekic\Documents\LPCXpresso_8.1.4_606\LPCOpen\lpc_chip_175x_6x\Debug\liblpc_chip_175x_6x.a(stopwatch_17xx_40xx.o)
 .debug_macro   0x00005fac      0x1cd C:\Users\ndjekic\Documents\LPCXpresso_8.1.4_606\LPCOpen\lpc_chip_175x_6x\Debug\liblpc_chip_175x_6x.a(sysinit_17xx_40xx.o)
 .debug_macro   0x00006179      0x1cd C:\Users\ndjekic\Documents\LPCXpresso_8.1.4_606\LPCOpen\lpc_chip_175x_6x\Debug\liblpc_chip_175x_6x.a(timer_17xx_40xx.o)
 .debug_macro   0x00006346      0x1cd C:\Users\ndjekic\Documents\LPCXpresso_8.1.4_606\LPCOpen\lpc_chip_175x_6x\Debug\liblpc_chip_175x_6x.a(uart_17xx_40xx.o)

.debug_line     0x00000000     0x5f0b
 .debug_line    0x00000000      0x2e5 ./example/usb_driver_c_files/cdc_desc.o
 .debug_line    0x000002e5      0x733 ./example/usb_driver_c_files/cdc_vcom.o
 .debug_line    0x00000a18      0x7ba ./example/relay_module_c_files/relay_module.o
 .debug_line    0x000011d2       0xde ./example/main/cr_startup_lpc175x_6x.o
 .debug_line    0x000012b0      0x6de ./example/main/main.o
 .debug_line    0x0000198e      0x49e ./example/main/sysinit.o
 .debug_line    0x00001e2c      0x851 C:\Users\ndjekic\Documents\LPCXpresso_8.1.4_606\LPCOpen\lpc_board_nxp_lpcxpresso_1769\Debug\liblpc_board_nxp_lpcxpresso_1769.a(board.o)
 .debug_line    0x0000267d      0x4d5 C:\Users\ndjekic\Documents\LPCXpresso_8.1.4_606\LPCOpen\lpc_board_nxp_lpcxpresso_1769\Debug\liblpc_board_nxp_lpcxpresso_1769.a(board_sysinit.o)
 .debug_line    0x00002b52      0x459 C:\Users\ndjekic\Documents\LPCXpresso_8.1.4_606\LPCOpen\lpc_chip_175x_6x\Debug\liblpc_chip_175x_6x.a(chip_17xx_40xx.o)
 .debug_line    0x00002fab      0x6d5 C:\Users\ndjekic\Documents\LPCXpresso_8.1.4_606\LPCOpen\lpc_chip_175x_6x\Debug\liblpc_chip_175x_6x.a(clock_17xx_40xx.o)
 .debug_line    0x00003680      0x445 C:\Users\ndjekic\Documents\LPCXpresso_8.1.4_606\LPCOpen\lpc_chip_175x_6x\Debug\liblpc_chip_175x_6x.a(iocon_17xx_40xx.o)
 .debug_line    0x00003ac5      0x4d4 C:\Users\ndjekic\Documents\LPCXpresso_8.1.4_606\LPCOpen\lpc_chip_175x_6x\Debug\liblpc_chip_175x_6x.a(stopwatch_17xx_40xx.o)
 .debug_line    0x00003f99      0x4cf C:\Users\ndjekic\Documents\LPCXpresso_8.1.4_606\LPCOpen\lpc_chip_175x_6x\Debug\liblpc_chip_175x_6x.a(sysinit_17xx_40xx.o)
 .debug_line    0x00004468      0x46a C:\Users\ndjekic\Documents\LPCXpresso_8.1.4_606\LPCOpen\lpc_chip_175x_6x\Debug\liblpc_chip_175x_6x.a(timer_17xx_40xx.o)
 .debug_line    0x000048d2      0x781 C:\Users\ndjekic\Documents\LPCXpresso_8.1.4_606\LPCOpen\lpc_chip_175x_6x\Debug\liblpc_chip_175x_6x.a(uart_17xx_40xx.o)
 .debug_line    0x00005053      0x198 C:\Users\ndjekic\Documents\LPCXpresso_8.1.4_606\LPCOpen\lpc_chip_175x_6x\libs\libusbd_175x_6x_lib.a(mw_usbd_rom_api.o)
 .debug_line    0x000051eb      0x54e C:\Users\ndjekic\Documents\LPCXpresso_8.1.4_606\LPCOpen\lpc_chip_175x_6x\libs\libusbd_175x_6x_lib.a(hw_usbd_ip3503.o)
 .debug_line    0x00005739      0x308 C:\Users\ndjekic\Documents\LPCXpresso_8.1.4_606\LPCOpen\lpc_chip_175x_6x\libs\libusbd_175x_6x_lib.a(mw_usbd_cdcuser.o)
 .debug_line    0x00005a41      0x4ca C:\Users\ndjekic\Documents\LPCXpresso_8.1.4_606\LPCOpen\lpc_chip_175x_6x\libs\libusbd_175x_6x_lib.a(mw_usbd_core.o)

.debug_str      0x00000000    0x19095
 .debug_str     0x00000000     0x7b8d ./example/usb_driver_c_files/cdc_desc.o
                               0x7c1e (size before relaxing)
 .debug_str     0x00007b8d     0xe1a2 ./example/usb_driver_c_files/cdc_vcom.o
                              0x15ff4 (size before relaxing)
 .debug_str     0x00015d2f      0x209 ./example/relay_module_c_files/relay_module.o
                              0x14bf5 (size before relaxing)
 .debug_str     0x00015f38      0x1cb ./example/main/cr_startup_lpc175x_6x.o
                               0x269d (size before relaxing)
 .debug_str     0x00016103      0x16c ./example/main/main.o
                              0x16020 (size before relaxing)
 .debug_str     0x0001626f       0x24 ./example/main/sysinit.o
                              0x10a50 (size before relaxing)
 .debug_str     0x00016293      0xc7d C:\Users\ndjekic\Documents\LPCXpresso_8.1.4_606\LPCOpen\lpc_board_nxp_lpcxpresso_1769\Debug\liblpc_board_nxp_lpcxpresso_1769.a(board.o)
                              0x11929 (size before relaxing)
 .debug_str     0x00016f10      0x22d C:\Users\ndjekic\Documents\LPCXpresso_8.1.4_606\LPCOpen\lpc_board_nxp_lpcxpresso_1769\Debug\liblpc_board_nxp_lpcxpresso_1769.a(board_sysinit.o)
                              0x10e63 (size before relaxing)
 .debug_str     0x0001713d       0xd2 C:\Users\ndjekic\Documents\LPCXpresso_8.1.4_606\LPCOpen\lpc_chip_175x_6x\Debug\liblpc_chip_175x_6x.a(chip_17xx_40xx.o)
                              0x10b5a (size before relaxing)
 .debug_str     0x0001720f      0x851 C:\Users\ndjekic\Documents\LPCXpresso_8.1.4_606\LPCOpen\lpc_chip_175x_6x\Debug\liblpc_chip_175x_6x.a(clock_17xx_40xx.o)
                              0x111c8 (size before relaxing)
 .debug_str     0x00017a60       0x79 C:\Users\ndjekic\Documents\LPCXpresso_8.1.4_606\LPCOpen\lpc_chip_175x_6x\Debug\liblpc_chip_175x_6x.a(iocon_17xx_40xx.o)
                              0x10645 (size before relaxing)
 .debug_str     0x00017ad9      0x13d C:\Users\ndjekic\Documents\LPCXpresso_8.1.4_606\LPCOpen\lpc_chip_175x_6x\Debug\liblpc_chip_175x_6x.a(stopwatch_17xx_40xx.o)
                              0x10849 (size before relaxing)
 .debug_str     0x00017c16       0xc4 C:\Users\ndjekic\Documents\LPCXpresso_8.1.4_606\LPCOpen\lpc_chip_175x_6x\Debug\liblpc_chip_175x_6x.a(sysinit_17xx_40xx.o)
                              0x1082d (size before relaxing)
 .debug_str     0x00017cda      0x135 C:\Users\ndjekic\Documents\LPCXpresso_8.1.4_606\LPCOpen\lpc_chip_175x_6x\Debug\liblpc_chip_175x_6x.a(timer_17xx_40xx.o)
                              0x10976 (size before relaxing)
 .debug_str     0x00017e0f      0x3ab C:\Users\ndjekic\Documents\LPCXpresso_8.1.4_606\LPCOpen\lpc_chip_175x_6x\Debug\liblpc_chip_175x_6x.a(uart_17xx_40xx.o)
                              0x1109d (size before relaxing)
 .debug_str     0x000181ba      0x6ee C:\Users\ndjekic\Documents\LPCXpresso_8.1.4_606\LPCOpen\lpc_chip_175x_6x\libs\libusbd_175x_6x_lib.a(mw_usbd_rom_api.o)
                               0x18af (size before relaxing)
 .debug_str     0x000188a8      0x51a C:\Users\ndjekic\Documents\LPCXpresso_8.1.4_606\LPCOpen\lpc_chip_175x_6x\libs\libusbd_175x_6x_lib.a(hw_usbd_ip3503.o)
                               0x1ab2 (size before relaxing)
 .debug_str     0x00018dc2      0x15a C:\Users\ndjekic\Documents\LPCXpresso_8.1.4_606\LPCOpen\lpc_chip_175x_6x\libs\libusbd_175x_6x_lib.a(mw_usbd_cdcuser.o)
                               0x1910 (size before relaxing)
 .debug_str     0x00018f1c      0x179 C:\Users\ndjekic\Documents\LPCXpresso_8.1.4_606\LPCOpen\lpc_chip_175x_6x\libs\libusbd_175x_6x_lib.a(mw_usbd_core.o)
                               0x19a7 (size before relaxing)

.comment        0x00000000       0xde
 .comment       0x00000000       0x6e ./example/usb_driver_c_files/cdc_desc.o
                                 0x6f (size before relaxing)
 .comment       0x0000006e       0x6f ./example/usb_driver_c_files/cdc_vcom.o
 .comment       0x0000006e       0x6f ./example/relay_module_c_files/relay_module.o
 .comment       0x0000006e       0x6f ./example/main/cr_startup_lpc175x_6x.o
 .comment       0x0000006e       0x6f ./example/main/main.o
 .comment       0x0000006e       0x6f ./example/main/sysinit.o
 .comment       0x0000006e       0x6f C:\Users\ndjekic\Documents\LPCXpresso_8.1.4_606\LPCOpen\lpc_board_nxp_lpcxpresso_1769\Debug\liblpc_board_nxp_lpcxpresso_1769.a(board.o)
 .comment       0x0000006e       0x6f C:\Users\ndjekic\Documents\LPCXpresso_8.1.4_606\LPCOpen\lpc_board_nxp_lpcxpresso_1769\Debug\liblpc_board_nxp_lpcxpresso_1769.a(board_sysinit.o)
 .comment       0x0000006e       0x6f C:\Users\ndjekic\Documents\LPCXpresso_8.1.4_606\LPCOpen\lpc_chip_175x_6x\Debug\liblpc_chip_175x_6x.a(chip_17xx_40xx.o)
 .comment       0x0000006e       0x6f C:\Users\ndjekic\Documents\LPCXpresso_8.1.4_606\LPCOpen\lpc_chip_175x_6x\Debug\liblpc_chip_175x_6x.a(clock_17xx_40xx.o)
 .comment       0x0000006e       0x6f C:\Users\ndjekic\Documents\LPCXpresso_8.1.4_606\LPCOpen\lpc_chip_175x_6x\Debug\liblpc_chip_175x_6x.a(iocon_17xx_40xx.o)
 .comment       0x0000006e       0x6f C:\Users\ndjekic\Documents\LPCXpresso_8.1.4_606\LPCOpen\lpc_chip_175x_6x\Debug\liblpc_chip_175x_6x.a(stopwatch_17xx_40xx.o)
 .comment       0x0000006e       0x6f C:\Users\ndjekic\Documents\LPCXpresso_8.1.4_606\LPCOpen\lpc_chip_175x_6x\Debug\liblpc_chip_175x_6x.a(sysinit_17xx_40xx.o)
 .comment       0x0000006e       0x6f C:\Users\ndjekic\Documents\LPCXpresso_8.1.4_606\LPCOpen\lpc_chip_175x_6x\Debug\liblpc_chip_175x_6x.a(timer_17xx_40xx.o)
 .comment       0x0000006e       0x6f C:\Users\ndjekic\Documents\LPCXpresso_8.1.4_606\LPCOpen\lpc_chip_175x_6x\Debug\liblpc_chip_175x_6x.a(uart_17xx_40xx.o)
 .comment       0x0000006e       0x70 C:\Users\ndjekic\Documents\LPCXpresso_8.1.4_606\LPCOpen\lpc_chip_175x_6x\libs\libusbd_175x_6x_lib.a(mw_usbd_rom_api.o)
                                 0x71 (size before relaxing)
 .comment       0x000000de       0x71 C:\Users\ndjekic\Documents\LPCXpresso_8.1.4_606\LPCOpen\lpc_chip_175x_6x\libs\libusbd_175x_6x_lib.a(hw_usbd_ip3503.o)
 .comment       0x000000de       0x71 C:\Users\ndjekic\Documents\LPCXpresso_8.1.4_606\LPCOpen\lpc_chip_175x_6x\libs\libusbd_175x_6x_lib.a(mw_usbd_cdcuser.o)
 .comment       0x000000de       0x71 C:\Users\ndjekic\Documents\LPCXpresso_8.1.4_606\LPCOpen\lpc_chip_175x_6x\libs\libusbd_175x_6x_lib.a(mw_usbd_core.o)
 .comment       0x000000de       0x6f c:/nxp/lpcxpresso_8.1.4_606/lpcxpresso/tools/bin/../lib/gcc/arm-none-eabi/5.2.1/../../../../arm-none-eabi/lib/armv7-m\libcr_nohost.a(_cr__main.o)
 .comment       0x000000de       0x6f c:/nxp/lpcxpresso_8.1.4_606/lpcxpresso/tools/bin/../lib/gcc/arm-none-eabi/5.2.1/../../../../arm-none-eabi/lib/armv7-m\libcr_c.a(memcpy.o)
 .comment       0x000000de       0x6f c:/nxp/lpcxpresso_8.1.4_606/lpcxpresso/tools/bin/../lib/gcc/arm-none-eabi/5.2.1/../../../../arm-none-eabi/lib/armv7-m\libcr_c.a(memset.o)
 .comment       0x000000de       0x6f c:/nxp/lpcxpresso_8.1.4_606/lpcxpresso/tools/bin/../lib/gcc/arm-none-eabi/5.2.1/../../../../arm-none-eabi/lib/armv7-m\libcr_c.a(initio.o)
 .comment       0x000000de       0x6f c:/nxp/lpcxpresso_8.1.4_606/lpcxpresso/tools/bin/../lib/gcc/arm-none-eabi/5.2.1/../../../../arm-none-eabi/lib/armv7-m\libcr_c.a(setvbuf.o)
 .comment       0x000000de       0x6f c:/nxp/lpcxpresso_8.1.4_606/lpcxpresso/tools/bin/../lib/gcc/arm-none-eabi/5.2.1/../../../../arm-none-eabi/lib/armv7-m\libcr_c.a(stdio.o)
 .comment       0x000000de       0x6f c:/nxp/lpcxpresso_8.1.4_606/lpcxpresso/tools/bin/../lib/gcc/arm-none-eabi/5.2.1/../../../../arm-none-eabi/lib/armv7-m\libcr_c.a(_deferredlazyseek.o)
 .comment       0x000000de       0x6f c:/nxp/lpcxpresso_8.1.4_606/lpcxpresso/tools/bin/../lib/gcc/arm-none-eabi/5.2.1/../../../../arm-none-eabi/lib/armv7-m\libcr_c.a(_fdopen.o)
 .comment       0x000000de       0x6f c:/nxp/lpcxpresso_8.1.4_606/lpcxpresso/tools/bin/../lib/gcc/arm-none-eabi/5.2.1/../../../../arm-none-eabi/lib/armv7-m\libcr_c.a(_fflush.o)
 .comment       0x000000de       0x6f c:/nxp/lpcxpresso_8.1.4_606/lpcxpresso/tools/bin/../lib/gcc/arm-none-eabi/5.2.1/../../../../arm-none-eabi/lib/armv7-m\libcr_c.a(_writebuf.o)
 .comment       0x000000de       0x6f c:/nxp/lpcxpresso_8.1.4_606/lpcxpresso/tools/bin/../lib/gcc/arm-none-eabi/5.2.1/../../../../arm-none-eabi/lib/armv7-m\libcr_c.a(alloc.o)
 .comment       0x000000de       0x6f c:/nxp/lpcxpresso_8.1.4_606/lpcxpresso/tools/bin/../lib/gcc/arm-none-eabi/5.2.1/../../../../arm-none-eabi/lib/armv7-m\libcr_c.a(fclose.o)
 .comment       0x000000de       0x6f c:/nxp/lpcxpresso_8.1.4_606/lpcxpresso/tools/bin/../lib/gcc/arm-none-eabi/5.2.1/../../../../arm-none-eabi/lib/armv7-m\libcr_c.a(fflush.o)
 .comment       0x000000de       0x6f c:/nxp/lpcxpresso_8.1.4_606/lpcxpresso/tools/bin/../lib/gcc/arm-none-eabi/5.2.1/../../../../arm-none-eabi/lib/armv7-m\libcr_c.a(fseek.o)
 .comment       0x000000de       0x6f c:/nxp/lpcxpresso_8.1.4_606/lpcxpresso/tools/bin/../lib/gcc/arm-none-eabi/5.2.1/../../../../arm-none-eabi/lib/armv7-m\libcr_c.a(ftell.o)
 .comment       0x000000de       0x6f c:/nxp/lpcxpresso_8.1.4_606/lpcxpresso/tools/bin/../lib/gcc/arm-none-eabi/5.2.1/../../../../arm-none-eabi/lib/armv7-m\libcr_c.a(remove.o)
 .comment       0x000000de       0x6f c:/nxp/lpcxpresso_8.1.4_606/lpcxpresso/tools/bin/../lib/gcc/arm-none-eabi/5.2.1/../../../../arm-none-eabi/lib/armv7-m\libcr_c.a(strlen.o)
 .comment       0x000000de       0x6f c:/nxp/lpcxpresso_8.1.4_606/lpcxpresso/tools/bin/../lib/gcc/arm-none-eabi/5.2.1/../../../../arm-none-eabi/lib/armv7-m\libcr_c.a(__init_alloc.o)
 .comment       0x000000de       0x6f c:/nxp/lpcxpresso_8.1.4_606/lpcxpresso/tools/bin/../lib/gcc/arm-none-eabi/5.2.1/../../../../arm-none-eabi/lib/armv7-m\libcr_c.a(_cr_sbrk.o)
 .comment       0x000000de       0x6f c:/nxp/lpcxpresso_8.1.4_606/lpcxpresso/tools/bin/../lib/gcc/arm-none-eabi/5.2.1/../../../../arm-none-eabi/lib/armv7-m\libcr_c.a(_do_fflush.o)
 .comment       0x000000de       0x6f c:/nxp/lpcxpresso_8.1.4_606/lpcxpresso/tools/bin/../lib/gcc/arm-none-eabi/5.2.1/../../../../arm-none-eabi/lib/armv7-m\libcr_c.a(errno.o)
 .comment       0x000000de       0x6f c:/nxp/lpcxpresso_8.1.4_606/lpcxpresso/tools/bin/../lib/gcc/arm-none-eabi/5.2.1/../../../../arm-none-eabi/lib/armv7-m\libcr_c.a(_cr_check_heap.o)
 .comment       0x000000de       0x6f c:/nxp/lpcxpresso_8.1.4_606/lpcxpresso/tools/bin/../lib/gcc/arm-none-eabi/5.2.1/../../../../arm-none-eabi/lib/armv7-m\libcr_nohost.a(__sys_appexit.o)
 .comment       0x000000de       0x6f c:/nxp/lpcxpresso_8.1.4_606/lpcxpresso/tools/bin/../lib/gcc/arm-none-eabi/5.2.1/../../../../arm-none-eabi/lib/armv7-m\libcr_nohost.a(__sys_close.o)
 .comment       0x000000de       0x6f c:/nxp/lpcxpresso_8.1.4_606/lpcxpresso/tools/bin/../lib/gcc/arm-none-eabi/5.2.1/../../../../arm-none-eabi/lib/armv7-m\libcr_nohost.a(__sys_flen.o)
 .comment       0x000000de       0x6f c:/nxp/lpcxpresso_8.1.4_606/lpcxpresso/tools/bin/../lib/gcc/arm-none-eabi/5.2.1/../../../../arm-none-eabi/lib/armv7-m\libcr_nohost.a(__sys_istty.o)
 .comment       0x000000de       0x6f c:/nxp/lpcxpresso_8.1.4_606/lpcxpresso/tools/bin/../lib/gcc/arm-none-eabi/5.2.1/../../../../arm-none-eabi/lib/armv7-m\libcr_nohost.a(__sys_remove.o)
 .comment       0x000000de       0x6f c:/nxp/lpcxpresso_8.1.4_606/lpcxpresso/tools/bin/../lib/gcc/arm-none-eabi/5.2.1/../../../../arm-none-eabi/lib/armv7-m\libcr_nohost.a(__sys_seek.o)
 .comment       0x000000de       0x6f c:/nxp/lpcxpresso_8.1.4_606/lpcxpresso/tools/bin/../lib/gcc/arm-none-eabi/5.2.1/../../../../arm-none-eabi/lib/armv7-m\libcr_nohost.a(__sys_tmpnam.o)

.ARM.attributes
                0x00000000       0x31
 .ARM.attributes
                0x00000000       0x33 ./example/usb_driver_c_files/cdc_desc.o
 .ARM.attributes
                0x00000033       0x33 ./example/usb_driver_c_files/cdc_vcom.o
 .ARM.attributes
                0x00000066       0x33 ./example/relay_module_c_files/relay_module.o
 .ARM.attributes
                0x00000099       0x33 ./example/main/cr_startup_lpc175x_6x.o
 .ARM.attributes
                0x000000cc       0x33 ./example/main/main.o
 .ARM.attributes
                0x000000ff       0x33 ./example/main/sysinit.o
 .ARM.attributes
                0x00000132       0x33 C:\Users\ndjekic\Documents\LPCXpresso_8.1.4_606\LPCOpen\lpc_board_nxp_lpcxpresso_1769\Debug\liblpc_board_nxp_lpcxpresso_1769.a(board.o)
 .ARM.attributes
                0x00000165       0x33 C:\Users\ndjekic\Documents\LPCXpresso_8.1.4_606\LPCOpen\lpc_board_nxp_lpcxpresso_1769\Debug\liblpc_board_nxp_lpcxpresso_1769.a(board_sysinit.o)
 .ARM.attributes
                0x00000198       0x33 C:\Users\ndjekic\Documents\LPCXpresso_8.1.4_606\LPCOpen\lpc_chip_175x_6x\Debug\liblpc_chip_175x_6x.a(chip_17xx_40xx.o)
 .ARM.attributes
                0x000001cb       0x33 C:\Users\ndjekic\Documents\LPCXpresso_8.1.4_606\LPCOpen\lpc_chip_175x_6x\Debug\liblpc_chip_175x_6x.a(clock_17xx_40xx.o)
 .ARM.attributes
                0x000001fe       0x33 C:\Users\ndjekic\Documents\LPCXpresso_8.1.4_606\LPCOpen\lpc_chip_175x_6x\Debug\liblpc_chip_175x_6x.a(iocon_17xx_40xx.o)
 .ARM.attributes
                0x00000231       0x33 C:\Users\ndjekic\Documents\LPCXpresso_8.1.4_606\LPCOpen\lpc_chip_175x_6x\Debug\liblpc_chip_175x_6x.a(stopwatch_17xx_40xx.o)
 .ARM.attributes
                0x00000264       0x33 C:\Users\ndjekic\Documents\LPCXpresso_8.1.4_606\LPCOpen\lpc_chip_175x_6x\Debug\liblpc_chip_175x_6x.a(sysinit_17xx_40xx.o)
 .ARM.attributes
                0x00000297       0x33 C:\Users\ndjekic\Documents\LPCXpresso_8.1.4_606\LPCOpen\lpc_chip_175x_6x\Debug\liblpc_chip_175x_6x.a(timer_17xx_40xx.o)
 .ARM.attributes
                0x000002ca       0x33 C:\Users\ndjekic\Documents\LPCXpresso_8.1.4_606\LPCOpen\lpc_chip_175x_6x\Debug\liblpc_chip_175x_6x.a(uart_17xx_40xx.o)
 .ARM.attributes
                0x000002fd       0x33 C:\Users\ndjekic\Documents\LPCXpresso_8.1.4_606\LPCOpen\lpc_chip_175x_6x\libs\libusbd_175x_6x_lib.a(mw_usbd_rom_api.o)
 .ARM.attributes
                0x00000330       0x33 C:\Users\ndjekic\Documents\LPCXpresso_8.1.4_606\LPCOpen\lpc_chip_175x_6x\libs\libusbd_175x_6x_lib.a(hw_usbd_ip3503.o)
 .ARM.attributes
                0x00000363       0x33 C:\Users\ndjekic\Documents\LPCXpresso_8.1.4_606\LPCOpen\lpc_chip_175x_6x\libs\libusbd_175x_6x_lib.a(mw_usbd_cdcuser.o)
 .ARM.attributes
                0x00000396       0x33 C:\Users\ndjekic\Documents\LPCXpresso_8.1.4_606\LPCOpen\lpc_chip_175x_6x\libs\libusbd_175x_6x_lib.a(mw_usbd_core.o)
 .ARM.attributes
                0x000003c9       0x33 c:/nxp/lpcxpresso_8.1.4_606/lpcxpresso/tools/bin/../lib/gcc/arm-none-eabi/5.2.1/../../../../arm-none-eabi/lib/armv7-m\libcr_nohost.a(_cr__main.o)
 .ARM.attributes
                0x000003fc       0x33 c:/nxp/lpcxpresso_8.1.4_606/lpcxpresso/tools/bin/../lib/gcc/arm-none-eabi/5.2.1/../../../../arm-none-eabi/lib/armv7-m\libcr_c.a(memcpy.o)
 .ARM.attributes
                0x0000042f       0x33 c:/nxp/lpcxpresso_8.1.4_606/lpcxpresso/tools/bin/../lib/gcc/arm-none-eabi/5.2.1/../../../../arm-none-eabi/lib/armv7-m\libcr_c.a(memset.o)
 .ARM.attributes
                0x00000462       0x33 c:/nxp/lpcxpresso_8.1.4_606/lpcxpresso/tools/bin/../lib/gcc/arm-none-eabi/5.2.1/../../../../arm-none-eabi/lib/armv7-m\libcr_c.a(initio.o)
 .ARM.attributes
                0x00000495       0x33 c:/nxp/lpcxpresso_8.1.4_606/lpcxpresso/tools/bin/../lib/gcc/arm-none-eabi/5.2.1/../../../../arm-none-eabi/lib/armv7-m\libcr_c.a(setvbuf.o)
 .ARM.attributes
                0x000004c8       0x33 c:/nxp/lpcxpresso_8.1.4_606/lpcxpresso/tools/bin/../lib/gcc/arm-none-eabi/5.2.1/../../../../arm-none-eabi/lib/armv7-m\libcr_c.a(stdio.o)
 .ARM.attributes
                0x000004fb       0x33 c:/nxp/lpcxpresso_8.1.4_606/lpcxpresso/tools/bin/../lib/gcc/arm-none-eabi/5.2.1/../../../../arm-none-eabi/lib/armv7-m\libcr_c.a(_deferredlazyseek.o)
 .ARM.attributes
                0x0000052e       0x33 c:/nxp/lpcxpresso_8.1.4_606/lpcxpresso/tools/bin/../lib/gcc/arm-none-eabi/5.2.1/../../../../arm-none-eabi/lib/armv7-m\libcr_c.a(_fdopen.o)
 .ARM.attributes
                0x00000561       0x33 c:/nxp/lpcxpresso_8.1.4_606/lpcxpresso/tools/bin/../lib/gcc/arm-none-eabi/5.2.1/../../../../arm-none-eabi/lib/armv7-m\libcr_c.a(_fflush.o)
 .ARM.attributes
                0x00000594       0x33 c:/nxp/lpcxpresso_8.1.4_606/lpcxpresso/tools/bin/../lib/gcc/arm-none-eabi/5.2.1/../../../../arm-none-eabi/lib/armv7-m\libcr_c.a(_writebuf.o)
 .ARM.attributes
                0x000005c7       0x33 c:/nxp/lpcxpresso_8.1.4_606/lpcxpresso/tools/bin/../lib/gcc/arm-none-eabi/5.2.1/../../../../arm-none-eabi/lib/armv7-m\libcr_c.a(alloc.o)
 .ARM.attributes
                0x000005fa       0x33 c:/nxp/lpcxpresso_8.1.4_606/lpcxpresso/tools/bin/../lib/gcc/arm-none-eabi/5.2.1/../../../../arm-none-eabi/lib/armv7-m\libcr_c.a(fclose.o)
 .ARM.attributes
                0x0000062d       0x33 c:/nxp/lpcxpresso_8.1.4_606/lpcxpresso/tools/bin/../lib/gcc/arm-none-eabi/5.2.1/../../../../arm-none-eabi/lib/armv7-m\libcr_c.a(fflush.o)
 .ARM.attributes
                0x00000660       0x33 c:/nxp/lpcxpresso_8.1.4_606/lpcxpresso/tools/bin/../lib/gcc/arm-none-eabi/5.2.1/../../../../arm-none-eabi/lib/armv7-m\libcr_c.a(fseek.o)
 .ARM.attributes
                0x00000693       0x33 c:/nxp/lpcxpresso_8.1.4_606/lpcxpresso/tools/bin/../lib/gcc/arm-none-eabi/5.2.1/../../../../arm-none-eabi/lib/armv7-m\libcr_c.a(ftell.o)
 .ARM.attributes
                0x000006c6       0x33 c:/nxp/lpcxpresso_8.1.4_606/lpcxpresso/tools/bin/../lib/gcc/arm-none-eabi/5.2.1/../../../../arm-none-eabi/lib/armv7-m\libcr_c.a(remove.o)
 .ARM.attributes
                0x000006f9       0x33 c:/nxp/lpcxpresso_8.1.4_606/lpcxpresso/tools/bin/../lib/gcc/arm-none-eabi/5.2.1/../../../../arm-none-eabi/lib/armv7-m\libcr_c.a(strlen.o)
 .ARM.attributes
                0x0000072c       0x33 c:/nxp/lpcxpresso_8.1.4_606/lpcxpresso/tools/bin/../lib/gcc/arm-none-eabi/5.2.1/../../../../arm-none-eabi/lib/armv7-m\libcr_c.a(__init_alloc.o)
 .ARM.attributes
                0x0000075f       0x33 c:/nxp/lpcxpresso_8.1.4_606/lpcxpresso/tools/bin/../lib/gcc/arm-none-eabi/5.2.1/../../../../arm-none-eabi/lib/armv7-m\libcr_c.a(_cr_sbrk.o)
 .ARM.attributes
                0x00000792       0x33 c:/nxp/lpcxpresso_8.1.4_606/lpcxpresso/tools/bin/../lib/gcc/arm-none-eabi/5.2.1/../../../../arm-none-eabi/lib/armv7-m\libcr_c.a(_do_fflush.o)
 .ARM.attributes
                0x000007c5       0x33 c:/nxp/lpcxpresso_8.1.4_606/lpcxpresso/tools/bin/../lib/gcc/arm-none-eabi/5.2.1/../../../../arm-none-eabi/lib/armv7-m\libcr_c.a(errno.o)
 .ARM.attributes
                0x000007f8       0x33 c:/nxp/lpcxpresso_8.1.4_606/lpcxpresso/tools/bin/../lib/gcc/arm-none-eabi/5.2.1/../../../../arm-none-eabi/lib/armv7-m\libcr_c.a(_cr_check_heap.o)
 .ARM.attributes
                0x0000082b       0x21 c:/nxp/lpcxpresso_8.1.4_606/lpcxpresso/tools/bin/../lib/gcc/arm-none-eabi/5.2.1/armv7-m\libcr_eabihelpers.a(memcpy.o)
 .ARM.attributes
                0x0000084c       0x33 c:/nxp/lpcxpresso_8.1.4_606/lpcxpresso/tools/bin/../lib/gcc/arm-none-eabi/5.2.1/../../../../arm-none-eabi/lib/armv7-m\libcr_nohost.a(__sys_appexit.o)
 .ARM.attributes
                0x0000087f       0x33 c:/nxp/lpcxpresso_8.1.4_606/lpcxpresso/tools/bin/../lib/gcc/arm-none-eabi/5.2.1/../../../../arm-none-eabi/lib/armv7-m\libcr_nohost.a(__sys_close.o)
 .ARM.attributes
                0x000008b2       0x33 c:/nxp/lpcxpresso_8.1.4_606/lpcxpresso/tools/bin/../lib/gcc/arm-none-eabi/5.2.1/../../../../arm-none-eabi/lib/armv7-m\libcr_nohost.a(__sys_flen.o)
 .ARM.attributes
                0x000008e5       0x33 c:/nxp/lpcxpresso_8.1.4_606/lpcxpresso/tools/bin/../lib/gcc/arm-none-eabi/5.2.1/../../../../arm-none-eabi/lib/armv7-m\libcr_nohost.a(__sys_istty.o)
 .ARM.attributes
                0x00000918       0x33 c:/nxp/lpcxpresso_8.1.4_606/lpcxpresso/tools/bin/../lib/gcc/arm-none-eabi/5.2.1/../../../../arm-none-eabi/lib/armv7-m\libcr_nohost.a(__sys_remove.o)
 .ARM.attributes
                0x0000094b       0x33 c:/nxp/lpcxpresso_8.1.4_606/lpcxpresso/tools/bin/../lib/gcc/arm-none-eabi/5.2.1/../../../../arm-none-eabi/lib/armv7-m\libcr_nohost.a(__sys_seek.o)
 .ARM.attributes
                0x0000097e       0x33 c:/nxp/lpcxpresso_8.1.4_606/lpcxpresso/tools/bin/../lib/gcc/arm-none-eabi/5.2.1/../../../../arm-none-eabi/lib/armv7-m\libcr_nohost.a(__sys_tmpnam.o)

.debug_ranges   0x00000000      0x868
 .debug_ranges  0x00000000       0x58 ./example/usb_driver_c_files/cdc_vcom.o
 .debug_ranges  0x00000058       0x78 ./example/relay_module_c_files/relay_module.o