Archive member included to satisfy reference by file (symbol)

C:\Users\ndjekic\Documents\LPCXpresso_8.1.4_606\LPCOpen\lpc_board_nxp_lpcxpresso_1769\Debug\liblpc_board_nxp_lpcxpresso_1769.a(board.o)
                              ./example/src/cdc_main.o (Board_UARTPutSTR)
C:\Users\ndjekic\Documents\LPCXpresso_8.1.4_606\LPCOpen\lpc_board_nxp_lpcxpresso_1769\Debug\liblpc_board_nxp_lpcxpresso_1769.a(board_sysinit.o)
                              ./example/src/sysinit.o (Board_SystemInit)
C:\Users\ndjekic\Documents\LPCXpresso_8.1.4_606\LPCOpen\lpc_chip_175x_6x\Debug\liblpc_chip_175x_6x.a(chip_17xx_40xx.o)
                              ./example/src/cdc_main.o (SystemCoreClockUpdate)
C:\Users\ndjekic\Documents\LPCXpresso_8.1.4_606\LPCOpen\lpc_chip_175x_6x\Debug\liblpc_chip_175x_6x.a(clock_17xx_40xx.o)
                              C:\Users\ndjekic\Documents\LPCXpresso_8.1.4_606\LPCOpen\lpc_chip_175x_6x\Debug\liblpc_chip_175x_6x.a(chip_17xx_40xx.o) (Chip_Clock_EnablePLL)
C:\Users\ndjekic\Documents\LPCXpresso_8.1.4_606\LPCOpen\lpc_chip_175x_6x\Debug\liblpc_chip_175x_6x.a(i2s_17xx_40xx.o)
                              C:\Users\ndjekic\Documents\LPCXpresso_8.1.4_606\LPCOpen\lpc_board_nxp_lpcxpresso_1769\Debug\liblpc_board_nxp_lpcxpresso_1769.a(board.o) (Chip_I2S_Init)
C:\Users\ndjekic\Documents\LPCXpresso_8.1.4_606\LPCOpen\lpc_chip_175x_6x\Debug\liblpc_chip_175x_6x.a(iocon_17xx_40xx.o)
                              C:\Users\ndjekic\Documents\LPCXpresso_8.1.4_606\LPCOpen\lpc_board_nxp_lpcxpresso_1769\Debug\liblpc_board_nxp_lpcxpresso_1769.a(board.o) (Chip_IOCON_PinMux)
C:\Users\ndjekic\Documents\LPCXpresso_8.1.4_606\LPCOpen\lpc_chip_175x_6x\Debug\liblpc_chip_175x_6x.a(stopwatch_17xx_40xx.o)
                              ./example/src/cdc_main.o (StopWatch_Init)
C:\Users\ndjekic\Documents\LPCXpresso_8.1.4_606\LPCOpen\lpc_chip_175x_6x\Debug\liblpc_chip_175x_6x.a(sysinit_17xx_40xx.o)
                              C:\Users\ndjekic\Documents\LPCXpresso_8.1.4_606\LPCOpen\lpc_board_nxp_lpcxpresso_1769\Debug\liblpc_board_nxp_lpcxpresso_1769.a(board_sysinit.o) (Chip_SetupXtalClocking)
C:\Users\ndjekic\Documents\LPCXpresso_8.1.4_606\LPCOpen\lpc_chip_175x_6x\Debug\liblpc_chip_175x_6x.a(timer_17xx_40xx.o)
                              C:\Users\ndjekic\Documents\LPCXpresso_8.1.4_606\LPCOpen\lpc_chip_175x_6x\Debug\liblpc_chip_175x_6x.a(stopwatch_17xx_40xx.o) (Chip_TIMER_Init)
C:\Users\ndjekic\Documents\LPCXpresso_8.1.4_606\LPCOpen\lpc_chip_175x_6x\Debug\liblpc_chip_175x_6x.a(uart_17xx_40xx.o)
                              C:\Users\ndjekic\Documents\LPCXpresso_8.1.4_606\LPCOpen\lpc_board_nxp_lpcxpresso_1769\Debug\liblpc_board_nxp_lpcxpresso_1769.a(board.o) (Chip_UART_Init)
C:\Users\ndjekic\Documents\LPCXpresso_8.1.4_606\LPCOpen\lpc_chip_175x_6x\Debug\liblpc_chip_175x_6x.a(ring_buffer.o)
                              C:\Users\ndjekic\Documents\LPCXpresso_8.1.4_606\LPCOpen\lpc_chip_175x_6x\Debug\liblpc_chip_175x_6x.a(uart_17xx_40xx.o) (RingBuffer_Insert)
C:\Users\ndjekic\Documents\LPCXpresso_8.1.4_606\LPCOpen\lpc_chip_175x_6x\libs\libusbd_175x_6x_lib.a(mw_usbd_rom_api.o)
                              ./example/src/cdc_main.o (cdc_api)
C:\Users\ndjekic\Documents\LPCXpresso_8.1.4_606\LPCOpen\lpc_chip_175x_6x\libs\libusbd_175x_6x_lib.a(hw_usbd_ip3503.o)
                              C:\Users\ndjekic\Documents\LPCXpresso_8.1.4_606\LPCOpen\lpc_chip_175x_6x\libs\libusbd_175x_6x_lib.a(mw_usbd_rom_api.o) (hwUSB_GetMemSize)
C:\Users\ndjekic\Documents\LPCXpresso_8.1.4_606\LPCOpen\lpc_chip_175x_6x\libs\libusbd_175x_6x_lib.a(mw_usbd_cdcuser.o)
                              C:\Users\ndjekic\Documents\LPCXpresso_8.1.4_606\LPCOpen\lpc_chip_175x_6x\libs\libusbd_175x_6x_lib.a(mw_usbd_rom_api.o) (mwCDC_SendNotification)
C:\Users\ndjekic\Documents\LPCXpresso_8.1.4_606\LPCOpen\lpc_chip_175x_6x\libs\libusbd_175x_6x_lib.a(mw_usbd_core.o)
                              C:\Users\ndjekic\Documents\LPCXpresso_8.1.4_606\LPCOpen\lpc_chip_175x_6x\libs\libusbd_175x_6x_lib.a(mw_usbd_rom_api.o) (mwUSB_SetupStage)
C:\Users\ndjekic\Documents\LPCXpresso_8.1.4_606\LPCOpen\lpc_chip_175x_6x\libs\libusbd_175x_6x_lib.a(mw_usbd_dfuuser.o)
                              C:\Users\ndjekic\Documents\LPCXpresso_8.1.4_606\LPCOpen\lpc_chip_175x_6x\libs\libusbd_175x_6x_lib.a(mw_usbd_rom_api.o) (mwDFU_GetMemSize)
C:\Users\ndjekic\Documents\LPCXpresso_8.1.4_606\LPCOpen\lpc_chip_175x_6x\libs\libusbd_175x_6x_lib.a(mw_usbd_hiduser.o)
                              C:\Users\ndjekic\Documents\LPCXpresso_8.1.4_606\LPCOpen\lpc_chip_175x_6x\libs\libusbd_175x_6x_lib.a(mw_usbd_rom_api.o) (mwHID_GetMemSize)
C:\Users\ndjekic\Documents\LPCXpresso_8.1.4_606\LPCOpen\lpc_chip_175x_6x\libs\libusbd_175x_6x_lib.a(mw_usbd_mscuser.o)
                              C:\Users\ndjekic\Documents\LPCXpresso_8.1.4_606\LPCOpen\lpc_chip_175x_6x\libs\libusbd_175x_6x_lib.a(mw_usbd_rom_api.o) (mwMSC_GetMemSize)
[...]
Memory Configuration

Name             Origin             Length             Attributes
MFlash512        0x00000000         0x00080000         xr
RamLoc32         0x10000000         0x00008000         xrw
RamAHB32         0x2007c000         0x00008000         xrw
*default*        0x00000000         0xffffffff

Linker script and memory map

LOAD ./example/src/cdc_desc.o
LOAD ./example/src/cdc_main.o
LOAD ./example/src/cdc_vcom.o
LOAD ./example/src/cr_startup_lpc175x_6x.o
LOAD ./example/src/relay_module.o
LOAD ./example/src/sysinit.o
LOAD C:\Users\ndjekic\Documents\LPCXpresso_8.1.4_606\LPCOpen\lpc_board_nxp_lpcxpresso_1769\Debug\liblpc_board_nxp_lpcxpresso_1769.a
LOAD C:\Users\ndjekic\Documents\LPCXpresso_8.1.4_606\LPCOpen\lpc_chip_175x_6x\Debug\liblpc_chip_175x_6x.a
LOAD C:\Users\ndjekic\Documents\LPCXpresso_8.1.4_606\LPCOpen\lpc_chip_175x_6x\libs\libusbd_175x_6x_lib.a
START GROUP
LOAD c:/nxp/lpcxpresso_8.1.4_606/lpcxpresso/tools/bin/../lib/gcc/arm-none-eabi/5.2.1/../../../../arm-none-eabi/lib/armv7-m\libcr_nohost.a
LOAD c:/nxp/lpcxpresso_8.1.4_606/lpcxpresso/tools/bin/../lib/gcc/arm-none-eabi/5.2.1/../../../../arm-none-eabi/lib/armv7-m\libcr_c.a
LOAD c:/nxp/lpcxpresso_8.1.4_606/lpcxpresso/tools/bin/../lib/gcc/arm-none-eabi/5.2.1/armv7-m\libcr_eabihelpers.a
END GROUP
                0x00000000                __base_MFlash512 = 0x0
                0x00000000                __base_Flash = 0x0
                0x00080000                __top_MFlash512 = 0x80000
                0x00080000                __top_Flash = 0x80000
                0x10000000                __base_RamLoc32 = 0x10000000
                0x10000000                __base_RAM = 0x10000000
                0x10008000                __top_RamLoc32 = 0x10008000
                0x10008000                __top_RAM = 0x10008000
                0x2007c000                __base_RamAHB32 = 0x2007c000
                0x2007c000                __base_RAM2 = 0x2007c000
                0x20084000                __top_RamAHB32 = 0x20084000
                0x20084000                __top_RAM2 = 0x20084000

.text           0x00000000     0x32f8
 FILL mask 0xff
                0x00000000                __vectors_start__ = ABSOLUTE (.)
 *(.isr_vector)
 .isr_vector    0x00000000       0xcc ./example/src/cr_startup_lpc175x_6x.o
                0x00000000                g_pfnVectors
                0x000000cc                . = ALIGN (0x4)
                0x000000cc                __section_table_start = .
                0x000000cc                __data_section_table = .
                0x000000cc        0x4 LONG 0x32f8 LOADADDR (.data)
                0x000000d0        0x4 LONG 0x10000000 ADDR (.data)
                0x000000d4        0x4 LONG 0x150 SIZEOF (.data)
                0x000000d8        0x4 LONG 0x32f8 LOADADDR (.data_RAM2)
                0x000000dc        0x4 LONG 0x2007c000 ADDR (.data_RAM2)
                0x000000e0        0x4 LONG 0x0 SIZEOF (.data_RAM2)
                0x000000e4                __data_section_table_end = .
                0x000000e4                __bss_section_table = .
                0x000000e4        0x4 LONG 0x10000150 ADDR (.bss)
                0x000000e8        0x4 LONG 0x278 SIZEOF (.bss)
                0x000000ec        0x4 LONG 0x2007c000 ADDR (.bss_RAM2)
                0x000000f0        0x4 LONG 0x0 SIZEOF (.bss_RAM2)
                0x000000f4                __bss_section_table_end = .
                0x000000f4                __section_table_end = .
 *(.after_vectors*)
 .after_vectors
                0x000000f4      0x144 ./example/src/cr_startup_lpc175x_6x.o
                0x000000f4                data_init
                0x00000138                bss_init
                0x00000170                ResetISR
                0x000001e8                NMI_Handler
                0x000001f0                HardFault_Handler
                0x000001f8                MemManage_Handler
                0x00000200                BusFault_Handler
                0x00000208                UsageFault_Handler
                0x00000210                SVC_Handler
                0x00000218                DebugMon_Handler
                0x00000220                PendSV_Handler
                0x00000228                SysTick_Handler
                0x00000230                EINT3_IRQHandler
                0x00000230                CANActivity_IRQHandler
                0x00000230                TIMER3_IRQHandler
                0x00000230                UART0_IRQHandler
                0x00000230                UART1_IRQHandler
                0x00000230                EINT2_IRQHandler
                0x00000230                USBActivity_IRQHandler
                0x00000230                IntDefaultHandler
                0x00000230                PLL0_IRQHandler
                0x00000230                I2C0_IRQHandler
                0x00000230                I2C1_IRQHandler
                0x00000230                SSP0_IRQHandler
                0x00000230                I2S_IRQHandler
                0x00000230                I2C2_IRQHandler
                0x00000230                RTC_IRQHandler
                0x00000230                TIMER0_IRQHandler
                0x00000230                SPI_IRQHandler
                0x00000230                RIT_IRQHandler
                0x00000230                EINT1_IRQHandler
                0x00000230                TIMER1_IRQHandler
                0x00000230                UART2_IRQHandler
                0x00000230                ADC_IRQHandler
                0x00000230                SSP1_IRQHandler
                0x00000230                BOD_IRQHandler
                0x00000230                PLL1_IRQHandler
                0x00000230                WDT_IRQHandler
                0x00000230                PWM1_IRQHandler
                0x00000230                QEI_IRQHandler
                0x00000230                EINT0_IRQHandler
                0x00000230                ETH_IRQHandler
                0x00000230                CAN_IRQHandler
                0x00000230                DMA_IRQHandler
                0x00000230                TIMER2_IRQHandler
                0x00000230                UART3_IRQHandler
                0x00000230                MCPWM_IRQHandler
 *(.text*)
 .text.NVIC_EnableIRQ
                0x00000238       0x30 ./example/src/cdc_main.o
 .text.Chip_GPIO_SetPinDIROutput
                0x00000268       0x38 ./example/src/cdc_main.o
 .text.Chip_GPIO_SetPinDIRInput
                0x000002a0       0x3c ./example/src/cdc_main.o
 .text.Chip_GPIO_SetPinDIR
                0x000002dc       0x44 ./example/src/cdc_main.o
 .text.Chip_GPIO_WriteDirBit
                0x00000320       0x30 ./example/src/cdc_main.o
 .text.Chip_GPIO_SetPinOutHigh
                0x00000350       0x2c ./example/src/cdc_main.o
 .text.Chip_GPIO_SetPinOutLow
                0x0000037c       0x2c ./example/src/cdc_main.o
 .text.vcom_connected
                0x000003a8       0x1c ./example/src/cdc_main.o
 .text.usb_pin_clk_init
                0x000003c4       0x14 ./example/src/cdc_main.o
 .text.USB_IRQHandler
                0x000003d8       0x20 ./example/src/cdc_main.o
                0x000003d8                USB_IRQHandler
 .text.find_IntfDesc
                0x000003f8       0x5c ./example/src/cdc_main.o
                0x000003f8                find_IntfDesc
 .text.Test_Diode_2
                0x00000454       0x18 ./example/src/cdc_main.o
 .text.main     0x0000046c      0x1a8 ./example/src/cdc_main.o
                0x0000046c                main
 .text.NVIC_EnableIRQ
                0x00000614       0x30 ./example/src/cdc_vcom.o
 .text.NVIC_DisableIRQ
                0x00000644       0x34 ./example/src/cdc_vcom.o
 .text.VCOM_bulk_in_hdlr
                0x00000678       0x34 ./example/src/cdc_vcom.o
 .text.VCOM_bulk_out_hdlr
                0x000006ac       0xe8 ./example/src/cdc_vcom.o
 .text.VCOM_SetLineCode
                0x00000794       0x28 ./example/src/cdc_vcom.o
 .text.vcom_init
                0x000007bc       0xec ./example/src/cdc_vcom.o
                0x000007bc                vcom_init
 .text.vcom_bread
                0x000008a8       0x8c ./example/src/cdc_vcom.o
                0x000008a8                vcom_bread
 .text.vcom_write
                0x00000934       0x74 ./example/src/cdc_vcom.o
                0x00000934                vcom_write
 .text.SystemInit
                0x000009a8       0x24 ./example/src/sysinit.o
                0x000009a8                SystemInit
 .text.Chip_IOCON_Init
                0x000009cc       0x18 C:\Users\ndjekic\Documents\LPCXpresso_8.1.4_606\LPCOpen\lpc_board_nxp_lpcxpresso_1769\Debug\liblpc_board_nxp_lpcxpresso_1769.a(board.o)
 .text.Chip_GPIO_Init
                0x000009e4       0x18 C:\Users\ndjekic\Documents\LPCXpresso_8.1.4_606\LPCOpen\lpc_board_nxp_lpcxpresso_1769\Debug\liblpc_board_nxp_lpcxpresso_1769.a(board.o)
 .text.Chip_GPIO_SetPinDIROutput
                0x000009fc       0x38 C:\Users\ndjekic\Documents\LPCXpresso_8.1.4_606\LPCOpen\lpc_board_nxp_lpcxpresso_1769\Debug\liblpc_board_nxp_lpcxpresso_1769.a(board.o)
 .text.Chip_GPIO_SetPinDIRInput
                0x00000a34       0x3c C:\Users\ndjekic\Documents\LPCXpresso_8.1.4_606\LPCOpen\lpc_board_nxp_lpcxpresso_1769\Debug\liblpc_board_nxp_lpcxpresso_1769.a(board.o)
 .text.Chip_GPIO_SetPinDIR
                0x00000a70       0x44 C:\Users\ndjekic\Documents\LPCXpresso_8.1.4_606\LPCOpen\lpc_board_nxp_lpcxpresso_1769\Debug\liblpc_board_nxp_lpcxpresso_1769.a(board.o)
 .text.Chip_GPIO_WriteDirBit
                0x00000ab4       0x30 C:\Users\ndjekic\Documents\LPCXpresso_8.1.4_606\LPCOpen\lpc_board_nxp_lpcxpresso_1769\Debug\liblpc_board_nxp_lpcxpresso_1769.a(board.o)
 .text.Chip_UART_SendByte
                0x00000ae4       0x1c C:\Users\ndjekic\Documents\LPCXpresso_8.1.4_606\LPCOpen\lpc_board_nxp_lpcxpresso_1769\Debug\liblpc_board_nxp_lpcxpresso_1769.a(board.o)
 .text.Chip_UART_ConfigData
                0x00000b00       0x1c C:\Users\ndjekic\Documents\LPCXpresso_8.1.4_606\LPCOpen\lpc_board_nxp_lpcxpresso_1769\Debug\liblpc_board_nxp_lpcxpresso_1769.a(board.o)
 .text.Chip_UART_ReadLineStatus
                0x00000b1c       0x18 C:\Users\ndjekic\Documents\LPCXpresso_8.1.4_606\LPCOpen\lpc_board_nxp_lpcxpresso_1769\Debug\liblpc_board_nxp_lpcxpresso_1769.a(board.o)
 .text.__sys_write
                0x00000b34       0x38 C:\Users\ndjekic\Documents\LPCXpresso_8.1.4_606\LPCOpen\lpc_board_nxp_lpcxpresso_1769\Debug\liblpc_board_nxp_lpcxpresso_1769.a(board.o)
                0x00000b34                __sys_write
 .text.Board_LED_Init
                0x00000b6c       0x18 C:\Users\ndjekic\Documents\LPCXpresso_8.1.4_606\LPCOpen\lpc_board_nxp_lpcxpresso_1769\Debug\liblpc_board_nxp_lpcxpresso_1769.a(board.o)
 .text.Board_UART_Init
                0x00000b84       0x14 C:\Users\ndjekic\Documents\LPCXpresso_8.1.4_606\LPCOpen\lpc_board_nxp_lpcxpresso_1769\Debug\liblpc_board_nxp_lpcxpresso_1769.a(board.o)
                0x00000b84                Board_UART_Init
 .text.Board_Debug_Init
                0x00000b98       0x30 C:\Users\ndjekic\Documents\LPCXpresso_8.1.4_606\LPCOpen\lpc_board_nxp_lpcxpresso_1769\Debug\liblpc_board_nxp_lpcxpresso_1769.a(board.o)
                0x00000b98                Board_Debug_Init
 .text.Board_UARTPutChar
                0x00000bc8       0x34 C:\Users\ndjekic\Documents\LPCXpresso_8.1.4_606\LPCOpen\lpc_board_nxp_lpcxpresso_1769\Debug\liblpc_board_nxp_lpcxpresso_1769.a(board.o)
                0x00000bc8                Board_UARTPutChar
 .text.Board_UARTPutSTR
                0x00000bfc       0x28 C:\Users\ndjekic\Documents\LPCXpresso_8.1.4_606\LPCOpen\lpc_board_nxp_lpcxpresso_1769\Debug\liblpc_board_nxp_lpcxpresso_1769.a(board.o)
                0x00000bfc                Board_UARTPutSTR
 .text.Board_Init
                0x00000c24       0x24 C:\Users\ndjekic\Documents\LPCXpresso_8.1.4_606\LPCOpen\lpc_board_nxp_lpcxpresso_1769\Debug\liblpc_board_nxp_lpcxpresso_1769.a(board.o)
                0x00000c24                Board_Init
 .text.Board_USBD_Init
                0x00000c48       0x60 C:\Users\ndjekic\Documents\LPCXpresso_8.1.4_606\LPCOpen\lpc_board_nxp_lpcxpresso_1769\Debug\liblpc_board_nxp_lpcxpresso_1769.a(board.o)
                0x00000c48                Board_USBD_Init
 .text.Chip_SYSCTL_SetFLASHAccess
                0x00000ca8       0x30 C:\Users\ndjekic\Documents\LPCXpresso_8.1.4_606\LPCOpen\lpc_board_nxp_lpcxpresso_1769\Debug\liblpc_board_nxp_lpcxpresso_1769.a(board_sysinit.o)
 .text.Board_SetupMuxing
                0x00000cd8       0x1c C:\Users\ndjekic\Documents\LPCXpresso_8.1.4_606\LPCOpen\lpc_board_nxp_lpcxpresso_1769\Debug\liblpc_board_nxp_lpcxpresso_1769.a(board_sysinit.o)
                0x00000cd8                Board_SetupMuxing
 .text.Board_SetupClocking
                0x00000cf4       0x14 C:\Users\ndjekic\Documents\LPCXpresso_8.1.4_606\LPCOpen\lpc_board_nxp_lpcxpresso_1769\Debug\liblpc_board_nxp_lpcxpresso_1769.a(board_sysinit.o)
                0x00000cf4                Board_SetupClocking
 .text.Board_SystemInit
                0x00000d08       0x10 C:\Users\ndjekic\Documents\LPCXpresso_8.1.4_606\LPCOpen\lpc_board_nxp_lpcxpresso_1769\Debug\liblpc_board_nxp_lpcxpresso_1769.a(board_sysinit.o)
                0x00000d08                Board_SystemInit
 .text.Chip_Clock_IsUSBPLLLocked
                0x00000d18       0x24 C:\Users\ndjekic\Documents\LPCXpresso_8.1.4_606\LPCOpen\lpc_chip_175x_6x\Debug\liblpc_chip_175x_6x.a(chip_17xx_40xx.o)
 .text.Chip_Clock_IsUSBPLLConnected
                0x00000d3c       0x24 C:\Users\ndjekic\Documents\LPCXpresso_8.1.4_606\LPCOpen\lpc_chip_175x_6x\Debug\liblpc_chip_175x_6x.a(chip_17xx_40xx.o)
 .text.SystemCoreClockUpdate
                0x00000d60       0x18 C:\Users\ndjekic\Documents\LPCXpresso_8.1.4_606\LPCOpen\lpc_chip_175x_6x\Debug\liblpc_chip_175x_6x.a(chip_17xx_40xx.o)
                0x00000d60                SystemCoreClockUpdate
 .text.Chip_USB_Init
                0x00000d78       0x4c C:\Users\ndjekic\Documents\LPCXpresso_8.1.4_606\LPCOpen\lpc_chip_175x_6x\Debug\liblpc_chip_175x_6x.a(chip_17xx_40xx.o)
                0x00000d78                Chip_USB_Init
 .text.Chip_Clock_IsMainPLLEnabled
                0x00000dc4       0x24 C:\Users\ndjekic\Documents\LPCXpresso_8.1.4_606\LPCOpen\lpc_chip_175x_6x\Debug\liblpc_chip_175x_6x.a(clock_17xx_40xx.o)
 .text.Chip_Clock_IsMainPLLConnected
                0x00000de8       0x24 C:\Users\ndjekic\Documents\LPCXpresso_8.1.4_606\LPCOpen\lpc_chip_175x_6x\Debug\liblpc_chip_175x_6x.a(clock_17xx_40xx.o)
 .text.Chip_Clock_FeedPLL
                0x00000e0c       0x34 C:\Users\ndjekic\Documents\LPCXpresso_8.1.4_606\LPCOpen\lpc_chip_175x_6x\Debug\liblpc_chip_175x_6x.a(clock_17xx_40xx.o)
 .text.Chip_Clock_GetMainPLLSource
                0x00000e40       0x20 C:\Users\ndjekic\Documents\LPCXpresso_8.1.4_606\LPCOpen\lpc_chip_175x_6x\Debug\liblpc_chip_175x_6x.a(clock_17xx_40xx.o)
 .text.Chip_Clock_GetMainOscRate
                0x00000e60       0x14 C:\Users\ndjekic\Documents\LPCXpresso_8.1.4_606\LPCOpen\lpc_chip_175x_6x\Debug\liblpc_chip_175x_6x.a(clock_17xx_40xx.o)
 .text.Chip_Clock_GetIntOscRate
                0x00000e74       0x14 C:\Users\ndjekic\Documents\LPCXpresso_8.1.4_606\LPCOpen\lpc_chip_175x_6x\Debug\liblpc_chip_175x_6x.a(clock_17xx_40xx.o)
 .text.Chip_Clock_GetRTCOscRate
                0x00000e88       0x14 C:\Users\ndjekic\Documents\LPCXpresso_8.1.4_606\LPCOpen\lpc_chip_175x_6x\Debug\liblpc_chip_175x_6x.a(clock_17xx_40xx.o)
 .text.Chip_Clock_GetMainPLLInClockRate
                0x00000e9c       0x10 C:\Users\ndjekic\Documents\LPCXpresso_8.1.4_606\LPCOpen\lpc_chip_175x_6x\Debug\liblpc_chip_175x_6x.a(clock_17xx_40xx.o)
 .text.Chip_Clock_EnablePLL
                0x00000eac       0x44 C:\Users\ndjekic\Documents\LPCXpresso_8.1.4_606\LPCOpen\lpc_chip_175x_6x\Debug\liblpc_chip_175x_6x.a(clock_17xx_40xx.o)
                0x00000eac                Chip_Clock_EnablePLL
 .text.Chip_Clock_DisablePLL
                0x00000ef0       0x48 C:\Users\ndjekic\Documents\LPCXpresso_8.1.4_606\LPCOpen\lpc_chip_175x_6x\Debug\liblpc_chip_175x_6x.a(clock_17xx_40xx.o)
                0x00000ef0                Chip_Clock_DisablePLL
 .text.Chip_Clock_SetupPLL
                0x00000f38       0x5c C:\Users\ndjekic\Documents\LPCXpresso_8.1.4_606\LPCOpen\lpc_chip_175x_6x\Debug\liblpc_chip_175x_6x.a(clock_17xx_40xx.o)
                0x00000f38                Chip_Clock_SetupPLL
 .text.Chip_Clock_EnablePeriphClock
                0x00000f94       0x34 C:\Users\ndjekic\Documents\LPCXpresso_8.1.4_606\LPCOpen\lpc_chip_175x_6x\Debug\liblpc_chip_175x_6x.a(clock_17xx_40xx.o)
                0x00000f94                Chip_Clock_EnablePeriphClock
 .text.Chip_Clock_GetCPUClockSource
                0x00000fc8       0x24 C:\Users\ndjekic\Documents\LPCXpresso_8.1.4_606\LPCOpen\lpc_chip_175x_6x\Debug\liblpc_chip_175x_6x.a(clock_17xx_40xx.o)
                0x00000fc8                Chip_Clock_GetCPUClockSource
 .text.Chip_Clock_SetCPUClockDiv
                0x00000fec       0x20 C:\Users\ndjekic\Documents\LPCXpresso_8.1.4_606\LPCOpen\lpc_chip_175x_6x\Debug\liblpc_chip_175x_6x.a(clock_17xx_40xx.o)
                0x00000fec                Chip_Clock_SetCPUClockDiv
 .text.Chip_Clock_GetCPUClockDiv
                0x0000100c       0x1c C:\Users\ndjekic\Documents\LPCXpresso_8.1.4_606\LPCOpen\lpc_chip_175x_6x\Debug\liblpc_chip_175x_6x.a(clock_17xx_40xx.o)
                0x0000100c                Chip_Clock_GetCPUClockDiv
 .text.Chip_Clock_GetPCLKDiv
                0x00001028       0x8c C:\Users\ndjekic\Documents\LPCXpresso_8.1.4_606\LPCOpen\lpc_chip_175x_6x\Debug\liblpc_chip_175x_6x.a(clock_17xx_40xx.o)
                0x00001028                Chip_Clock_GetPCLKDiv
 .text.Chip_Clock_GetSYSCLKRate
                0x000010b4       0x34 C:\Users\ndjekic\Documents\LPCXpresso_8.1.4_606\LPCOpen\lpc_chip_175x_6x\Debug\liblpc_chip_175x_6x.a(clock_17xx_40xx.o)
                0x000010b4                Chip_Clock_GetSYSCLKRate
 .text.Chip_Clock_GetMainPLLOutClockRate
                0x000010e8       0x54 C:\Users\ndjekic\Documents\LPCXpresso_8.1.4_606\LPCOpen\lpc_chip_175x_6x\Debug\liblpc_chip_175x_6x.a(clock_17xx_40xx.o)
                0x000010e8                Chip_Clock_GetMainPLLOutClockRate
 .text.Chip_Clock_GetMainClockRate
                0x0000113c       0x28 C:\Users\ndjekic\Documents\LPCXpresso_8.1.4_606\LPCOpen\lpc_chip_175x_6x\Debug\liblpc_chip_175x_6x.a(clock_17xx_40xx.o)
                0x0000113c                Chip_Clock_GetMainClockRate
 .text.Chip_Clock_GetSystemClockRate
                0x00001164       0x18 C:\Users\ndjekic\Documents\LPCXpresso_8.1.4_606\LPCOpen\lpc_chip_175x_6x\Debug\liblpc_chip_175x_6x.a(clock_17xx_40xx.o)
                0x00001164                Chip_Clock_GetSystemClockRate
 .text.Chip_Clock_GetPeripheralClockRate
                0x0000117c       0x28 C:\Users\ndjekic\Documents\LPCXpresso_8.1.4_606\LPCOpen\lpc_chip_175x_6x\Debug\liblpc_chip_175x_6x.a(clock_17xx_40xx.o)
                0x0000117c                Chip_Clock_GetPeripheralClockRate
 .text.Chip_IOCON_PinMuxSet
                0x000011a4       0x38 C:\Users\ndjekic\Documents\LPCXpresso_8.1.4_606\LPCOpen\lpc_chip_175x_6x\Debug\liblpc_chip_175x_6x.a(iocon_17xx_40xx.o)
                0x000011a4                Chip_IOCON_PinMuxSet
 .text.Chip_IOCON_PinMux
                0x000011dc       0x94 C:\Users\ndjekic\Documents\LPCXpresso_8.1.4_606\LPCOpen\lpc_chip_175x_6x\Debug\liblpc_chip_175x_6x.a(iocon_17xx_40xx.o)
                0x000011dc                Chip_IOCON_PinMux
 .text.Chip_IOCON_SetPinMuxing
                0x00001270       0x64 C:\Users\ndjekic\Documents\LPCXpresso_8.1.4_606\LPCOpen\lpc_chip_175x_6x\Debug\liblpc_chip_175x_6x.a(iocon_17xx_40xx.o)
                0x00001270                Chip_IOCON_SetPinMuxing
 .text.Chip_TIMER_Enable
                0x000012d4       0x20 C:\Users\ndjekic\Documents\LPCXpresso_8.1.4_606\LPCOpen\lpc_chip_175x_6x\Debug\liblpc_chip_175x_6x.a(stopwatch_17xx_40xx.o)
 .text.Chip_TIMER_PrescaleSet
                0x000012f4       0x1c C:\Users\ndjekic\Documents\LPCXpresso_8.1.4_606\LPCOpen\lpc_chip_175x_6x\Debug\liblpc_chip_175x_6x.a(stopwatch_17xx_40xx.o)
 .text.StopWatch_Init
                0x00001310       0x74 C:\Users\ndjekic\Documents\LPCXpresso_8.1.4_606\LPCOpen\lpc_chip_175x_6x\Debug\liblpc_chip_175x_6x.a(stopwatch_17xx_40xx.o)
                0x00001310                StopWatch_Init
 .text.Chip_Clock_IsMainPLLEnabled
                0x00001384       0x24 C:\Users\ndjekic\Documents\LPCXpresso_8.1.4_606\LPCOpen\lpc_chip_175x_6x\Debug\liblpc_chip_175x_6x.a(sysinit_17xx_40xx.o)
 .text.Chip_Clock_IsMainPLLLocked
                0x000013a8       0x24 C:\Users\ndjekic\Documents\LPCXpresso_8.1.4_606\LPCOpen\lpc_chip_175x_6x\Debug\liblpc_chip_175x_6x.a(sysinit_17xx_40xx.o)
 .text.Chip_Clock_IsMainPLLConnected
                0x000013cc       0x24 C:\Users\ndjekic\Documents\LPCXpresso_8.1.4_606\LPCOpen\lpc_chip_175x_6x\Debug\liblpc_chip_175x_6x.a(sysinit_17xx_40xx.o)
 .text.Chip_Clock_EnableCrystal
                0x000013f0       0x20 C:\Users\ndjekic\Documents\LPCXpresso_8.1.4_606\LPCOpen\lpc_chip_175x_6x\Debug\liblpc_chip_175x_6x.a(sysinit_17xx_40xx.o)
 .text.Chip_Clock_IsCrystalEnabled
                0x00001410       0x24 C:\Users\ndjekic\Documents\LPCXpresso_8.1.4_606\LPCOpen\lpc_chip_175x_6x\Debug\liblpc_chip_175x_6x.a(sysinit_17xx_40xx.o)
 .text.Chip_Clock_SetMainPLLSource
                0x00001434       0x20 C:\Users\ndjekic\Documents\LPCXpresso_8.1.4_606\LPCOpen\lpc_chip_175x_6x\Debug\liblpc_chip_175x_6x.a(sysinit_17xx_40xx.o)
 .text.Chip_SetupXtalClocking
                0x00001454       0x90 C:\Users\ndjekic\Documents\LPCXpresso_8.1.4_606\LPCOpen\lpc_chip_175x_6x\Debug\liblpc_chip_175x_6x.a(sysinit_17xx_40xx.o)
                0x00001454                Chip_SetupXtalClocking
 .text.Chip_Timer_GetClockIndex
                0x000014e4       0x50 C:\Users\ndjekic\Documents\LPCXpresso_8.1.4_606\LPCOpen\lpc_chip_175x_6x\Debug\liblpc_chip_175x_6x.a(timer_17xx_40xx.o)
 .text.Chip_TIMER_Init
                0x00001534       0x20 C:\Users\ndjekic\Documents\LPCXpresso_8.1.4_606\LPCOpen\lpc_chip_175x_6x\Debug\liblpc_chip_175x_6x.a(timer_17xx_40xx.o)
                0x00001534                Chip_TIMER_Init
 .text.Chip_UART_SetupFIFOS
                0x00001554       0x1c C:\Users\ndjekic\Documents\LPCXpresso_8.1.4_606\LPCOpen\lpc_chip_175x_6x\Debug\liblpc_chip_175x_6x.a(uart_17xx_40xx.o)
 .text.Chip_UART_ConfigData
                0x00001570       0x1c C:\Users\ndjekic\Documents\LPCXpresso_8.1.4_606\LPCOpen\lpc_chip_175x_6x\Debug\liblpc_chip_175x_6x.a(uart_17xx_40xx.o)
 .text.Chip_UART_EnableDivisorAccess
                0x0000158c       0x20 C:\Users\ndjekic\Documents\LPCXpresso_8.1.4_606\LPCOpen\lpc_chip_175x_6x\Debug\liblpc_chip_175x_6x.a(uart_17xx_40xx.o)
 .text.Chip_UART_DisableDivisorAccess
                0x000015ac       0x20 C:\Users\ndjekic\Documents\LPCXpresso_8.1.4_606\LPCOpen\lpc_chip_175x_6x\Debug\liblpc_chip_175x_6x.a(uart_17xx_40xx.o)
 .text.Chip_UART_SetDivisorLatches
                0x000015cc       0x28 C:\Users\ndjekic\Documents\LPCXpresso_8.1.4_606\LPCOpen\lpc_chip_175x_6x\Debug\liblpc_chip_175x_6x.a(uart_17xx_40xx.o)
 .text.Chip_UART_GetClockIndex
                0x000015f4       0x50 C:\Users\ndjekic\Documents\LPCXpresso_8.1.4_606\LPCOpen\lpc_chip_175x_6x\Debug\liblpc_chip_175x_6x.a(uart_17xx_40xx.o)
 .text.Chip_UART_GetClkIndex
                0x00001644       0x50 C:\Users\ndjekic\Documents\LPCXpresso_8.1.4_606\LPCOpen\lpc_chip_175x_6x\Debug\liblpc_chip_175x_6x.a(uart_17xx_40xx.o)
 .text.Chip_UART_Init
                0x00001694       0x78 C:\Users\ndjekic\Documents\LPCXpresso_8.1.4_606\LPCOpen\lpc_chip_175x_6x\Debug\liblpc_chip_175x_6x.a(uart_17xx_40xx.o)
                0x00001694                Chip_UART_Init
 .text.Chip_UART_TXEnable
                0x0000170c       0x18 C:\Users\ndjekic\Documents\LPCXpresso_8.1.4_606\LPCOpen\lpc_chip_175x_6x\Debug\liblpc_chip_175x_6x.a(uart_17xx_40xx.o)
                0x0000170c                Chip_UART_TXEnable
 .text.Chip_UART_TXDisable
                0x00001724       0x18 C:\Users\ndjekic\Documents\LPCXpresso_8.1.4_606\LPCOpen\lpc_chip_175x_6x\Debug\liblpc_chip_175x_6x.a(uart_17xx_40xx.o)
                0x00001724                Chip_UART_TXDisable
 .text.Chip_UART_SetBaud
                0x0000173c       0x64 C:\Users\ndjekic\Documents\LPCXpresso_8.1.4_606\LPCOpen\lpc_chip_175x_6x\Debug\liblpc_chip_175x_6x.a(uart_17xx_40xx.o)
                0x0000173c                Chip_UART_SetBaud
 .text.EPAdr    0x000017a0       0x10 C:\Users\ndjekic\Documents\LPCXpresso_8.1.4_606\LPCOpen\lpc_chip_175x_6x\libs\libusbd_175x_6x_lib.a(hw_usbd_ip3503.o)
                0x000017a0                EPAdr
 .text.hwWrCmd  0x000017b0       0x10 C:\Users\ndjekic\Documents\LPCXpresso_8.1.4_606\LPCOpen\lpc_chip_175x_6x\libs\libusbd_175x_6x_lib.a(hw_usbd_ip3503.o)
                0x000017b0                hwWrCmd
 .text.hwWrCmdDat
                0x000017c0       0x16 C:\Users\ndjekic\Documents\LPCXpresso_8.1.4_606\LPCOpen\lpc_chip_175x_6x\libs\libusbd_175x_6x_lib.a(hw_usbd_ip3503.o)
                0x000017c0                hwWrCmdDat
 .text.hwWrCmdEP
                0x000017d6       0x24 C:\Users\ndjekic\Documents\LPCXpresso_8.1.4_606\LPCOpen\lpc_chip_175x_6x\libs\libusbd_175x_6x_lib.a(hw_usbd_ip3503.o)
                0x000017d6                hwWrCmdEP
 .text.hwRdCmdDat
                0x000017fa       0x12 C:\Users\ndjekic\Documents\LPCXpresso_8.1.4_606\LPCOpen\lpc_chip_175x_6x\libs\libusbd_175x_6x_lib.a(hw_usbd_ip3503.o)
                0x000017fa                hwRdCmdDat
 .text.hwUSB_GetMemSize
                0x0000180c        0x6 C:\Users\ndjekic\Documents\LPCXpresso_8.1.4_606\LPCOpen\lpc_chip_175x_6x\libs\libusbd_175x_6x_lib.a(hw_usbd_ip3503.o)
                0x0000180c                hwUSB_GetMemSize
 *fill*         0x00001812        0x2 ff
 .text.hwUSB_Connect
                0x00001814       0x1c C:\Users\ndjekic\Documents\LPCXpresso_8.1.4_606\LPCOpen\lpc_chip_175x_6x\libs\libusbd_175x_6x_lib.a(hw_usbd_ip3503.o)
                0x00001814                hwUSB_Connect
 .text.hwUSB_Reset
                0x00001830       0x30 C:\Users\ndjekic\Documents\LPCXpresso_8.1.4_606\LPCOpen\lpc_chip_175x_6x\libs\libusbd_175x_6x_lib.a(hw_usbd_ip3503.o)
                0x00001830                hwUSB_Reset
 .text.hwUSB_WakeUp
                0x00001860       0x20 C:\Users\ndjekic\Documents\LPCXpresso_8.1.4_606\LPCOpen\lpc_chip_175x_6x\libs\libusbd_175x_6x_lib.a(hw_usbd_ip3503.o)
                0x00001860                hwUSB_WakeUp
 .text.hwUSB_WakeUpCfg
                0x00001880        0x2 C:\Users\ndjekic\Documents\LPCXpresso_8.1.4_606\LPCOpen\lpc_chip_175x_6x\libs\libusbd_175x_6x_lib.a(hw_usbd_ip3503.o)
                0x00001880                hwUSB_WakeUpCfg
 *fill*         0x00001882        0x2 ff
 .text.hwUSB_SetAddress
                0x00001884       0x30 C:\Users\ndjekic\Documents\LPCXpresso_8.1.4_606\LPCOpen\lpc_chip_175x_6x\libs\libusbd_175x_6x_lib.a(hw_usbd_ip3503.o)
                0x00001884                hwUSB_SetAddress
 .text.hwUSB_Init
                0x000018b4       0x84 C:\Users\ndjekic\Documents\LPCXpresso_8.1.4_606\LPCOpen\lpc_chip_175x_6x\libs\libusbd_175x_6x_lib.a(hw_usbd_ip3503.o)
                0x000018b4                hwUSB_Init
 .text.hwUSB_Configure
                0x00001938       0x34 C:\Users\ndjekic\Documents\LPCXpresso_8.1.4_606\LPCOpen\lpc_chip_175x_6x\libs\libusbd_175x_6x_lib.a(hw_usbd_ip3503.o)
                0x00001938                hwUSB_Configure
 .text.hwUSB_ConfigEP
                0x0000196c       0x32 C:\Users\ndjekic\Documents\LPCXpresso_8.1.4_606\LPCOpen\lpc_chip_175x_6x\libs\libusbd_175x_6x_lib.a(hw_usbd_ip3503.o)
                0x0000196c                hwUSB_ConfigEP
 .text.hwUSB_DirCtrlEP
                0x0000199e        0x2 C:\Users\ndjekic\Documents\LPCXpresso_8.1.4_606\LPCOpen\lpc_chip_175x_6x\libs\libusbd_175x_6x_lib.a(hw_usbd_ip3503.o)
                0x0000199e                hwUSB_DirCtrlEP
 .text.hwUSB_EnableEP
                0x000019a0       0x24 C:\Users\ndjekic\Documents\LPCXpresso_8.1.4_606\LPCOpen\lpc_chip_175x_6x\libs\libusbd_175x_6x_lib.a(hw_usbd_ip3503.o)
                0x000019a0                hwUSB_EnableEP
 .text.hwUSB_DisableEP
                0x000019c4       0x28 C:\Users\ndjekic\Documents\LPCXpresso_8.1.4_606\LPCOpen\lpc_chip_175x_6x\libs\libusbd_175x_6x_lib.a(hw_usbd_ip3503.o)
                0x000019c4                hwUSB_DisableEP
 .text.hwUSB_ResetEP
                0x000019ec       0x24 C:\Users\ndjekic\Documents\LPCXpresso_8.1.4_606\LPCOpen\lpc_chip_175x_6x\libs\libusbd_175x_6x_lib.a(hw_usbd_ip3503.o)
                0x000019ec                hwUSB_ResetEP
 .text.hwUSB_SetStallEP
                0x00001a10       0x28 C:\Users\ndjekic\Documents\LPCXpresso_8.1.4_606\LPCOpen\lpc_chip_175x_6x\libs\libusbd_175x_6x_lib.a(hw_usbd_ip3503.o)
                0x00001a10                hwUSB_SetStallEP
 .text.hwUSB_ClrStallEP
                0x00001a38       0x24 C:\Users\ndjekic\Documents\LPCXpresso_8.1.4_606\LPCOpen\lpc_chip_175x_6x\libs\libusbd_175x_6x_lib.a(hw_usbd_ip3503.o)
                0x00001a38                hwUSB_ClrStallEP
 .text.hwUSB_EnableEvent
                0x00001a5c       0xd8 C:\Users\ndjekic\Documents\LPCXpresso_8.1.4_606\LPCOpen\lpc_chip_175x_6x\libs\libusbd_175x_6x_lib.a(hw_usbd_ip3503.o)
                0x00001a5c                hwUSB_EnableEvent
 .text.hwUSB_ReadEP
                0x00001b34       0x80 C:\Users\ndjekic\Documents\LPCXpresso_8.1.4_606\LPCOpen\lpc_chip_175x_6x\libs\libusbd_175x_6x_lib.a(hw_usbd_ip3503.o)
                0x00001b34                hwUSB_ReadEP
 .text.hwUSB_ForceFullSpeed
                0x00001bb4        0x2 C:\Users\ndjekic\Documents\LPCXpresso_8.1.4_606\LPCOpen\lpc_chip_175x_6x\libs\libusbd_175x_6x_lib.a(hw_usbd_ip3503.o)
                0x00001bb4                hwUSB_ForceFullSpeed
 .text.hwUSB_SetTestMode
                0x00001bb6        0x4 C:\Users\ndjekic\Documents\LPCXpresso_8.1.4_606\LPCOpen\lpc_chip_175x_6x\libs\libusbd_175x_6x_lib.a(hw_usbd_ip3503.o)
                0x00001bb6                hwUSB_SetTestMode
 .text.hwUSB_ReadReqEP
                0x00001bba        0x4 C:\Users\ndjekic\Documents\LPCXpresso_8.1.4_606\LPCOpen\lpc_chip_175x_6x\libs\libusbd_175x_6x_lib.a(hw_usbd_ip3503.o)
                0x00001bba                hwUSB_ReadReqEP
 .text.hwUSB_ReadSetupPkt
                0x00001bbe        0x4 C:\Users\ndjekic\Documents\LPCXpresso_8.1.4_606\LPCOpen\lpc_chip_175x_6x\libs\libusbd_175x_6x_lib.a(hw_usbd_ip3503.o)
                0x00001bbe                hwUSB_ReadSetupPkt
 *fill*         0x00001bc2        0x2 ff
 .text.hwUSB_WriteEP
                0x00001bc4       0x44 C:\Users\ndjekic\Documents\LPCXpresso_8.1.4_606\LPCOpen\lpc_chip_175x_6x\libs\libusbd_175x_6x_lib.a(hw_usbd_ip3503.o)
                0x00001bc4                hwUSB_WriteEP
 .text.hwUSB_ISR
                0x00001c08      0x1a0 C:\Users\ndjekic\Documents\LPCXpresso_8.1.4_606\LPCOpen\lpc_chip_175x_6x\libs\libusbd_175x_6x_lib.a(hw_usbd_ip3503.o)
                0x00001c08                hwUSB_ISR
 .text.mwCDC_SetRequest
                0x00001da8       0x7c C:\Users\ndjekic\Documents\LPCXpresso_8.1.4_606\LPCOpen\lpc_chip_175x_6x\libs\libusbd_175x_6x_lib.a(mw_usbd_cdcuser.o)
                0x00001da8                mwCDC_SetRequest
 .text.mwCDC_ep0_hdlr
                0x00001e24       0xb0 C:\Users\ndjekic\Documents\LPCXpresso_8.1.4_606\LPCOpen\lpc_chip_175x_6x\libs\libusbd_175x_6x_lib.a(mw_usbd_cdcuser.o)
                0x00001e24                mwCDC_ep0_hdlr
 .text.mwCDC_GetRequest
                0x00001ed4       0x50 C:\Users\ndjekic\Documents\LPCXpresso_8.1.4_606\LPCOpen\lpc_chip_175x_6x\libs\libusbd_175x_6x_lib.a(mw_usbd_cdcuser.o)
                0x00001ed4                mwCDC_GetRequest
 .text.mwCDC_SendNotification
                0x00001f24       0x50 C:\Users\ndjekic\Documents\LPCXpresso_8.1.4_606\LPCOpen\lpc_chip_175x_6x\libs\libusbd_175x_6x_lib.a(mw_usbd_cdcuser.o)
                0x00001f24                mwCDC_SendNotification
 .text.mwCDC_GetMemSize
                0x00001f74        0x4 C:\Users\ndjekic\Documents\LPCXpresso_8.1.4_606\LPCOpen\lpc_chip_175x_6x\libs\libusbd_175x_6x_lib.a(mw_usbd_cdcuser.o)
                0x00001f74                mwCDC_GetMemSize
 .text.mwCDC_init
                0x00001f78      0x140 C:\Users\ndjekic\Documents\LPCXpresso_8.1.4_606\LPCOpen\lpc_chip_175x_6x\libs\libusbd_175x_6x_lib.a(mw_usbd_cdcuser.o)
                0x00001f78                mwCDC_init
 .text.USB_ReqGetConfiguration
                0x000020b8       0x20 C:\Users\ndjekic\Documents\LPCXpresso_8.1.4_606\LPCOpen\lpc_chip_175x_6x\libs\libusbd_175x_6x_lib.a(mw_usbd_core.o)
                0x000020b8                USB_ReqGetConfiguration
 .text.USBD_virt_to_phys
                0x000020d8        0x2 C:\Users\ndjekic\Documents\LPCXpresso_8.1.4_606\LPCOpen\lpc_chip_175x_6x\libs\libusbd_175x_6x_lib.a(mw_usbd_core.o)
                0x000020d8                USBD_virt_to_phys
 .text.USBD_cache_flush
                0x000020da        0x2 C:\Users\ndjekic\Documents\LPCXpresso_8.1.4_606\LPCOpen\lpc_chip_175x_6x\libs\libusbd_175x_6x_lib.a(mw_usbd_core.o)
                0x000020da                USBD_cache_flush
 .text.USB_ReqGetStatus
                0x000020dc       0x8c C:\Users\ndjekic\Documents\LPCXpresso_8.1.4_606\LPCOpen\lpc_chip_175x_6x\libs\libusbd_175x_6x_lib.a(mw_usbd_core.o)
                0x000020dc                USB_ReqGetStatus
 .text.USB_ReqGetDescriptor
                0x00002168       0x84 C:\Users\ndjekic\Documents\LPCXpresso_8.1.4_606\LPCOpen\lpc_chip_175x_6x\libs\libusbd_175x_6x_lib.a(mw_usbd_core.o)
                0x00002168                USB_ReqGetDescriptor
 .text.USB_ReqGetInterface
                0x000021ec       0x34 C:\Users\ndjekic\Documents\LPCXpresso_8.1.4_606\LPCOpen\lpc_chip_175x_6x\libs\libusbd_175x_6x_lib.a(mw_usbd_core.o)
                0x000021ec                USB_ReqGetInterface
 .text.USB_ReqSetClrFeature
                0x00002220       0xb4 C:\Users\ndjekic\Documents\LPCXpresso_8.1.4_606\LPCOpen\lpc_chip_175x_6x\libs\libusbd_175x_6x_lib.a(mw_usbd_core.o)
                0x00002220                USB_ReqSetClrFeature
 .text.USB_ReqSetConfiguration
                0x000022d4      0x194 C:\Users\ndjekic\Documents\LPCXpresso_8.1.4_606\LPCOpen\lpc_chip_175x_6x\libs\libusbd_175x_6x_lib.a(mw_usbd_core.o)
                0x000022d4                USB_ReqSetConfiguration
 .text.USB_ReqSetInterface
                0x00002468      0x144 C:\Users\ndjekic\Documents\LPCXpresso_8.1.4_606\LPCOpen\lpc_chip_175x_6x\libs\libusbd_175x_6x_lib.a(mw_usbd_core.o)
                0x00002468                USB_ReqSetInterface
 .text.mwUSB_SetupStage
                0x000025ac        0xa C:\Users\ndjekic\Documents\LPCXpresso_8.1.4_606\LPCOpen\lpc_chip_175x_6x\libs\libusbd_175x_6x_lib.a(mw_usbd_core.o)
                0x000025ac                mwUSB_SetupStage
 .text.mwUSB_DataInStage
                0x000025b6       0x2e C:\Users\ndjekic\Documents\LPCXpresso_8.1.4_606\LPCOpen\lpc_chip_175x_6x\libs\libusbd_175x_6x_lib.a(mw_usbd_core.o)
                0x000025b6                mwUSB_DataInStage
 .text.mwUSB_DataOutStage
                0x000025e4       0x24 C:\Users\ndjekic\Documents\LPCXpresso_8.1.4_606\LPCOpen\lpc_chip_175x_6x\libs\libusbd_175x_6x_lib.a(mw_usbd_core.o)
                0x000025e4                mwUSB_DataOutStage
 .text.mwUSB_StatusInStage
                0x00002608        0xa C:\Users\ndjekic\Documents\LPCXpresso_8.1.4_606\LPCOpen\lpc_chip_175x_6x\libs\libusbd_175x_6x_lib.a(mw_usbd_core.o)
                0x00002608                mwUSB_StatusInStage
 .text.mwUSB_StatusOutStage
                0x00002612        0xa C:\Users\ndjekic\Documents\LPCXpresso_8.1.4_606\LPCOpen\lpc_chip_175x_6x\libs\libusbd_175x_6x_lib.a(mw_usbd_core.o)
                0x00002612                mwUSB_StatusOutStage
 .text.mwUSB_StallEp0
                0x0000261c       0x12 C:\Users\ndjekic\Documents\LPCXpresso_8.1.4_606\LPCOpen\lpc_chip_175x_6x\libs\libusbd_175x_6x_lib.a(mw_usbd_core.o)
                0x0000261c                mwUSB_StallEp0
 *fill*         0x0000262e        0x2 ff
 .text.USB_ReqSetAddress
                0x00002630       0x24 C:\Users\ndjekic\Documents\LPCXpresso_8.1.4_606\LPCOpen\lpc_chip_175x_6x\libs\libusbd_175x_6x_lib.a(mw_usbd_core.o)
                0x00002630                USB_ReqSetAddress
 .text.USB_InvokeEp0Hdlrs
                0x00002654       0x44 C:\Users\ndjekic\Documents\LPCXpresso_8.1.4_606\LPCOpen\lpc_chip_175x_6x\libs\libusbd_175x_6x_lib.a(mw_usbd_core.o)
                0x00002654                USB_InvokeEp0Hdlrs
 .text.mwUSB_ResetCore
                0x00002698       0x26 C:\Users\ndjekic\Documents\LPCXpresso_8.1.4_606\LPCOpen\lpc_chip_175x_6x\libs\libusbd_175x_6x_lib.a(mw_usbd_core.o)
                0x00002698                mwUSB_ResetCore
 *fill*         0x000026be        0x2 ff
 .text.USB_EvtSetupHandler
                0x000026c0      0x108 C:\Users\ndjekic\Documents\LPCXpresso_8.1.4_606\LPCOpen\lpc_chip_175x_6x\libs\libusbd_175x_6x_lib.a(mw_usbd_core.o)
                0x000026c0                USB_EvtSetupHandler
 .text.USB_EvtOutHandler
                0x000027c8       0x68 C:\Users\ndjekic\Documents\LPCXpresso_8.1.4_606\LPCOpen\lpc_chip_175x_6x\libs\libusbd_175x_6x_lib.a(mw_usbd_core.o)
                0x000027c8                USB_EvtOutHandler
 .text.USB_EndPoint0
                0x00002830       0x94 C:\Users\ndjekic\Documents\LPCXpresso_8.1.4_606\LPCOpen\lpc_chip_175x_6x\libs\libusbd_175x_6x_lib.a(mw_usbd_core.o)
                0x00002830                USB_EndPoint0
 .text.mwUSB_InitCore
                0x000028c4       0xdc C:\Users\ndjekic\Documents\LPCXpresso_8.1.4_606\LPCOpen\lpc_chip_175x_6x\libs\libusbd_175x_6x_lib.a(mw_usbd_core.o)
                0x000028c4                mwUSB_InitCore
 .text.mwUSB_RegisterClassHandler
                0x000029a0       0x28 C:\Users\ndjekic\Documents\LPCXpresso_8.1.4_606\LPCOpen\lpc_chip_175x_6x\libs\libusbd_175x_6x_lib.a(mw_usbd_core.o)
                0x000029a0                mwUSB_RegisterClassHandler
 .text.mwUSB_RegisterEpHandler
                0x000029c8       0x24 C:\Users\ndjekic\Documents\LPCXpresso_8.1.4_606\LPCOpen\lpc_chip_175x_6x\libs\libusbd_175x_6x_lib.a(mw_usbd_core.o)
                0x000029c8                mwUSB_RegisterEpHandler
 .text.__main   0x000029ec       0x14 c:/nxp/lpcxpresso_8.1.4_606/lpcxpresso/tools/bin/../lib/gcc/arm-none-eabi/5.2.1/../../../../arm-none-eabi/lib/armv7-m\libcr_nohost.a(_cr__main.o)
                0x000029ec                __main
 .text.memcpy   0x00002a00        0x4 c:/nxp/lpcxpresso_8.1.4_606/lpcxpresso/tools/bin/../lib/gcc/arm-none-eabi/5.2.1/../../../../arm-none-eabi/lib/armv7-m\libcr_c.a(memcpy.o)
                0x00002a00                memcpy
 .text.memset   0x00002a04        0x4 c:/nxp/lpcxpresso_8.1.4_606/lpcxpresso/tools/bin/../lib/gcc/arm-none-eabi/5.2.1/../../../../arm-none-eabi/lib/armv7-m\libcr_c.a(memset.o)
                0x00002a04                memset
 .text._initio  0x00002a08       0xa4 c:/nxp/lpcxpresso_8.1.4_606/lpcxpresso/tools/bin/../lib/gcc/arm-none-eabi/5.2.1/../../../../arm-none-eabi/lib/armv7-m\libcr_c.a(initio.o)
                0x00002a08                _initio
 .text.setvbuf  0x00002aac       0x40 c:/nxp/lpcxpresso_8.1.4_606/lpcxpresso/tools/bin/../lib/gcc/arm-none-eabi/5.2.1/../../../../arm-none-eabi/lib/armv7-m\libcr_c.a(setvbuf.o)
                0x00002aac                setvbuf
 .text._deferredlazyseek
                0x00002aec       0x44 c:/nxp/lpcxpresso_8.1.4_606/lpcxpresso/tools/bin/../lib/gcc/arm-none-eabi/5.2.1/../../../../arm-none-eabi/lib/armv7-m\libcr_c.a(_deferredlazyseek.o)
                0x00002aec                _deferredlazyseek
 .text._fdopen  0x00002b30       0x6a c:/nxp/lpcxpresso_8.1.4_606/lpcxpresso/tools/bin/../lib/gcc/arm-none-eabi/5.2.1/../../../../arm-none-eabi/lib/armv7-m\libcr_c.a(_fdopen.o)
                0x00002b30                _fdopen
 .text._fflush  0x00002b9a       0x58 c:/nxp/lpcxpresso_8.1.4_606/lpcxpresso/tools/bin/../lib/gcc/arm-none-eabi/5.2.1/../../../../arm-none-eabi/lib/armv7-m\libcr_c.a(_fflush.o)
                0x00002b9a                _fflush
 *fill*         0x00002bf2        0x2 ff
 .text._Cwritebuf
                0x00002bf4       0x68 c:/nxp/lpcxpresso_8.1.4_606/lpcxpresso/tools/bin/../lib/gcc/arm-none-eabi/5.2.1/../../../../arm-none-eabi/lib/armv7-m\libcr_c.a(_writebuf.o)
                0x00002bf4                _Cwritebuf
 .text.malloc   0x00002c5c       0xc8 c:/nxp/lpcxpresso_8.1.4_606/lpcxpresso/tools/bin/../lib/gcc/arm-none-eabi/5.2.1/../../../../arm-none-eabi/lib/armv7-m\libcr_c.a(alloc.o)
                0x00002c5c                malloc
 .text.free     0x00002d24       0x30 c:/nxp/lpcxpresso_8.1.4_606/lpcxpresso/tools/bin/../lib/gcc/arm-none-eabi/5.2.1/../../../../arm-none-eabi/lib/armv7-m\libcr_c.a(alloc.o)
                0x00002d24                free
 .text._Csys_alloc
                0x00002d54       0x20 c:/nxp/lpcxpresso_8.1.4_606/lpcxpresso/tools/bin/../lib/gcc/arm-none-eabi/5.2.1/../../../../arm-none-eabi/lib/armv7-m\libcr_c.a(alloc.o)
                0x00002d54                _Csys_alloc
 .text.fclose   0x00002d74       0x6c c:/nxp/lpcxpresso_8.1.4_606/lpcxpresso/tools/bin/../lib/gcc/arm-none-eabi/5.2.1/../../../../arm-none-eabi/lib/armv7-m\libcr_c.a(fclose.o)
                0x00002d74                fclose
 .text.fflush   0x00002de0       0x30 c:/nxp/lpcxpresso_8.1.4_606/lpcxpresso/tools/bin/../lib/gcc/arm-none-eabi/5.2.1/../../../../arm-none-eabi/lib/armv7-m\libcr_c.a(fflush.o)
                0x00002de0                fflush
 .text.fseek    0x00002e10      0x110 c:/nxp/lpcxpresso_8.1.4_606/lpcxpresso/tools/bin/../lib/gcc/arm-none-eabi/5.2.1/../../../../arm-none-eabi/lib/armv7-m\libcr_c.a(fseek.o)
                0x00002e10                fseek
 .text.ftell    0x00002f20       0x4c c:/nxp/lpcxpresso_8.1.4_606/lpcxpresso/tools/bin/../lib/gcc/arm-none-eabi/5.2.1/../../../../arm-none-eabi/lib/armv7-m\libcr_c.a(ftell.o)
                0x00002f20                ftell
 .text.remove   0x00002f6c       0x14 c:/nxp/lpcxpresso_8.1.4_606/lpcxpresso/tools/bin/../lib/gcc/arm-none-eabi/5.2.1/../../../../arm-none-eabi/lib/armv7-m\libcr_c.a(remove.o)
                0x00002f6c                remove
 .text.strlen   0x00002f80       0x4a c:/nxp/lpcxpresso_8.1.4_606/lpcxpresso/tools/bin/../lib/gcc/arm-none-eabi/5.2.1/../../../../arm-none-eabi/lib/armv7-m\libcr_c.a(strlen.o)
                0x00002f80                strlen
 *fill*         0x00002fca        0x2 ff
 .text._sbrk    0x00002fcc       0x40 c:/nxp/lpcxpresso_8.1.4_606/lpcxpresso/tools/bin/../lib/gcc/arm-none-eabi/5.2.1/../../../../arm-none-eabi/lib/armv7-m\libcr_c.a(_cr_sbrk.o)
                0x00002fcc                _sbrk
 .text._do_fflush
                0x0000300c       0x44 c:/nxp/lpcxpresso_8.1.4_606/lpcxpresso/tools/bin/../lib/gcc/arm-none-eabi/5.2.1/../../../../arm-none-eabi/lib/armv7-m\libcr_c.a(_do_fflush.o)
                0x0000300c                _do_fflush
 .text.__check_heap_overflow
                0x00003050       0x18 c:/nxp/lpcxpresso_8.1.4_606/lpcxpresso/tools/bin/../lib/gcc/arm-none-eabi/5.2.1/../../../../arm-none-eabi/lib/armv7-m\libcr_c.a(_cr_check_heap.o)
                0x00003050                __check_heap_overflow
 .text.__aeabi_memcpy
                0x00003068       0x34 c:/nxp/lpcxpresso_8.1.4_606/lpcxpresso/tools/bin/../lib/gcc/arm-none-eabi/5.2.1/armv7-m\libcr_eabihelpers.a(memcpy.o)
                0x00003068                __aeabi_memcpy
                0x00003072                __aeabi_memcpy8
                0x00003072                __aeabi_memcpy4
 .text.__aeabi_memset_lowlevel
                0x0000309c       0x32 c:/nxp/lpcxpresso_8.1.4_606/lpcxpresso/tools/bin/../lib/gcc/arm-none-eabi/5.2.1/armv7-m\libcr_eabihelpers.a(memcpy.o)
                0x0000309c                __aeabi_lowlevel_memset
 .text.__sys_appexit
                0x000030ce        0x2 c:/nxp/lpcxpresso_8.1.4_606/lpcxpresso/tools/bin/../lib/gcc/arm-none-eabi/5.2.1/../../../../arm-none-eabi/lib/armv7-m\libcr_nohost.a(__sys_appexit.o)
                0x000030ce                __sys_appexit
                0x000030ce                __exit
 .text.__sys_close
                0x000030d0        0x6 c:/nxp/lpcxpresso_8.1.4_606/lpcxpresso/tools/bin/../lib/gcc/arm-none-eabi/5.2.1/../../../../arm-none-eabi/lib/armv7-m\libcr_nohost.a(__sys_close.o)
                0x000030d0                __sys_close
 .text.__sys_flen
                0x000030d6        0x6 c:/nxp/lpcxpresso_8.1.4_606/lpcxpresso/tools/bin/../lib/gcc/arm-none-eabi/5.2.1/../../../../arm-none-eabi/lib/armv7-m\libcr_nohost.a(__sys_flen.o)
                0x000030d6                __sys_flen
 .text.__sys_istty
                0x000030dc        0x6 c:/nxp/lpcxpresso_8.1.4_606/lpcxpresso/tools/bin/../lib/gcc/arm-none-eabi/5.2.1/../../../../arm-none-eabi/lib/armv7-m\libcr_nohost.a(__sys_istty.o)
                0x000030dc                __sys_istty
 .text.__sys_remove
                0x000030e2        0x6 c:/nxp/lpcxpresso_8.1.4_606/lpcxpresso/tools/bin/../lib/gcc/arm-none-eabi/5.2.1/../../../../arm-none-eabi/lib/armv7-m\libcr_nohost.a(__sys_remove.o)
                0x000030e2                __sys_remove
 .text.__sys_seek
                0x000030e8        0x6 c:/nxp/lpcxpresso_8.1.4_606/lpcxpresso/tools/bin/../lib/gcc/arm-none-eabi/5.2.1/../../../../arm-none-eabi/lib/armv7-m\libcr_nohost.a(__sys_seek.o)
                0x000030e8                __sys_seek
 .text.__sys_tmpnam
                0x000030ee        0x6 c:/nxp/lpcxpresso_8.1.4_606/lpcxpresso/tools/bin/../lib/gcc/arm-none-eabi/5.2.1/../../../../arm-none-eabi/lib/armv7-m\libcr_nohost.a(__sys_tmpnam.o)
                0x000030ee                __sys_tmpnam
 *(.rodata .rodata.* .constdata .constdata.*)
 .rodata.USB_DeviceDescriptor
                0x000030f4       0x12 ./example/src/cdc_desc.o
                0x000030f4                USB_DeviceDescriptor
 *fill*         0x00003106        0x2 ff
 .rodata.USB_StringDescriptor
                0x00003108       0x38 ./example/src/cdc_desc.o
                0x00003108                USB_StringDescriptor
 .rodata.g_usbApi
                0x00003140       0x20 ./example/src/cdc_main.o
 .rodata        0x00003160       0x8e ./example/src/cdc_main.o
 *fill*         0x000031ee        0x2 ff
 .rodata.OscRateIn
                0x000031f0        0x4 C:\Users\ndjekic\Documents\LPCXpresso_8.1.4_606\LPCOpen\lpc_board_nxp_lpcxpresso_1769\Debug\liblpc_board_nxp_lpcxpresso_1769.a(board.o)
                0x000031f0                OscRateIn
 .rodata.RTCOscRateIn
                0x000031f4        0x4 C:\Users\ndjekic\Documents\LPCXpresso_8.1.4_606\LPCOpen\lpc_board_nxp_lpcxpresso_1769\Debug\liblpc_board_nxp_lpcxpresso_1769.a(board.o)
                0x000031f4                RTCOscRateIn
 .rodata.pinmuxing
                0x000031f8       0x5c C:\Users\ndjekic\Documents\LPCXpresso_8.1.4_606\LPCOpen\lpc_board_nxp_lpcxpresso_1769\Debug\liblpc_board_nxp_lpcxpresso_1769.a(board_sysinit.o)
 .rodata.hw_api
                0x00003254       0x5c C:\Users\ndjekic\Documents\LPCXpresso_8.1.4_606\LPCOpen\lpc_chip_175x_6x\libs\libusbd_175x_6x_lib.a(mw_usbd_rom_api.o)
                0x00003254                hw_api
 .rodata.core_api
                0x000032b0       0x20 C:\Users\ndjekic\Documents\LPCXpresso_8.1.4_606\LPCOpen\lpc_chip_175x_6x\libs\libusbd_175x_6x_lib.a(mw_usbd_rom_api.o)
                0x000032b0                core_api
 .rodata.cdc_api
                0x000032d0        0xc C:\Users\ndjekic\Documents\LPCXpresso_8.1.4_606\LPCOpen\lpc_chip_175x_6x\libs\libusbd_175x_6x_lib.a(mw_usbd_rom_api.o)
                0x000032d0                cdc_api
 .rodata.str1.1
                0x000032dc        0x4 c:/nxp/lpcxpresso_8.1.4_606/lpcxpresso/tools/bin/../lib/gcc/arm-none-eabi/5.2.1/../../../../arm-none-eabi/lib/armv7-m\libcr_c.a(initio.o)
 .rodata.str1.1
                0x000032e0       0x18 c:/nxp/lpcxpresso_8.1.4_606/lpcxpresso/tools/bin/../lib/gcc/arm-none-eabi/5.2.1/../../../../arm-none-eabi/lib/armv7-m\libcr_c.a(alloc.o)
                0x000032f8                . = ALIGN (0x4)

.glue_7         0x000032f8        0x0
 .glue_7        0x000032f8        0x0 linker stubs

.glue_7t        0x000032f8        0x0
 .glue_7t       0x000032f8        0x0 linker stubs

.vfp11_veneer   0x000032f8        0x0
 .vfp11_veneer  0x000032f8        0x0 linker stubs

.v4_bx          0x000032f8        0x0
 .v4_bx         0x000032f8        0x0 linker stubs

.iplt           0x000032f8        0x0
 .iplt          0x000032f8        0x0 ./example/src/cdc_desc.o

.rel.dyn        0x000032f8        0x0
 .rel.iplt      0x000032f8        0x0 ./example/src/cdc_desc.o

.ARM.extab
 *(.ARM.extab* .gnu.linkonce.armextab.*)
                0x000032f8                __exidx_start = .

.ARM.exidx
 *(.ARM.exidx* .gnu.linkonce.armexidx.*)
                0x000032f8                __exidx_end = .
                0x000032f8                _etext = .

.data_RAM2      0x2007c000        0x0 load address 0x000032f8
 FILL mask 0xff
                [!provide]                PROVIDE (__start_data_RAM2, .)
 *(.ramfunc.$RAM2)
 *(.ramfunc.$RamAHB32)
 *(.data.$RAM2*)
 *(.data.$RamAHB32*)
                0x2007c000                . = ALIGN (0x4)
                [!provide]                PROVIDE (__end_data_RAM2, .)

.uninit_RESERVED
                0x10000000        0x0
 *(.bss.$RESERVED*)
                0x10000000                . = ALIGN (0x4)
                0x10000000                _end_uninit_RESERVED = .

.data           0x10000000      0x150 load address 0x000032f8
 FILL mask 0xff
                0x10000000                _data = .
 *(vtable)
 *(.ramfunc*)
 *(.data*)
 .data.USB_FsConfigDescriptor
                0x10000000       0x4c ./example/src/cdc_desc.o
                0x10000000                USB_FsConfigDescriptor
 .data.g_pUsbApi
                0x1000004c        0x4 ./example/src/cdc_main.o
                0x1000004c                g_pUsbApi
 .data.niz.8524
                0x10000050      0x100 ./example/src/cdc_main.o
                0x10000150                . = ALIGN (0x4)
                0x10000150                _edata = .

.igot.plt       0x10000150        0x0 load address 0x00003448
 .igot.plt      0x10000150        0x0 ./example/src/cdc_desc.o

.bss_RAM2       0x2007c000        0x0
                [!provide]                PROVIDE (__start_bss_RAM2, .)
 *(.bss.$RAM2*)
 *(.bss.$RamAHB32*)
                0x2007c000                . = ALIGN ((. != 0x0)?0x4:0x1)
                [!provide]                PROVIDE (__end_bss_RAM2, .)

.bss            0x10000150      0x278
                0x10000150                _bss = .
 *(.bss*)
 .bss.g_hUsb    0x10000150        0x4 ./example/src/cdc_main.o
 .bss.g_rxBuff  0x10000154      0x100 ./example/src/cdc_main.o
 .bss.ticksPerSecond
                0x10000254        0x4 C:\Users\ndjekic\Documents\LPCXpresso_8.1.4_606\LPCOpen\lpc_chip_175x_6x\Debug\liblpc_chip_175x_6x.a(stopwatch_17xx_40xx.o)
 .bss.ticksPerMs
                0x10000258        0x4 C:\Users\ndjekic\Documents\LPCXpresso_8.1.4_606\LPCOpen\lpc_chip_175x_6x\Debug\liblpc_chip_175x_6x.a(stopwatch_17xx_40xx.o)
 .bss.ticksPerUs
                0x1000025c        0x4 C:\Users\ndjekic\Documents\LPCXpresso_8.1.4_606\LPCOpen\lpc_chip_175x_6x\Debug\liblpc_chip_175x_6x.a(stopwatch_17xx_40xx.o)
 .bss._extra    0x10000260        0x4 c:/nxp/lpcxpresso_8.1.4_606/lpcxpresso/tools/bin/../lib/gcc/arm-none-eabi/5.2.1/../../../../arm-none-eabi/lib/armv7-m\libcr_c.a(initio.o)
                0x10000260                _extra
 .bss.__Ciob    0x10000264      0x140 c:/nxp/lpcxpresso_8.1.4_606/lpcxpresso/tools/bin/../lib/gcc/arm-none-eabi/5.2.1/../../../../arm-none-eabi/lib/armv7-m\libcr_c.a(stdio.o)
                0x10000264                __Ciob
 .bss.__heaps   0x100003a4        0x4 c:/nxp/lpcxpresso_8.1.4_606/lpcxpresso/tools/bin/../lib/gcc/arm-none-eabi/5.2.1/../../../../arm-none-eabi/lib/armv7-m\libcr_c.a(__init_alloc.o)
                0x100003a4                __heaps
 .bss.__end_of_heap
                0x100003a8        0x4 c:/nxp/lpcxpresso_8.1.4_606/lpcxpresso/tools/bin/../lib/gcc/arm-none-eabi/5.2.1/../../../../arm-none-eabi/lib/armv7-m\libcr_c.a(__init_alloc.o)
                0x100003a8                __end_of_heap
 .bss.errno     0x100003ac        0x4 c:/nxp/lpcxpresso_8.1.4_606/lpcxpresso/tools/bin/../lib/gcc/arm-none-eabi/5.2.1/../../../../arm-none-eabi/lib/armv7-m\libcr_c.a(errno.o)
                0x100003ac                errno
 *(COMMON)
 COMMON         0x100003b0       0x14 ./example/src/cdc_vcom.o
                0x100003b0                g_vCOM
 COMMON         0x100003c4        0x4 C:\Users\ndjekic\Documents\LPCXpresso_8.1.4_606\LPCOpen\lpc_chip_175x_6x\Debug\liblpc_chip_175x_6x.a(chip_17xx_40xx.o)
                0x100003c4                SystemCoreClock
                0x100003c8                . = ALIGN (0x4)
                0x100003c8                _ebss = .
                [!provide]                PROVIDE (end, .)

.noinit_RAM2    0x2007c000        0x0
 *(.noinit.$RAM2*)
 *(.noinit.$RamAHB32*)
                0x2007c000                . = ALIGN (0x4)

.noinit         0x100003c8        0x0
                0x100003c8                _noinit = .
 *(.noinit*)
                0x100003c8                . = ALIGN (0x4)
                0x100003c8                _end_noinit = .
                0x100003c8                PROVIDE (_pvHeapStart, DEFINED (__user_heap_base)?__user_heap_base:.)
                0x10008000                PROVIDE (_vStackTop, DEFINED (__user_stack_top)?__user_stack_top:(__top_RamLoc32 - 0x0))
                [!provide]                PROVIDE (__valid_user_code_checksum, (0x0 - ((((((_vStackTop + (ResetISR + 0x1)) + (NMI_Handler + 0x1)) + (HardFault_Handler + 0x1)) + (DEFINED (MemManage_Handler)?MemManage_Handler:0x0 + 0x1)) + (DEFINED (BusFault_Handler)?BusFault_Handler:0x0 + 0x1)) + (DEFINED (UsageFault_Handler)?UsageFault_Handler:0x0 + 0x1))))
OUTPUT(usbd_lib_cdc.axf elf32-littlearm)

.debug_info     0x00000000     0xea71
 .debug_info    0x00000000       0xee ./example/src/cdc_desc.o
 .debug_info    0x000000ee     0x1bc8 ./example/src/cdc_main.o
 .debug_info    0x00001cb6     0x1a26 ./example/src/cdc_vcom.o
 .debug_info    0x000036dc      0x24b ./example/src/cr_startup_lpc175x_6x.o
 .debug_info    0x00003927      0x110 ./example/src/sysinit.o
 .debug_info    0x00003a37     0x13ae C:\Users\ndjekic\Documents\LPCXpresso_8.1.4_606\LPCOpen\lpc_board_nxp_lpcxpresso_1769\Debug\liblpc_board_nxp_lpcxpresso_1769.a(board.o)
 .debug_info    0x00004de5      0x56c C:\Users\ndjekic\Documents\LPCXpresso_8.1.4_606\LPCOpen\lpc_board_nxp_lpcxpresso_1769\Debug\liblpc_board_nxp_lpcxpresso_1769.a(board_sysinit.o)
 .debug_info    0x00005351      0x51e C:\Users\ndjekic\Documents\LPCXpresso_8.1.4_606\LPCOpen\lpc_chip_175x_6x\Debug\liblpc_chip_175x_6x.a(chip_17xx_40xx.o)
 .debug_info    0x0000586f      0xb62 C:\Users\ndjekic\Documents\LPCXpresso_8.1.4_606\LPCOpen\lpc_chip_175x_6x\Debug\liblpc_chip_175x_6x.a(clock_17xx_40xx.o)
 .debug_info    0x000063d1      0x2d9 C:\Users\ndjekic\Documents\LPCXpresso_8.1.4_606\LPCOpen\lpc_chip_175x_6x\Debug\liblpc_chip_175x_6x.a(iocon_17xx_40xx.o)
 .debug_info    0x000066aa      0x3ed C:\Users\ndjekic\Documents\LPCXpresso_8.1.4_606\LPCOpen\lpc_chip_175x_6x\Debug\liblpc_chip_175x_6x.a(stopwatch_17xx_40xx.o)
 .debug_info    0x00006a97      0x439 C:\Users\ndjekic\Documents\LPCXpresso_8.1.4_606\LPCOpen\lpc_chip_175x_6x\Debug\liblpc_chip_175x_6x.a(sysinit_17xx_40xx.o)
 .debug_info    0x00006ed0      0x3f4 C:\Users\ndjekic\Documents\LPCXpresso_8.1.4_606\LPCOpen\lpc_chip_175x_6x\Debug\liblpc_chip_175x_6x.a(timer_17xx_40xx.o)
 .debug_info    0x000072c4      0xeda C:\Users\ndjekic\Documents\LPCXpresso_8.1.4_606\LPCOpen\lpc_chip_175x_6x\Debug\liblpc_chip_175x_6x.a(uart_17xx_40xx.o)
 .debug_info    0x0000819e     0x14f8 C:\Users\ndjekic\Documents\LPCXpresso_8.1.4_606\LPCOpen\lpc_chip_175x_6x\libs\libusbd_175x_6x_lib.a(mw_usbd_rom_api.o)
 .debug_info    0x00009696     0x1f77 C:\Users\ndjekic\Documents\LPCXpresso_8.1.4_606\LPCOpen\lpc_chip_175x_6x\libs\libusbd_175x_6x_lib.a(hw_usbd_ip3503.o)
 .debug_info    0x0000b60d     0x14e4 C:\Users\ndjekic\Documents\LPCXpresso_8.1.4_606\LPCOpen\lpc_chip_175x_6x\libs\libusbd_175x_6x_lib.a(mw_usbd_cdcuser.o)
 .debug_info    0x0000caf1     0x1f80 C:\Users\ndjekic\Documents\LPCXpresso_8.1.4_606\LPCOpen\lpc_chip_175x_6x\libs\libusbd_175x_6x_lib.a(mw_usbd_core.o)

.debug_abbrev   0x00000000     0x24f8
 .debug_abbrev  0x00000000       0x60 ./example/src/cdc_desc.o
 .debug_abbrev  0x00000060      0x30b ./example/src/cdc_main.o
 .debug_abbrev  0x0000036b      0x29b ./example/src/cdc_vcom.o
 .debug_abbrev  0x00000606       0xf5 ./example/src/cr_startup_lpc175x_6x.o
 .debug_abbrev  0x000006fb       0xa3 ./example/src/sysinit.o
 .debug_abbrev  0x0000079e      0x379 C:\Users\ndjekic\Documents\LPCXpresso_8.1.4_606\LPCOpen\lpc_board_nxp_lpcxpresso_1769\Debug\liblpc_board_nxp_lpcxpresso_1769.a(board.o)
 .debug_abbrev  0x00000b17      0x15c C:\Users\ndjekic\Documents\LPCXpresso_8.1.4_606\LPCOpen\lpc_board_nxp_lpcxpresso_1769\Debug\liblpc_board_nxp_lpcxpresso_1769.a(board_sysinit.o)
 .debug_abbrev  0x00000c73      0x13c C:\Users\ndjekic\Documents\LPCXpresso_8.1.4_606\LPCOpen\lpc_chip_175x_6x\Debug\liblpc_chip_175x_6x.a(chip_17xx_40xx.o)
 .debug_abbrev  0x00000daf      0x2ec C:\Users\ndjekic\Documents\LPCXpresso_8.1.4_606\LPCOpen\lpc_chip_175x_6x\Debug\liblpc_chip_175x_6x.a(clock_17xx_40xx.o)
 .debug_abbrev  0x0000109b      0x126 C:\Users\ndjekic\Documents\LPCXpresso_8.1.4_606\LPCOpen\lpc_chip_175x_6x\Debug\liblpc_chip_175x_6x.a(iocon_17xx_40xx.o)
 .debug_abbrev  0x000011c1      0x191 C:\Users\ndjekic\Documents\LPCXpresso_8.1.4_606\LPCOpen\lpc_chip_175x_6x\Debug\liblpc_chip_175x_6x.a(stopwatch_17xx_40xx.o)
 .debug_abbrev  0x00001352      0x175 C:\Users\ndjekic\Documents\LPCXpresso_8.1.4_606\LPCOpen\lpc_chip_175x_6x\Debug\liblpc_chip_175x_6x.a(sysinit_17xx_40xx.o)
 .debug_abbrev  0x000014c7      0x163 C:\Users\ndjekic\Documents\LPCXpresso_8.1.4_606\LPCOpen\lpc_chip_175x_6x\Debug\liblpc_chip_175x_6x.a(timer_17xx_40xx.o)
 .debug_abbrev  0x0000162a      0x2e8 C:\Users\ndjekic\Documents\LPCXpresso_8.1.4_606\LPCOpen\lpc_chip_175x_6x\Debug\liblpc_chip_175x_6x.a(uart_17xx_40xx.o)
 .debug_abbrev  0x00001912      0x143 C:\Users\ndjekic\Documents\LPCXpresso_8.1.4_606\LPCOpen\lpc_chip_175x_6x\libs\libusbd_175x_6x_lib.a(mw_usbd_rom_api.o)
 .debug_abbrev  0x00001a55      0x3b8 C:\Users\ndjekic\Documents\LPCXpresso_8.1.4_606\LPCOpen\lpc_chip_175x_6x\libs\libusbd_175x_6x_lib.a(hw_usbd_ip3503.o)
 .debug_abbrev  0x00001e0d      0x2f5 C:\Users\ndjekic\Documents\LPCXpresso_8.1.4_606\LPCOpen\lpc_chip_175x_6x\libs\libusbd_175x_6x_lib.a(mw_usbd_cdcuser.o)
 .debug_abbrev  0x00002102      0x3f6 C:\Users\ndjekic\Documents\LPCXpresso_8.1.4_606\LPCOpen\lpc_chip_175x_6x\libs\libusbd_175x_6x_lib.a(mw_usbd_core.o)

.debug_aranges  0x00000000      0x940
 .debug_aranges
                0x00000000       0x18 ./example/src/cdc_desc.o
 .debug_aranges
                0x00000018       0x80 ./example/src/cdc_main.o
 .debug_aranges
                0x00000098       0x68 ./example/src/cdc_vcom.o
 .debug_aranges
                0x00000100       0x80 ./example/src/cr_startup_lpc175x_6x.o
 .debug_aranges
                0x00000180       0x20 ./example/src/sysinit.o
 .debug_aranges
                0x000001a0      0x160 C:\Users\ndjekic\Documents\LPCXpresso_8.1.4_606\LPCOpen\lpc_board_nxp_lpcxpresso_1769\Debug\liblpc_board_nxp_lpcxpresso_1769.a(board.o)
 .debug_aranges
                0x00000300       0x38 C:\Users\ndjekic\Documents\LPCXpresso_8.1.4_606\LPCOpen\lpc_board_nxp_lpcxpresso_1769\Debug\liblpc_board_nxp_lpcxpresso_1769.a(board_sysinit.o)
 .debug_aranges
                0x00000338       0x38 C:\Users\ndjekic\Documents\LPCXpresso_8.1.4_606\LPCOpen\lpc_chip_175x_6x\Debug\liblpc_chip_175x_6x.a(chip_17xx_40xx.o)
 .debug_aranges
                0x00000370      0x120 C:\Users\ndjekic\Documents\LPCXpresso_8.1.4_606\LPCOpen\lpc_chip_175x_6x\Debug\liblpc_chip_175x_6x.a(clock_17xx_40xx.o)
 .debug_aranges
                0x00000490       0x30 C:\Users\ndjekic\Documents\LPCXpresso_8.1.4_606\LPCOpen\lpc_chip_175x_6x\Debug\liblpc_chip_175x_6x.a(iocon_17xx_40xx.o)
 .debug_aranges
                0x000004c0       0x68 C:\Users\ndjekic\Documents\LPCXpresso_8.1.4_606\LPCOpen\lpc_chip_175x_6x\Debug\liblpc_chip_175x_6x.a(stopwatch_17xx_40xx.o)
 .debug_aranges
                0x00000528       0x60 C:\Users\ndjekic\Documents\LPCXpresso_8.1.4_606\LPCOpen\lpc_chip_175x_6x\Debug\liblpc_chip_175x_6x.a(sysinit_17xx_40xx.o)
 .debug_aranges
                0x00000588       0x40 C:\Users\ndjekic\Documents\LPCXpresso_8.1.4_606\LPCOpen\lpc_chip_175x_6x\Debug\liblpc_chip_175x_6x.a(timer_17xx_40xx.o)
 .debug_aranges
                0x000005c8      0x128 C:\Users\ndjekic\Documents\LPCXpresso_8.1.4_606\LPCOpen\lpc_chip_175x_6x\Debug\liblpc_chip_175x_6x.a(uart_17xx_40xx.o)
 .debug_aranges
                0x000006f0       0x18 C:\Users\ndjekic\Documents\LPCXpresso_8.1.4_606\LPCOpen\lpc_chip_175x_6x\libs\libusbd_175x_6x_lib.a(mw_usbd_rom_api.o)
 .debug_aranges
                0x00000708      0x118 C:\Users\ndjekic\Documents\LPCXpresso_8.1.4_606\LPCOpen\lpc_chip_175x_6x\libs\libusbd_175x_6x_lib.a(hw_usbd_ip3503.o)
 .debug_aranges
                0x00000820       0x48 C:\Users\ndjekic\Documents\LPCXpresso_8.1.4_606\LPCOpen\lpc_chip_175x_6x\libs\libusbd_175x_6x_lib.a(mw_usbd_cdcuser.o)
 .debug_aranges
                0x00000868       0xd8 C:\Users\ndjekic\Documents\LPCXpresso_8.1.4_606\LPCOpen\lpc_chip_175x_6x\libs\libusbd_175x_6x_lib.a(mw_usbd_core.o)

.debug_macro    0x00000000     0x61f9
 .debug_macro   0x00000000       0xf5 ./example/src/cdc_desc.o
 .debug_macro   0x000000f5      0x886 ./example/src/cdc_desc.o
 .debug_macro   0x0000097b       0x10 ./example/src/cdc_desc.o
 .debug_macro   0x0000098b      0x12d ./example/src/cdc_desc.o
 .debug_macro   0x00000ab8      0x5b2 ./example/src/cdc_desc.o
 .debug_macro   0x0000106a       0x22 ./example/src/cdc_desc.o
 .debug_macro   0x0000108c       0x7b ./example/src/cdc_desc.o
 .debug_macro   0x00001107       0x18 ./example/src/cdc_desc.o
 .debug_macro   0x0000111f      0x26c ./example/src/cdc_desc.o
 .debug_macro   0x0000138b       0x58 ./example/src/cdc_desc.o
 .debug_macro   0x000013e3       0x12 ./example/src/cdc_desc.o
 .debug_macro   0x000013f5       0xfa ./example/src/cdc_desc.o
 .debug_macro   0x000014ef       0xee ./example/src/cdc_desc.o
 .debug_macro   0x000015dd      0x693 ./example/src/cdc_desc.o
 .debug_macro   0x00001c70      0x272 ./example/src/cdc_desc.o
 .debug_macro   0x00001ee2       0x10 ./example/src/cdc_desc.o
 .debug_macro   0x00001ef2      0x2ee ./example/src/cdc_main.o
 .debug_macro   0x000021e0       0x10 ./example/src/cdc_main.o
 .debug_macro   0x000021f0       0x2d ./example/src/cdc_main.o
 .debug_macro   0x0000221d       0x3a ./example/src/cdc_main.o
 .debug_macro   0x00002257       0x2d ./example/src/cdc_main.o
 .debug_macro   0x00002284      0xbb1 ./example/src/cdc_main.o
 .debug_macro   0x00002e35      0x22c ./example/src/cdc_main.o
 .debug_macro   0x00003061       0x42 ./example/src/cdc_main.o
 .debug_macro   0x000030a3       0x52 ./example/src/cdc_main.o
 .debug_macro   0x000030f5       0x78 ./example/src/cdc_main.o
 .debug_macro   0x0000316d       0x82 ./example/src/cdc_main.o
 .debug_macro   0x000031ef      0x48c ./example/src/cdc_main.o
 .debug_macro   0x0000367b       0x34 ./example/src/cdc_main.o
 .debug_macro   0x000036af      0x4c5 ./example/src/cdc_main.o
 .debug_macro   0x00003b74      0x1b7 ./example/src/cdc_main.o
 .debug_macro   0x00003d2b       0x10 ./example/src/cdc_main.o
 .debug_macro   0x00003d3b      0x21b ./example/src/cdc_main.o
 .debug_macro   0x00003f56      0x1b9 ./example/src/cdc_main.o
 .debug_macro   0x0000410f       0x40 ./example/src/cdc_main.o
 .debug_macro   0x0000414f       0x22 ./example/src/cdc_main.o
 .debug_macro   0x00004171      0x162 ./example/src/cdc_main.o
 .debug_macro   0x000042d3       0x94 ./example/src/cdc_main.o
 .debug_macro   0x00004367       0xb8 ./example/src/cdc_main.o
 .debug_macro   0x0000441f       0x4c ./example/src/cdc_main.o
 .debug_macro   0x0000446b       0x16 ./example/src/cdc_main.o
 .debug_macro   0x00004481      0x328 ./example/src/cdc_main.o
 .debug_macro   0x000047a9       0x49 ./example/src/cdc_main.o
 .debug_macro   0x000047f2       0x16 ./example/src/cdc_main.o
 .debug_macro   0x00004808       0xca ./example/src/cdc_main.o
 .debug_macro   0x000048d2       0x76 ./example/src/cdc_main.o
 .debug_macro   0x00004948       0x9a ./example/src/cdc_main.o
 .debug_macro   0x000049e2       0x20 ./example/src/cdc_main.o
 .debug_macro   0x00004a02       0x28 ./example/src/cdc_main.o
 .debug_macro   0x00004a2a       0x58 ./example/src/cdc_main.o
 .debug_macro   0x00004a82       0x2e ./example/src/cdc_main.o
 .debug_macro   0x00004ab0      0x2da ./example/src/cdc_vcom.o
 .debug_macro   0x00004d8a       0x74 ./example/src/cdc_vcom.o
 .debug_macro   0x00004dfe       0x70 ./example/src/cdc_vcom.o
 .debug_macro   0x00004e6e       0x1d ./example/src/cr_startup_lpc175x_6x.o
 .debug_macro   0x00004e8b      0x217 ./example/src/sysinit.o
 .debug_macro   0x000050a2      0x289 C:\Users\ndjekic\Documents\LPCXpresso_8.1.4_606\LPCOpen\lpc_board_nxp_lpcxpresso_1769\Debug\liblpc_board_nxp_lpcxpresso_1769.a(board.o)
 .debug_macro   0x0000532b       0x12 C:\Users\ndjekic\Documents\LPCXpresso_8.1.4_606\LPCOpen\lpc_board_nxp_lpcxpresso_1769\Debug\liblpc_board_nxp_lpcxpresso_1769.a(board.o)
 .debug_macro   0x0000533d      0x217 C:\Users\ndjekic\Documents\LPCXpresso_8.1.4_606\LPCOpen\lpc_board_nxp_lpcxpresso_1769\Debug\liblpc_board_nxp_lpcxpresso_1769.a(board_sysinit.o)
 .debug_macro   0x00005554      0x1cd C:\Users\ndjekic\Documents\LPCXpresso_8.1.4_606\LPCOpen\lpc_chip_175x_6x\Debug\liblpc_chip_175x_6x.a(chip_17xx_40xx.o)
 .debug_macro   0x00005721      0x1cd C:\Users\ndjekic\Documents\LPCXpresso_8.1.4_606\LPCOpen\lpc_chip_175x_6x\Debug\liblpc_chip_175x_6x.a(clock_17xx_40xx.o)
 .debug_macro   0x000058ee      0x1cd C:\Users\ndjekic\Documents\LPCXpresso_8.1.4_606\LPCOpen\lpc_chip_175x_6x\Debug\liblpc_chip_175x_6x.a(iocon_17xx_40xx.o)
 .debug_macro   0x00005abb      0x1d7 C:\Users\ndjekic\Documents\LPCXpresso_8.1.4_606\LPCOpen\lpc_chip_175x_6x\Debug\liblpc_chip_175x_6x.a(stopwatch_17xx_40xx.o)
 .debug_macro   0x00005c92      0x1cd C:\Users\ndjekic\Documents\LPCXpresso_8.1.4_606\LPCOpen\lpc_chip_175x_6x\Debug\liblpc_chip_175x_6x.a(sysinit_17xx_40xx.o)
 .debug_macro   0x00005e5f      0x1cd C:\Users\ndjekic\Documents\LPCXpresso_8.1.4_606\LPCOpen\lpc_chip_175x_6x\Debug\liblpc_chip_175x_6x.a(timer_17xx_40xx.o)
 .debug_macro   0x0000602c      0x1cd C:\Users\ndjekic\Documents\LPCXpresso_8.1.4_606\LPCOpen\lpc_chip_175x_6x\Debug\liblpc_chip_175x_6x.a(uart_17xx_40xx.o)

.debug_line     0x00000000     0x5802
 .debug_line    0x00000000      0x2d9 ./example/src/cdc_desc.o
 .debug_line    0x000002d9      0x7a9 ./example/src/cdc_main.o
 .debug_line    0x00000a82      0x727 ./example/src/cdc_vcom.o
 .debug_line    0x000011a9       0xdd ./example/src/cr_startup_lpc175x_6x.o
 .debug_line    0x00001286      0x49d ./example/src/sysinit.o
 .debug_line    0x00001723      0x851 C:\Users\ndjekic\Documents\LPCXpresso_8.1.4_606\LPCOpen\lpc_board_nxp_lpcxpresso_1769\Debug\liblpc_board_nxp_lpcxpresso_1769.a(board.o)
 .debug_line    0x00001f74      0x4d5 C:\Users\ndjekic\Documents\LPCXpresso_8.1.4_606\LPCOpen\lpc_board_nxp_lpcxpresso_1769\Debug\liblpc_board_nxp_lpcxpresso_1769.a(board_sysinit.o)
 .debug_line    0x00002449      0x459 C:\Users\ndjekic\Documents\LPCXpresso_8.1.4_606\LPCOpen\lpc_chip_175x_6x\Debug\liblpc_chip_175x_6x.a(chip_17xx_40xx.o)
 .debug_line    0x000028a2      0x6d5 C:\Users\ndjekic\Documents\LPCXpresso_8.1.4_606\LPCOpen\lpc_chip_175x_6x\Debug\liblpc_chip_175x_6x.a(clock_17xx_40xx.o)
 .debug_line    0x00002f77      0x445 C:\Users\ndjekic\Documents\LPCXpresso_8.1.4_606\LPCOpen\lpc_chip_175x_6x\Debug\liblpc_chip_175x_6x.a(iocon_17xx_40xx.o)
 .debug_line    0x000033bc      0x4d4 C:\Users\ndjekic\Documents\LPCXpresso_8.1.4_606\LPCOpen\lpc_chip_175x_6x\Debug\liblpc_chip_175x_6x.a(stopwatch_17xx_40xx.o)
 .debug_line    0x00003890      0x4cf C:\Users\ndjekic\Documents\LPCXpresso_8.1.4_606\LPCOpen\lpc_chip_175x_6x\Debug\liblpc_chip_175x_6x.a(sysinit_17xx_40xx.o)
 .debug_line    0x00003d5f      0x46a C:\Users\ndjekic\Documents\LPCXpresso_8.1.4_606\LPCOpen\lpc_chip_175x_6x\Debug\liblpc_chip_175x_6x.a(timer_17xx_40xx.o)
 .debug_line    0x000041c9      0x781 C:\Users\ndjekic\Documents\LPCXpresso_8.1.4_606\LPCOpen\lpc_chip_175x_6x\Debug\liblpc_chip_175x_6x.a(uart_17xx_40xx.o)
 .debug_line    0x0000494a      0x198 C:\Users\ndjekic\Documents\LPCXpresso_8.1.4_606\LPCOpen\lpc_chip_175x_6x\libs\libusbd_175x_6x_lib.a(mw_usbd_rom_api.o)
 .debug_line    0x00004ae2      0x54e C:\Users\ndjekic\Documents\LPCXpresso_8.1.4_606\LPCOpen\lpc_chip_175x_6x\libs\libusbd_175x_6x_lib.a(hw_usbd_ip3503.o)
 .debug_line    0x00005030      0x308 C:\Users\ndjekic\Documents\LPCXpresso_8.1.4_606\LPCOpen\lpc_chip_175x_6x\libs\libusbd_175x_6x_lib.a(mw_usbd_cdcuser.o)
 .debug_line    0x00005338      0x4ca C:\Users\ndjekic\Documents\LPCXpresso_8.1.4_606\LPCOpen\lpc_chip_175x_6x\libs\libusbd_175x_6x_lib.a(mw_usbd_core.o)

.debug_str      0x00000000    0x18f66
 .debug_str     0x00000000     0x7b81 ./example/src/cdc_desc.o
                               0x7c12 (size before relaxing)
 .debug_str     0x00007b81     0xe1e1 ./example/src/cdc_main.o
                              0x160a2 (size before relaxing)
 .debug_str     0x00015d62      0x215 ./example/src/cdc_vcom.o
                              0x15fe8 (size before relaxing)
 .debug_str     0x00015f77      0x1ca ./example/src/cr_startup_lpc175x_6x.o
                               0x269f (size before relaxing)
 .debug_str     0x00016141       0x23 ./example/src/sysinit.o
                              0x10a52 (size before relaxing)
 .debug_str     0x00016164      0xc7d C:\Users\ndjekic\Documents\LPCXpresso_8.1.4_606\LPCOpen\lpc_board_nxp_lpcxpresso_1769\Debug\liblpc_board_nxp_lpcxpresso_1769.a(board.o)
                              0x11929 (size before relaxing)
 .debug_str     0x00016de1      0x22d C:\Users\ndjekic\Documents\LPCXpresso_8.1.4_606\LPCOpen\lpc_board_nxp_lpcxpresso_1769\Debug\liblpc_board_nxp_lpcxpresso_1769.a(board_sysinit.o)
                              0x10e63 (size before relaxing)
 .debug_str     0x0001700e       0xd2 C:\Users\ndjekic\Documents\LPCXpresso_8.1.4_606\LPCOpen\lpc_chip_175x_6x\Debug\liblpc_chip_175x_6x.a(chip_17xx_40xx.o)
                              0x10b5a (size before relaxing)
 .debug_str     0x000170e0      0x851 C:\Users\ndjekic\Documents\LPCXpresso_8.1.4_606\LPCOpen\lpc_chip_175x_6x\Debug\liblpc_chip_175x_6x.a(clock_17xx_40xx.o)
                              0x111c8 (size before relaxing)
 .debug_str     0x00017931       0x79 C:\Users\ndjekic\Documents\LPCXpresso_8.1.4_606\LPCOpen\lpc_chip_175x_6x\Debug\liblpc_chip_175x_6x.a(iocon_17xx_40xx.o)
                              0x10645 (size before relaxing)
 .debug_str     0x000179aa      0x13d C:\Users\ndjekic\Documents\LPCXpresso_8.1.4_606\LPCOpen\lpc_chip_175x_6x\Debug\liblpc_chip_175x_6x.a(stopwatch_17xx_40xx.o)
                              0x10849 (size before relaxing)
 .debug_str     0x00017ae7       0xc4 C:\Users\ndjekic\Documents\LPCXpresso_8.1.4_606\LPCOpen\lpc_chip_175x_6x\Debug\liblpc_chip_175x_6x.a(sysinit_17xx_40xx.o)
                              0x1082d (size before relaxing)
 .debug_str     0x00017bab      0x135 C:\Users\ndjekic\Documents\LPCXpresso_8.1.4_606\LPCOpen\lpc_chip_175x_6x\Debug\liblpc_chip_175x_6x.a(timer_17xx_40xx.o)
                              0x10976 (size before relaxing)
 .debug_str     0x00017ce0      0x3ab C:\Users\ndjekic\Documents\LPCXpresso_8.1.4_606\LPCOpen\lpc_chip_175x_6x\Debug\liblpc_chip_175x_6x.a(uart_17xx_40xx.o)
                              0x1109d (size before relaxing)
 .debug_str     0x0001808b      0x6ee C:\Users\ndjekic\Documents\LPCXpresso_8.1.4_606\LPCOpen\lpc_chip_175x_6x\libs\libusbd_175x_6x_lib.a(mw_usbd_rom_api.o)
                               0x18af (size before relaxing)
 .debug_str     0x00018779      0x51a C:\Users\ndjekic\Documents\LPCXpresso_8.1.4_606\LPCOpen\lpc_chip_175x_6x\libs\libusbd_175x_6x_lib.a(hw_usbd_ip3503.o)
                               0x1ab2 (size before relaxing)
 .debug_str     0x00018c93      0x15a C:\Users\ndjekic\Documents\LPCXpresso_8.1.4_606\LPCOpen\lpc_chip_175x_6x\libs\libusbd_175x_6x_lib.a(mw_usbd_cdcuser.o)
                               0x1910 (size before relaxing)
 .debug_str     0x00018ded      0x179 C:\Users\ndjekic\Documents\LPCXpresso_8.1.4_606\LPCOpen\lpc_chip_175x_6x\libs\libusbd_175x_6x_lib.a(mw_usbd_core.o)
                               0x19a7 (size before relaxing)

.comment        0x00000000       0xde
 .comment       0x00000000       0x6e ./example/src/cdc_desc.o
                                 0x6f (size before relaxing)
 .comment       0x0000006e       0x6f ./example/src/cdc_main.o
 .comment       0x0000006e       0x6f ./example/src/cdc_vcom.o
 .comment       0x0000006e       0x6f ./example/src/cr_startup_lpc175x_6x.o
 .comment       0x0000006e       0x6f ./example/src/sysinit.o
 .comment       0x0000006e       0x6f C:\Users\ndjekic\Documents\LPCXpresso_8.1.4_606\LPCOpen\lpc_board_nxp_lpcxpresso_1769\Debug\liblpc_board_nxp_lpcxpresso_1769.a(board.o)
 .comment       0x0000006e       0x6f C:\Users\ndjekic\Documents\LPCXpresso_8.1.4_606\LPCOpen\lpc_board_nxp_lpcxpresso_1769\Debug\liblpc_board_nxp_lpcxpresso_1769.a(board_sysinit.o)
 .comment       0x0000006e       0x6f C:\Users\ndjekic\Documents\LPCXpresso_8.1.4_606\LPCOpen\lpc_chip_175x_6x\Debug\liblpc_chip_175x_6x.a(chip_17xx_40xx.o)
 .comment       0x0000006e       0x6f C:\Users\ndjekic\Documents\LPCXpresso_8.1.4_606\LPCOpen\lpc_chip_175x_6x\Debug\liblpc_chip_175x_6x.a(clock_17xx_40xx.o)
 .comment       0x0000006e       0x6f C:\Users\ndjekic\Documents\LPCXpresso_8.1.4_606\LPCOpen\lpc_chip_175x_6x\Debug\liblpc_chip_175x_6x.a(iocon_17xx_40xx.o)
 .comment       0x0000006e       0x6f C:\Users\ndjekic\Documents\LPCXpresso_8.1.4_606\LPCOpen\lpc_chip_175x_6x\Debug\liblpc_chip_175x_6x.a(stopwatch_17xx_40xx.o)
 .comment       0x0000006e       0x6f C:\Users\ndjekic\Documents\LPCXpresso_8.1.4_606\LPCOpen\lpc_chip_175x_6x\Debug\liblpc_chip_175x_6x.a(sysinit_17xx_40xx.o)
 .comment       0x0000006e       0x6f C:\Users\ndjekic\Documents\LPCXpresso_8.1.4_606\LPCOpen\lpc_chip_175x_6x\Debug\liblpc_chip_175x_6x.a(timer_17xx_40xx.o)
 .comment       0x0000006e       0x6f C:\Users\ndjekic\Documents\LPCXpresso_8.1.4_606\LPCOpen\lpc_chip_175x_6x\Debug\liblpc_chip_175x_6x.a(uart_17xx_40xx.o)
 .comment       0x0000006e       0x70 C:\Users\ndjekic\Documents\LPCXpresso_8.1.4_606\LPCOpen\lpc_chip_175x_6x\libs\libusbd_175x_6x_lib.a(mw_usbd_rom_api.o)
                                 0x71 (size before relaxing)
 .comment       0x000000de       0x71 C:\Users\ndjekic\Documents\LPCXpresso_8.1.4_606\LPCOpen\lpc_chip_175x_6x\libs\libusbd_175x_6x_lib.a(hw_usbd_ip3503.o)
 .comment       0x000000de       0x71 C:\Users\ndjekic\Documents\LPCXpresso_8.1.4_606\LPCOpen\lpc_chip_175x_6x\libs\libusbd_175x_6x_lib.a(mw_usbd_cdcuser.o)
 .comment       0x000000de       0x71 C:\Users\ndjekic\Documents\LPCXpresso_8.1.4_606\LPCOpen\lpc_chip_175x_6x\libs\libusbd_175x_6x_lib.a(mw_usbd_core.o)
 .comment       0x000000de       0x6f c:/nxp/lpcxpresso_8.1.4_606/lpcxpresso/tools/bin/../lib/gcc/arm-none-eabi/5.2.1/../../../../arm-none-eabi/lib/armv7-m\libcr_nohost.a(_cr__main.o)
 .comment       0x000000de       0x6f c:/nxp/lpcxpresso_8.1.4_606/lpcxpresso/tools/bin/../lib/gcc/arm-none-eabi/5.2.1/../../../../arm-none-eabi/lib/armv7-m\libcr_c.a(memcpy.o)
 .comment       0x000000de       0x6f c:/nxp/lpcxpresso_8.1.4_606/lpcxpresso/tools/bin/../lib/gcc/arm-none-eabi/5.2.1/../../../../arm-none-eabi/lib/armv7-m\libcr_c.a(memset.o)
 .comment       0x000000de       0x6f c:/nxp/lpcxpresso_8.1.4_606/lpcxpresso/tools/bin/../lib/gcc/arm-none-eabi/5.2.1/../../../../arm-none-eabi/lib/armv7-m\libcr_c.a(initio.o)
 .comment       0x000000de       0x6f c:/nxp/lpcxpresso_8.1.4_606/lpcxpresso/tools/bin/../lib/gcc/arm-none-eabi/5.2.1/../../../../arm-none-eabi/lib/armv7-m\libcr_c.a(setvbuf.o)
 .comment       0x000000de       0x6f c:/nxp/lpcxpresso_8.1.4_606/lpcxpresso/tools/bin/../lib/gcc/arm-none-eabi/5.2.1/../../../../arm-none-eabi/lib/armv7-m\libcr_c.a(stdio.o)
 .comment       0x000000de       0x6f c:/nxp/lpcxpresso_8.1.4_606/lpcxpresso/tools/bin/../lib/gcc/arm-none-eabi/5.2.1/../../../../arm-none-eabi/lib/armv7-m\libcr_c.a(_deferredlazyseek.o)
 .comment       0x000000de       0x6f c:/nxp/lpcxpresso_8.1.4_606/lpcxpresso/tools/bin/../lib/gcc/arm-none-eabi/5.2.1/../../../../arm-none-eabi/lib/armv7-m\libcr_c.a(_fdopen.o)
 .comment       0x000000de       0x6f c:/nxp/lpcxpresso_8.1.4_606/lpcxpresso/tools/bin/../lib/gcc/arm-none-eabi/5.2.1/../../../../arm-none-eabi/lib/armv7-m\libcr_c.a(_fflush.o)
 .comment       0x000000de       0x6f c:/nxp/lpcxpresso_8.1.4_606/lpcxpresso/tools/bin/../lib/gcc/arm-none-eabi/5.2.1/../../../../arm-none-eabi/lib/armv7-m\libcr_c.a(_writebuf.o)
 .comment       0x000000de       0x6f c:/nxp/lpcxpresso_8.1.4_606/lpcxpresso/tools/bin/../lib/gcc/arm-none-eabi/5.2.1/../../../../arm-none-eabi/lib/armv7-m\libcr_c.a(alloc.o)
 .comment       0x000000de       0x6f c:/nxp/lpcxpresso_8.1.4_606/lpcxpresso/tools/bin/../lib/gcc/arm-none-eabi/5.2.1/../../../../arm-none-eabi/lib/armv7-m\libcr_c.a(fclose.o)
 .comment       0x000000de       0x6f c:/nxp/lpcxpresso_8.1.4_606/lpcxpresso/tools/bin/../lib/gcc/arm-none-eabi/5.2.1/../../../../arm-none-eabi/lib/armv7-m\libcr_c.a(fflush.o)
 .comment       0x000000de       0x6f c:/nxp/lpcxpresso_8.1.4_606/lpcxpresso/tools/bin/../lib/gcc/arm-none-eabi/5.2.1/../../../../arm-none-eabi/lib/armv7-m\libcr_c.a(fseek.o)
 .comment       0x000000de       0x6f c:/nxp/lpcxpresso_8.1.4_606/lpcxpresso/tools/bin/../lib/gcc/arm-none-eabi/5.2.1/../../../../arm-none-eabi/lib/armv7-m\libcr_c.a(ftell.o)
 .comment       0x000000de       0x6f c:/nxp/lpcxpresso_8.1.4_606/lpcxpresso/tools/bin/../lib/gcc/arm-none-eabi/5.2.1/../../../../arm-none-eabi/lib/armv7-m\libcr_c.a(remove.o)
 .comment       0x000000de       0x6f c:/nxp/lpcxpresso_8.1.4_606/lpcxpresso/tools/bin/../lib/gcc/arm-none-eabi/5.2.1/../../../../arm-none-eabi/lib/armv7-m\libcr_c.a(strlen.o)
 .comment       0x000000de       0x6f c:/nxp/lpcxpresso_8.1.4_606/lpcxpresso/tools/bin/../lib/gcc/arm-none-eabi/5.2.1/../../../../arm-none-eabi/lib/armv7-m\libcr_c.a(__init_alloc.o)
 .comment       0x000000de       0x6f c:/nxp/lpcxpresso_8.1.4_606/lpcxpresso/tools/bin/../lib/gcc/arm-none-eabi/5.2.1/../../../../arm-none-eabi/lib/armv7-m\libcr_c.a(_cr_sbrk.o)
 .comment       0x000000de       0x6f c:/nxp/lpcxpresso_8.1.4_606/lpcxpresso/tools/bin/../lib/gcc/arm-none-eabi/5.2.1/../../../../arm-none-eabi/lib/armv7-m\libcr_c.a(_do_fflush.o)
 .comment       0x000000de       0x6f c:/nxp/lpcxpresso_8.1.4_606/lpcxpresso/tools/bin/../lib/gcc/arm-none-eabi/5.2.1/../../../../arm-none-eabi/lib/armv7-m\libcr_c.a(errno.o)
 .comment       0x000000de       0x6f c:/nxp/lpcxpresso_8.1.4_606/lpcxpresso/tools/bin/../lib/gcc/arm-none-eabi/5.2.1/../../../../arm-none-eabi/lib/armv7-m\libcr_c.a(_cr_check_heap.o)
 .comment       0x000000de       0x6f c:/nxp/lpcxpresso_8.1.4_606/lpcxpresso/tools/bin/../lib/gcc/arm-none-eabi/5.2.1/../../../../arm-none-eabi/lib/armv7-m\libcr_nohost.a(__sys_appexit.o)
 .comment       0x000000de       0x6f c:/nxp/lpcxpresso_8.1.4_606/lpcxpresso/tools/bin/../lib/gcc/arm-none-eabi/5.2.1/../../../../arm-none-eabi/lib/armv7-m\libcr_nohost.a(__sys_close.o)
 .comment       0x000000de       0x6f c:/nxp/lpcxpresso_8.1.4_606/lpcxpresso/tools/bin/../lib/gcc/arm-none-eabi/5.2.1/../../../../arm-none-eabi/lib/armv7-m\libcr_nohost.a(__sys_flen.o)
 .comment       0x000000de       0x6f c:/nxp/lpcxpresso_8.1.4_606/lpcxpresso/tools/bin/../lib/gcc/arm-none-eabi/5.2.1/../../../../arm-none-eabi/lib/armv7-m\libcr_nohost.a(__sys_istty.o)
 .comment       0x000000de       0x6f c:/nxp/lpcxpresso_8.1.4_606/lpcxpresso/tools/bin/../lib/gcc/arm-none-eabi/5.2.1/../../../../arm-none-eabi/lib/armv7-m\libcr_nohost.a(__sys_remove.o)
 .comment       0x000000de       0x6f c:/nxp/lpcxpresso_8.1.4_606/lpcxpresso/tools/bin/../lib/gcc/arm-none-eabi/5.2.1/../../../../arm-none-eabi/lib/armv7-m\libcr_nohost.a(__sys_seek.o)
 .comment       0x000000de       0x6f c:/nxp/lpcxpresso_8.1.4_606/lpcxpresso/tools/bin/../lib/gcc/arm-none-eabi/5.2.1/../../../../arm-none-eabi/lib/armv7-m\libcr_nohost.a(__sys_tmpnam.o)

.ARM.attributes
                0x00000000       0x31
 .ARM.attributes
                0x00000000       0x33 ./example/src/cdc_desc.o
 .ARM.attributes
                0x00000033       0x33 ./example/src/cdc_main.o
 .ARM.attributes
                0x00000066       0x33 ./example/src/cdc_vcom.o
 .ARM.attributes
                0x00000099       0x33 ./example/src/cr_startup_lpc175x_6x.o
 .ARM.attributes
                0x000000cc       0x33 ./example/src/sysinit.o
 .ARM.attributes
                0x000000ff       0x33 C:\Users\ndjekic\Documents\LPCXpresso_8.1.4_606\LPCOpen\lpc_board_nxp_lpcxpresso_1769\Debug\liblpc_board_nxp_lpcxpresso_1769.a(board.o)
 .ARM.attributes
                0x00000132       0x33 C:\Users\ndjekic\Documents\LPCXpresso_8.1.4_606\LPCOpen\lpc_board_nxp_lpcxpresso_1769\Debug\liblpc_board_nxp_lpcxpresso_1769.a(board_sysinit.o)
 .ARM.attributes
                0x00000165       0x33 C:\Users\ndjekic\Documents\LPCXpresso_8.1.4_606\LPCOpen\lpc_chip_175x_6x\Debug\liblpc_chip_175x_6x.a(chip_17xx_40xx.o)
 .ARM.attributes
                0x00000198       0x33 C:\Users\ndjekic\Documents\LPCXpresso_8.1.4_606\LPCOpen\lpc_chip_175x_6x\Debug\liblpc_chip_175x_6x.a(clock_17xx_40xx.o)
 .ARM.attributes
                0x000001cb       0x33 C:\Users\ndjekic\Documents\LPCXpresso_8.1.4_606\LPCOpen\lpc_chip_175x_6x\Debug\liblpc_chip_175x_6x.a(iocon_17xx_40xx.o)
 .ARM.attributes
                0x000001fe       0x33 C:\Users\ndjekic\Documents\LPCXpresso_8.1.4_606\LPCOpen\lpc_chip_175x_6x\Debug\liblpc_chip_175x_6x.a(stopwatch_17xx_40xx.o)
 .ARM.attributes
                0x00000231       0x33 C:\Users\ndjekic\Documents\LPCXpresso_8.1.4_606\LPCOpen\lpc_chip_175x_6x\Debug\liblpc_chip_175x_6x.a(sysinit_17xx_40xx.o)
 .ARM.attributes
                0x00000264       0x33 C:\Users\ndjekic\Documents\LPCXpresso_8.1.4_606\LPCOpen\lpc_chip_175x_6x\Debug\liblpc_chip_175x_6x.a(timer_17xx_40xx.o)
 .ARM.attributes
                0x00000297       0x33 C:\Users\ndjekic\Documents\LPCXpresso_8.1.4_606\LPCOpen\lpc_chip_175x_6x\Debug\liblpc_chip_175x_6x.a(uart_17xx_40xx.o)
 .ARM.attributes
                0x000002ca       0x33 C:\Users\ndjekic\Documents\LPCXpresso_8.1.4_606\LPCOpen\lpc_chip_175x_6x\libs\libusbd_175x_6x_lib.a(mw_usbd_rom_api.o)
 .ARM.attributes
                0x000002fd       0x33 C:\Users\ndjekic\Documents\LPCXpresso_8.1.4_606\LPCOpen\lpc_chip_175x_6x\libs\libusbd_175x_6x_lib.a(hw_usbd_ip3503.o)
 .ARM.attributes
                0x00000330       0x33 C:\Users\ndjekic\Documents\LPCXpresso_8.1.4_606\LPCOpen\lpc_chip_175x_6x\libs\libusbd_175x_6x_lib.a(mw_usbd_cdcuser.o)
 .ARM.attributes
                0x00000363       0x33 C:\Users\ndjekic\Documents\LPCXpresso_8.1.4_606\LPCOpen\lpc_chip_175x_6x\libs\libusbd_175x_6x_lib.a(mw_usbd_core.o)
 .ARM.attributes
                0x00000396       0x33 c:/nxp/lpcxpresso_8.1.4_606/lpcxpresso/tools/bin/../lib/gcc/arm-none-eabi/5.2.1/../../../../arm-none-eabi/lib/armv7-m\libcr_nohost.a(_cr__main.o)
 .ARM.attributes
                0x000003c9       0x33 c:/nxp/lpcxpresso_8.1.4_606/lpcxpresso/tools/bin/../lib/gcc/arm-none-eabi/5.2.1/../../../../arm-none-eabi/lib/armv7-m\libcr_c.a(memcpy.o)
 .ARM.attributes
                0x000003fc       0x33 c:/nxp/lpcxpresso_8.1.4_606/lpcxpresso/tools/bin/../lib/gcc/arm-none-eabi/5.2.1/../../../../arm-none-eabi/lib/armv7-m\libcr_c.a(memset.o)
 .ARM.attributes
                0x0000042f       0x33 c:/nxp/lpcxpresso_8.1.4_606/lpcxpresso/tools/bin/../lib/gcc/arm-none-eabi/5.2.1/../../../../arm-none-eabi/lib/armv7-m\libcr_c.a(initio.o)
 .ARM.attributes
                0x00000462       0x33 c:/nxp/lpcxpresso_8.1.4_606/lpcxpresso/tools/bin/../lib/gcc/arm-none-eabi/5.2.1/../../../../arm-none-eabi/lib/armv7-m\libcr_c.a(setvbuf.o)
 .ARM.attributes
                0x00000495       0x33 c:/nxp/lpcxpresso_8.1.4_606/lpcxpresso/tools/bin/../lib/gcc/arm-none-eabi/5.2.1/../../../../arm-none-eabi/lib/armv7-m\libcr_c.a(stdio.o)
 .ARM.attributes
                0x000004c8       0x33 c:/nxp/lpcxpresso_8.1.4_606/lpcxpresso/tools/bin/../lib/gcc/arm-none-eabi/5.2.1/../../../../arm-none-eabi/lib/armv7-m\libcr_c.a(_deferredlazyseek.o)
 .ARM.attributes
                0x000004fb       0x33 c:/nxp/lpcxpresso_8.1.4_606/lpcxpresso/tools/bin/../lib/gcc/arm-none-eabi/5.2.1/../../../../arm-none-eabi/lib/armv7-m\libcr_c.a(_fdopen.o)
 .ARM.attributes
                0x0000052e       0x33 c:/nxp/lpcxpresso_8.1.4_606/lpcxpresso/tools/bin/../lib/gcc/arm-none-eabi/5.2.1/../../../../arm-none-eabi/lib/armv7-m\libcr_c.a(_fflush.o)
 .ARM.attributes
                0x00000561       0x33 c:/nxp/lpcxpresso_8.1.4_606/lpcxpresso/tools/bin/../lib/gcc/arm-none-eabi/5.2.1/../../../../arm-none-eabi/lib/armv7-m\libcr_c.a(_writebuf.o)
 .ARM.attributes
                0x00000594       0x33 c:/nxp/lpcxpresso_8.1.4_606/lpcxpresso/tools/bin/../lib/gcc/arm-none-eabi/5.2.1/../../../../arm-none-eabi/lib/armv7-m\libcr_c.a(alloc.o)
 .ARM.attributes
                0x000005c7       0x33 c:/nxp/lpcxpresso_8.1.4_606/lpcxpresso/tools/bin/../lib/gcc/arm-none-eabi/5.2.1/../../../../arm-none-eabi/lib/armv7-m\libcr_c.a(fclose.o)
 .ARM.attributes
                0x000005fa       0x33 c:/nxp/lpcxpresso_8.1.4_606/lpcxpresso/tools/bin/../lib/gcc/arm-none-eabi/5.2.1/../../../../arm-none-eabi/lib/armv7-m\libcr_c.a(fflush.o)
 .ARM.attributes
                0x0000062d       0x33 c:/nxp/lpcxpresso_8.1.4_606/lpcxpresso/tools/bin/../lib/gcc/arm-none-eabi/5.2.1/../../../../arm-none-eabi/lib/armv7-m\libcr_c.a(fseek.o)
 .ARM.attributes
                0x00000660       0x33 c:/nxp/lpcxpresso_8.1.4_606/lpcxpresso/tools/bin/../lib/gcc/arm-none-eabi/5.2.1/../../../../arm-none-eabi/lib/armv7-m\libcr_c.a(ftell.o)
 .ARM.attributes
                0x00000693       0x33 c:/nxp/lpcxpresso_8.1.4_606/lpcxpresso/tools/bin/../lib/gcc/arm-none-eabi/5.2.1/../../../../arm-none-eabi/lib/armv7-m\libcr_c.a(remove.o)
 .ARM.attributes
                0x000006c6       0x33 c:/nxp/lpcxpresso_8.1.4_606/lpcxpresso/tools/bin/../lib/gcc/arm-none-eabi/5.2.1/../../../../arm-none-eabi/lib/armv7-m\libcr_c.a(strlen.o)
 .ARM.attributes
                0x000006f9       0x33 c:/nxp/lpcxpresso_8.1.4_606/lpcxpresso/tools/bin/../lib/gcc/arm-none-eabi/5.2.1/../../../../arm-none-eabi/lib/armv7-m\libcr_c.a(__init_alloc.o)
 .ARM.attributes
                0x0000072c       0x33 c:/nxp/lpcxpresso_8.1.4_606/lpcxpresso/tools/bin/../lib/gcc/arm-none-eabi/5.2.1/../../../../arm-none-eabi/lib/armv7-m\libcr_c.a(_cr_sbrk.o)
 .ARM.attributes
                0x0000075f       0x33 c:/nxp/lpcxpresso_8.1.4_606/lpcxpresso/tools/bin/../lib/gcc/arm-none-eabi/5.2.1/../../../../arm-none-eabi/lib/armv7-m\libcr_c.a(_do_fflush.o)
 .ARM.attributes
                0x00000792       0x33 c:/nxp/lpcxpresso_8.1.4_606/lpcxpresso/tools/bin/../lib/gcc/arm-none-eabi/5.2.1/../../../../arm-none-eabi/lib/armv7-m\libcr_c.a(errno.o)
 .ARM.attributes
                0x000007c5       0x33 c:/nxp/lpcxpresso_8.1.4_606/lpcxpresso/tools/bin/../lib/gcc/arm-none-eabi/5.2.1/../../../../arm-none-eabi/lib/armv7-m\libcr_c.a(_cr_check_heap.o)
 .ARM.attributes
                0x000007f8       0x21 c:/nxp/lpcxpresso_8.1.4_606/lpcxpresso/tools/bin/../lib/gcc/arm-none-eabi/5.2.1/armv7-m\libcr_eabihelpers.a(memcpy.o)
 .ARM.attributes
                0x00000819       0x33 c:/nxp/lpcxpresso_8.1.4_606/lpcxpresso/tools/bin/../lib/gcc/arm-none-eabi/5.2.1/../../../../arm-none-eabi/lib/armv7-m\libcr_nohost.a(__sys_appexit.o)
 .ARM.attributes
                0x0000084c       0x33 c:/nxp/lpcxpresso_8.1.4_606/lpcxpresso/tools/bin/../lib/gcc/arm-none-eabi/5.2.1/../../../../arm-none-eabi/lib/armv7-m\libcr_nohost.a(__sys_close.o)
 .ARM.attributes
                0x0000087f       0x33 c:/nxp/lpcxpresso_8.1.4_606/lpcxpresso/tools/bin/../lib/gcc/arm-none-eabi/5.2.1/../../../../arm-none-eabi/lib/armv7-m\libcr_nohost.a(__sys_flen.o)
 .ARM.attributes
                0x000008b2       0x33 c:/nxp/lpcxpresso_8.1.4_606/lpcxpresso/tools/bin/../lib/gcc/arm-none-eabi/5.2.1/../../../../arm-none-eabi/lib/armv7-m\libcr_nohost.a(__sys_istty.o)
 .ARM.attributes
                0x000008e5       0x33 c:/nxp/lpcxpresso_8.1.4_606/lpcxpresso/tools/bin/../lib/gcc/arm-none-eabi/5.2.1/../../../../arm-none-eabi/lib/armv7-m\libcr_nohost.a(__sys_remove.o)
 .ARM.attributes
                0x00000918       0x33 c:/nxp/lpcxpresso_8.1.4_606/lpcxpresso/tools/bin/../lib/gcc/arm-none-eabi/5.2.1/../../../../arm-none-eabi/lib/armv7-m\libcr_nohost.a(__sys_seek.o)
 .ARM.attributes
                0x0000094b       0x33 c:/nxp/lpcxpresso_8.1.4_606/lpcxpresso/tools/bin/../lib/gcc/arm-none-eabi/5.2.1/../../../../arm-none-eabi/lib/armv7-m\libcr_nohost.a(__sys_tmpnam.o)

.debug_ranges   0x00000000      0x828
 .debug_ranges  0x00000000       0x70 ./example/src/cdc_main.o
 .debug_ranges  0x00000070       0x58 ./example/src/cdc_vcom.o
 .debug_ranges  0x000000c8       0x70 ./example/src/cr_startup_lpc175x_6x.o
 .debug_ranges  0x00000138       0x10 ./example/src/sysinit.o
 .debug_ranges  0x00000148      0x150 C:\Users\ndjekic\Documents\LPCXpresso_8.1.4_606\LPCOpen\lpc_board_nxp_lpcxpresso_1769\Debug\liblpc_board_nxp_lpcxpresso_1769.a(board.o)
 .debug_ranges  0x00000298       0x28 C:\Users\ndjekic\Documents\LPCXpresso_8.1.4_606\LPCOpen\lpc_board_nxp_lpcxpresso_1769\Debug\liblpc_board_nxp_lpcxpresso_1769.a(board_sysinit.o)
 .debug_ranges  0x000002c0       0x28 C:\Users\ndjekic\Documents\LPCXpresso_8.1.4_606\LPCOpen\lpc_chip_175x_6x\Debug\liblpc_chip_175x_6x.a(chip_17xx_40xx.o)
 .debug_ranges  0x000002e8      0x110 C:\Users\ndjekic\Documents\LPCXpresso_8.1.4_606\LPCOpen\lpc_chip_175x_6x\Debug\liblpc_chip_175x_6x.a(clock_17xx_40xx.o)
 .debug_ranges  0x000003f8       0x20 C:\Users\ndjekic\Documents\LPCXpresso_8.1.4_606\LPCOpen\lpc_chip_175x_6x\Debug\liblpc_chip_175x_6x.a(iocon_17xx_40xx.o)
 .debug_ranges  0x00000418       0x58 C:\Users\ndjekic\Documents\LPCXpresso_8.1.4_606\LPCOpen\lpc_chip_175x_6x\Debug\liblpc_chip_175x_6x.a(stopwatch_17xx_40xx.o)
 .debug_ranges  0x00000470       0x50 C:\Users\ndjekic\Documents\LPCXpresso_8.1.4_606\LPCOpen\lpc_chip_175x_6x\Debug\liblpc_chip_175x_6x.a(sysinit_17xx_40xx.o)
 .debug_ranges  0x000004c0       0x30 C:\Users\ndjekic\Documents\LPCXpresso_8.1.4_606\LPCOpen\lpc_chip_175x_6x\Debug\liblpc_chip_175x_6x.a(timer_17xx_40xx.o)
 .debug_ranges  0x000004f0      0x118 C:\Users\ndjekic\Documents\LPCXpresso_8.1.4_606\LPCOpen\lpc_chip_175x_6x\Debug\liblpc_chip_175x_6x.a(uart_17xx_40xx.o)
 .debug_ranges  0x00000608      0x108 C:\Users\ndjekic\Documents\LPCXpresso_8.1.4_606\LPCOpen\lpc_chip_175x_6x\libs\libusbd_175x_6x_lib.a(hw_usbd_ip3503.o)
 .debug_ranges  0x00000710       0x38 C:\Users\ndjekic\Documents\LPCXpresso_8.1.4_606\LPCOpen\lpc_chip_175x_6x\libs\libusbd_175x_6x_lib.a(mw_usbd_cdcuser.o)
 .debug_ranges  0x00000748       0xe0 C:\Users\ndjekic\Documents\LPCXpresso_8.1.4_606\LPCOpen\lpc_chip_175x_6x\libs\libusbd_175x_6x_lib.a(mw_usbd_core.o)

.debug_frame    0x00000000     0x1f7c
 .debug_frame   0x00000000      0x1dc ./example/src/cdc_main.o
 .debug_frame   0x000001dc      0x19c ./example/src/cdc_vcom.o
 .debug_frame   0x00000378      0x170 ./example/src/cr_startup_lpc175x_6x.o
 .debug_frame   0x000004e8       0x34 ./example/src/sysinit.o
 .debug_frame   0x0000051c      0x5d4 C:\Users\ndjekic\Documents\LPCXpresso_8.1.4_606\LPCOpen\lpc_board_nxp_lpcxpresso_1769\Debug\liblpc_board_nxp_lpcxpresso_1769.a(board.o)
 .debug_frame   0x00000af0       0x8c C:\Users\ndjekic\Documents\LPCXpresso_8.1.4_606\LPCOpen\lpc_board_nxp_lpcxpresso_1769\Debug\liblpc_board_nxp_lpcxpresso_1769.a(board_sysinit.o)
 .debug_frame   0x00000b7c       0x88 C:\Users\ndjekic\Documents\LPCXpresso_8.1.4_606\LPCOpen\lpc_chip_175x_6x\Debug\liblpc_chip_175x_6x.a(chip_17xx_40xx.o)
 .debug_frame   0x00000c04      0x490 C:\Users\ndjekic\Documents\LPCXpresso_8.1.4_606\LPCOpen\lpc_chip_175x_6x\Debug\liblpc_chip_175x_6x.a(clock_17xx_40xx.o)
 .debug_frame   0x00001094       0x80 C:\Users\ndjekic\Documents\LPCXpresso_8.1.4_606\LPCOpen\lpc_chip_175x_6x\Debug\liblpc_chip_175x_6x.a(iocon_17xx_40xx.o)
 .debug_frame   0x00001114      0x188 C:\Users\ndjekic\Documents\LPCXpresso_8.1.4_606\LPCOpen\lpc_chip_175x_6x\Debug\liblpc_chip_175x_6x.a(stopwatch_17xx_40xx.o)
 .debug_frame   0x0000129c      0x12c C:\Users\ndjekic\Documents\LPCXpresso_8.1.4_606\LPCOpen\lpc_chip_175x_6x\Debug\liblpc_chip_175x_6x.a(sysinit_17xx_40xx.o)
 .debug_frame   0x000013c8       0xd0 C:\Users\ndjekic\Documents\LPCXpresso_8.1.4_606\LPCOpen\lpc_chip_175x_6x\Debug\liblpc_chip_175x_6x.a(timer_17xx_40xx.o)
 .debug_frame   0x00001498      0x538 C:\Users\ndjekic\Documents\LPCXpresso_8.1.4_606\LPCOpen\lpc_chip_175x_6x\Debug\liblpc_chip_175x_6x.a(uart_17xx_40xx.o)