Archive member included to satisfy reference by file (symbol)

C:\Users\ndjekic\Documents\LPCXpresso_8.1.4_606\LPCOpen\lpc_board_nxp_lpcxpresso_1769\Debug\liblpc_board_nxp_lpcxpresso_1769.a(board.o)
                              ./example/src/systick.o (Board_Init)
C:\Users\ndjekic\Documents\LPCXpresso_8.1.4_606\LPCOpen\lpc_board_nxp_lpcxpresso_1769\Debug\liblpc_board_nxp_lpcxpresso_1769.a(board_sysinit.o)
                              ./example/src/sysinit.o (Board_SystemInit)
C:\Users\ndjekic\Documents\LPCXpresso_8.1.4_606\LPCOpen\lpc_chip_175x_6x\Debug\liblpc_chip_175x_6x.a(chip_17xx_40xx.o)
                              ./example/src/systick.o (SystemCoreClockUpdate)
C:\Users\ndjekic\Documents\LPCXpresso_8.1.4_606\LPCOpen\lpc_chip_175x_6x\Debug\liblpc_chip_175x_6x.a(clock_17xx_40xx.o)
                              C:\Users\ndjekic\Documents\LPCXpresso_8.1.4_606\LPCOpen\lpc_chip_175x_6x\Debug\liblpc_chip_175x_6x.a(chip_17xx_40xx.o) (Chip_Clock_EnablePLL)
C:\Users\ndjekic\Documents\LPCXpresso_8.1.4_606\LPCOpen\lpc_chip_175x_6x\Debug\liblpc_chip_175x_6x.a(i2s_17xx_40xx.o)
                              C:\Users\ndjekic\Documents\LPCXpresso_8.1.4_606\LPCOpen\lpc_board_nxp_lpcxpresso_1769\Debug\liblpc_board_nxp_lpcxpresso_1769.a(board.o) (Chip_I2S_Init)
C:\Users\ndjekic\Documents\LPCXpresso_8.1.4_606\LPCOpen\lpc_chip_175x_6x\Debug\liblpc_chip_175x_6x.a(iocon_17xx_40xx.o)
                              C:\Users\ndjekic\Documents\LPCXpresso_8.1.4_606\LPCOpen\lpc_board_nxp_lpcxpresso_1769\Debug\liblpc_board_nxp_lpcxpresso_1769.a(board.o) (Chip_IOCON_PinMux)
C:\Users\ndjekic\Documents\LPCXpresso_8.1.4_606\LPCOpen\lpc_chip_175x_6x\Debug\liblpc_chip_175x_6x.a(sysinit_17xx_40xx.o)
                              C:\Users\ndjekic\Documents\LPCXpresso_8.1.4_606\LPCOpen\lpc_board_nxp_lpcxpresso_1769\Debug\liblpc_board_nxp_lpcxpresso_1769.a(board_sysinit.o) (Chip_SetupXtalClocking)
C:\Users\ndjekic\Documents\LPCXpresso_8.1.4_606\LPCOpen\lpc_chip_175x_6x\Debug\liblpc_chip_175x_6x.a(uart_17xx_40xx.o)
                              C:\Users\ndjekic\Documents\LPCXpresso_8.1.4_606\LPCOpen\lpc_board_nxp_lpcxpresso_1769\Debug\liblpc_board_nxp_lpcxpresso_1769.a(board.o) (Chip_UART_Init)
C:\Users\ndjekic\Documents\LPCXpresso_8.1.4_606\LPCOpen\lpc_chip_175x_6x\Debug\liblpc_chip_175x_6x.a(ring_buffer.o)
                              C:\Users\ndjekic\Documents\LPCXpresso_8.1.4_606\LPCOpen\lpc_chip_175x_6x\Debug\liblpc_chip_175x_6x.a(uart_17xx_40xx.o) (RingBuffer_Insert)
c:/nxp/lpcxpresso_8.1.4_606/lpcxpresso/tools/bin/../lib/gcc/arm-none-eabi/5.2.1/../../../../arm-none-eabi/lib/armv7-m\libcr_nohost.a(_cr__main.o)
                              ./example/src/cr_startup_lpc175x_6x.o (__main)
c:/nxp/lpcxpresso_8.1.4_606/lpcxpresso/tools/bin/../lib/gcc/arm-none-eabi/5.2.1/../../../../arm-none-eabi/lib/armv7-m\libcr_c.a(memcpy.o)
                              C:\Users\ndjekic\Documents\LPCXpresso_8.1.4_606\LPCOpen\lpc_board_nxp_lpcxpresso_1769\Debug\liblpc_board_nxp_lpcxpresso_1769.a(board.o) (memcpy)
c:/nxp/lpcxpresso_8.1.4_606/lpcxpresso/tools/bin/../lib/gcc/arm-none-eabi/5.2.1/../../../../arm-none-eabi/lib/armv7-m\libcr_c.a(initio.o)
                              c:/nxp/lpcxpresso_8.1.4_606/lpcxpresso/tools/bin/../lib/gcc/arm-none-eabi/5.2.1/../../../../arm-none-eabi/lib/armv7-m\libcr_nohost.a(_cr__main.o) (_initio)
c:/nxp/lpcxpresso_8.1.4_606/lpcxpresso/tools/bin/../lib/gcc/arm-none-eabi/5.2.1/../../../../arm-none-eabi/lib/armv7-m\libcr_c.a(setvbuf.o)
                              c:/nxp/lpcxpresso_8.1.4_606/lpcxpresso/tools/bin/../lib/gcc/arm-none-eabi/5.2.1/../../../../arm-none-eabi/lib/armv7-m\libcr_c.a(initio.o) (setvbuf)
c:/nxp/lpcxpresso_8.1.4_606/lpcxpresso/tools/bin/../lib/gcc/arm-none-eabi/5.2.1/../../../../arm-none-eabi/lib/armv7-m\libcr_c.a(stdio.o)
                              c:/nxp/lpcxpresso_8.1.4_606/lpcxpresso/tools/bin/../lib/gcc/arm-none-eabi/5.2.1/../../../../arm-none-eabi/lib/armv7-m\libcr_c.a(initio.o) (__Ciob)
c:/nxp/lpcxpresso_8.1.4_606/lpcxpresso/tools/bin/../lib/gcc/arm-none-eabi/5.2.1/../../../../arm-none-eabi/lib/armv7-m\libcr_c.a(memset.o)
                              c:/nxp/lpcxpresso_8.1.4_606/lpcxpresso/tools/bin/../lib/gcc/arm-none-eabi/5.2.1/../../../../arm-none-eabi/lib/armv7-m\libcr_c.a(initio.o) (memset)
c:/nxp/lpcxpresso_8.1.4_606/lpcxpresso/tools/bin/../lib/gcc/arm-none-eabi/5.2.1/../../../../arm-none-eabi/lib/armv7-m\libcr_c.a(__fillbuf.o)
                              c:/nxp/lpcxpresso_8.1.4_606/lpcxpresso/tools/bin/../lib/gcc/arm-none-eabi/5.2.1/../../../../arm-none-eabi/lib/armv7-m\libcr_c.a(stdio.o) (__filbuf)
c:/nxp/lpcxpresso_8.1.4_606/lpcxpresso/tools/bin/../lib/gcc/arm-none-eabi/5.2.1/../../../../arm-none-eabi/lib/armv7-m\libcr_c.a(_deferredlazyseek.o)
                              c:/nxp/lpcxpresso_8.1.4_606/lpcxpresso/tools/bin/../lib/gcc/arm-none-eabi/5.2.1/../../../../arm-none-eabi/lib/armv7-m\libcr_c.a(__fillbuf.o) (_deferredlazyseek)
[...]
Memory Configuration

Name             Origin             Length             Attributes
MFlash512        0x00000000         0x00080000         xr
RamLoc32         0x10000000         0x00008000         xrw
RamAHB32         0x2007c000         0x00008000         xrw
*default*        0x00000000         0xffffffff

Linker script and memory map

LOAD ./example/src/cr_startup_lpc175x_6x.o
LOAD ./example/src/sysinit.o
LOAD ./example/src/systick.o
LOAD C:\Users\ndjekic\Documents\LPCXpresso_8.1.4_606\LPCOpen\lpc_board_nxp_lpcxpresso_1769\Debug\liblpc_board_nxp_lpcxpresso_1769.a
LOAD C:\Users\ndjekic\Documents\LPCXpresso_8.1.4_606\LPCOpen\lpc_chip_175x_6x\Debug\liblpc_chip_175x_6x.a
START GROUP
LOAD c:/nxp/lpcxpresso_8.1.4_606/lpcxpresso/tools/bin/../lib/gcc/arm-none-eabi/5.2.1/../../../../arm-none-eabi/lib/armv7-m\libcr_nohost.a
LOAD c:/nxp/lpcxpresso_8.1.4_606/lpcxpresso/tools/bin/../lib/gcc/arm-none-eabi/5.2.1/../../../../arm-none-eabi/lib/armv7-m\libcr_c.a
LOAD c:/nxp/lpcxpresso_8.1.4_606/lpcxpresso/tools/bin/../lib/gcc/arm-none-eabi/5.2.1/armv7-m\libcr_eabihelpers.a
END GROUP
                0x00000000                __base_MFlash512 = 0x0
                0x00000000                __base_Flash = 0x0
                0x00080000                __top_MFlash512 = 0x80000
                0x00080000                __top_Flash = 0x80000
                0x10000000                __base_RamLoc32 = 0x10000000
                0x10000000                __base_RAM = 0x10000000
                0x10008000                __top_RamLoc32 = 0x10008000
                0x10008000                __top_RAM = 0x10008000
                0x2007c000                __base_RamAHB32 = 0x2007c000
                0x2007c000                __base_RAM2 = 0x2007c000
                0x20084000                __top_RamAHB32 = 0x20084000
                0x20084000                __top_RAM2 = 0x20084000

.text           0x00000000     0x16f4
 FILL mask 0xff
                0x00000000                __vectors_start__ = ABSOLUTE (.)
 *(.isr_vector)
 .isr_vector    0x00000000       0xcc ./example/src/cr_startup_lpc175x_6x.o
                0x00000000                g_pfnVectors
                0x000000cc                . = ALIGN (0x4)
                0x000000cc                __section_table_start = .
                0x000000cc                __data_section_table = .
                0x000000cc        0x4 LONG 0x16f4 LOADADDR (.data)
                0x000000d0        0x4 LONG 0x10000000 ADDR (.data)
                0x000000d4        0x4 LONG 0x0 SIZEOF (.data)
                0x000000d8        0x4 LONG 0x16f4 LOADADDR (.data_RAM2)
                0x000000dc        0x4 LONG 0x2007c000 ADDR (.data_RAM2)
                0x000000e0        0x4 LONG 0x0 SIZEOF (.data_RAM2)
                0x000000e4                __data_section_table_end = .
                0x000000e4                __bss_section_table = .
                0x000000e4        0x4 LONG 0x10000000 ADDR (.bss)
                0x000000e8        0x4 LONG 0x154 SIZEOF (.bss)
                0x000000ec        0x4 LONG 0x2007c000 ADDR (.bss_RAM2)
                0x000000f0        0x4 LONG 0x0 SIZEOF (.bss_RAM2)
                0x000000f4                __bss_section_table_end = .
                0x000000f4                __section_table_end = .
 *(.after_vectors*)
 .after_vectors
                0x000000f4      0x144 ./example/src/cr_startup_lpc175x_6x.o
                0x000000f4                data_init
                0x00000138                bss_init
                0x00000170                ResetISR
                0x000001e8                NMI_Handler
                0x000001f0                HardFault_Handler
                0x000001f8                MemManage_Handler
                0x00000200                BusFault_Handler
                0x00000208                UsageFault_Handler
                0x00000210                SVC_Handler
                0x00000218                DebugMon_Handler
                0x00000220                PendSV_Handler
                0x00000228                SysTick_Handler
                0x00000230                EINT3_IRQHandler
                0x00000230                CANActivity_IRQHandler
                0x00000230                TIMER3_IRQHandler
                0x00000230                UART0_IRQHandler
                0x00000230                UART1_IRQHandler
                0x00000230                EINT2_IRQHandler
                0x00000230                USBActivity_IRQHandler
                0x00000230                IntDefaultHandler
                0x00000230                PLL0_IRQHandler
                0x00000230                CAN_IRQHandler
                0x00000230                I2C1_IRQHandler
                0x00000230                SSP0_IRQHandler
                0x00000230                I2S_IRQHandler
                0x00000230                I2C2_IRQHandler
                0x00000230                RTC_IRQHandler
                0x00000230                TIMER0_IRQHandler
                0x00000230                SPI_IRQHandler
                0x00000230                RIT_IRQHandler
                0x00000230                EINT1_IRQHandler
                0x00000230                TIMER1_IRQHandler
                0x00000230                UART2_IRQHandler
                0x00000230                ADC_IRQHandler
                0x00000230                SSP1_IRQHandler
                0x00000230                USB_IRQHandler
                0x00000230                BOD_IRQHandler
                0x00000230                I2C0_IRQHandler
                0x00000230                WDT_IRQHandler
                0x00000230                PWM1_IRQHandler
                0x00000230                QEI_IRQHandler
                0x00000230                EINT0_IRQHandler
                0x00000230                ETH_IRQHandler
                0x00000230                PLL1_IRQHandler
                0x00000230                DMA_IRQHandler
                0x00000230                TIMER2_IRQHandler
                0x00000230                UART3_IRQHandler
                0x00000230                MCPWM_IRQHandler
 *(.text*)
 .text.SystemInit
                0x00000238       0x24 ./example/src/sysinit.o
                0x00000238                SystemInit
 .text.Chip_GPIO_SetPinDIROutput
                0x0000025c       0x38 ./example/src/systick.o
 .text.Chip_GPIO_SetPinDIRInput
                0x00000294       0x3c ./example/src/systick.o
 .text.Chip_GPIO_SetPinDIR
                0x000002d0       0x44 ./example/src/systick.o
 .text.Chip_GPIO_WriteDirBit
                0x00000314       0x30 ./example/src/systick.o
 .text.Chip_GPIO_SetPinOutHigh
                0x00000344       0x2c ./example/src/systick.o
 .text.Chip_GPIO_SetPinOutLow
                0x00000370       0x2c ./example/src/systick.o
 .text.Test_Diode_2
                0x0000039c       0x18 ./example/src/systick.o
 .text.main     0x000003b4       0x58 ./example/src/systick.o
                0x000003b4                main
 .text.Chip_IOCON_Init
                0x0000040c       0x18 C:\Users\ndjekic\Documents\LPCXpresso_8.1.4_606\LPCOpen\lpc_board_nxp_lpcxpresso_1769\Debug\liblpc_board_nxp_lpcxpresso_1769.a(board.o)
 .text.Chip_GPIO_Init
                0x00000424       0x18 C:\Users\ndjekic\Documents\LPCXpresso_8.1.4_606\LPCOpen\lpc_board_nxp_lpcxpresso_1769\Debug\liblpc_board_nxp_lpcxpresso_1769.a(board.o)
 .text.Chip_GPIO_SetPinDIROutput
                0x0000043c       0x38 C:\Users\ndjekic\Documents\LPCXpresso_8.1.4_606\LPCOpen\lpc_board_nxp_lpcxpresso_1769\Debug\liblpc_board_nxp_lpcxpresso_1769.a(board.o)
 .text.Chip_GPIO_SetPinDIRInput
                0x00000474       0x3c C:\Users\ndjekic\Documents\LPCXpresso_8.1.4_606\LPCOpen\lpc_board_nxp_lpcxpresso_1769\Debug\liblpc_board_nxp_lpcxpresso_1769.a(board.o)
 .text.Chip_GPIO_SetPinDIR
                0x000004b0       0x44 C:\Users\ndjekic\Documents\LPCXpresso_8.1.4_606\LPCOpen\lpc_board_nxp_lpcxpresso_1769\Debug\liblpc_board_nxp_lpcxpresso_1769.a(board.o)
 .text.Chip_GPIO_WriteDirBit
                0x000004f4       0x30 C:\Users\ndjekic\Documents\LPCXpresso_8.1.4_606\LPCOpen\lpc_board_nxp_lpcxpresso_1769\Debug\liblpc_board_nxp_lpcxpresso_1769.a(board.o)
 .text.Chip_UART_SendByte
                0x00000524       0x1c C:\Users\ndjekic\Documents\LPCXpresso_8.1.4_606\LPCOpen\lpc_board_nxp_lpcxpresso_1769\Debug\liblpc_board_nxp_lpcxpresso_1769.a(board.o)
 .text.Chip_UART_ConfigData
                0x00000540       0x1c C:\Users\ndjekic\Documents\LPCXpresso_8.1.4_606\LPCOpen\lpc_board_nxp_lpcxpresso_1769\Debug\liblpc_board_nxp_lpcxpresso_1769.a(board.o)
 .text.Chip_UART_ReadLineStatus
                0x0000055c       0x18 C:\Users\ndjekic\Documents\LPCXpresso_8.1.4_606\LPCOpen\lpc_board_nxp_lpcxpresso_1769\Debug\liblpc_board_nxp_lpcxpresso_1769.a(board.o)
 .text.__sys_write
                0x00000574       0x38 C:\Users\ndjekic\Documents\LPCXpresso_8.1.4_606\LPCOpen\lpc_board_nxp_lpcxpresso_1769\Debug\liblpc_board_nxp_lpcxpresso_1769.a(board.o)
                0x00000574                __sys_write
 .text.Board_LED_Init
                0x000005ac       0x18 C:\Users\ndjekic\Documents\LPCXpresso_8.1.4_606\LPCOpen\lpc_board_nxp_lpcxpresso_1769\Debug\liblpc_board_nxp_lpcxpresso_1769.a(board.o)
 .text.Board_UART_Init
                0x000005c4       0x14 C:\Users\ndjekic\Documents\LPCXpresso_8.1.4_606\LPCOpen\lpc_board_nxp_lpcxpresso_1769\Debug\liblpc_board_nxp_lpcxpresso_1769.a(board.o)
                0x000005c4                Board_UART_Init
 .text.Board_Debug_Init
                0x000005d8       0x30 C:\Users\ndjekic\Documents\LPCXpresso_8.1.4_606\LPCOpen\lpc_board_nxp_lpcxpresso_1769\Debug\liblpc_board_nxp_lpcxpresso_1769.a(board.o)
                0x000005d8                Board_Debug_Init
 .text.Board_UARTPutChar
                0x00000608       0x34 C:\Users\ndjekic\Documents\LPCXpresso_8.1.4_606\LPCOpen\lpc_board_nxp_lpcxpresso_1769\Debug\liblpc_board_nxp_lpcxpresso_1769.a(board.o)
                0x00000608                Board_UARTPutChar
 .text.Board_Init
                0x0000063c       0x24 C:\Users\ndjekic\Documents\LPCXpresso_8.1.4_606\LPCOpen\lpc_board_nxp_lpcxpresso_1769\Debug\liblpc_board_nxp_lpcxpresso_1769.a(board.o)
                0x0000063c                Board_Init
 .text.Chip_SYSCTL_SetFLASHAccess
                0x00000660       0x30 C:\Users\ndjekic\Documents\LPCXpresso_8.1.4_606\LPCOpen\lpc_board_nxp_lpcxpresso_1769\Debug\liblpc_board_nxp_lpcxpresso_1769.a(board_sysinit.o)
 .text.Board_SetupMuxing
                0x00000690       0x1c C:\Users\ndjekic\Documents\LPCXpresso_8.1.4_606\LPCOpen\lpc_board_nxp_lpcxpresso_1769\Debug\liblpc_board_nxp_lpcxpresso_1769.a(board_sysinit.o)
                0x00000690                Board_SetupMuxing
 .text.Board_SetupClocking
                0x000006ac       0x14 C:\Users\ndjekic\Documents\LPCXpresso_8.1.4_606\LPCOpen\lpc_board_nxp_lpcxpresso_1769\Debug\liblpc_board_nxp_lpcxpresso_1769.a(board_sysinit.o)
                0x000006ac                Board_SetupClocking
 .text.Board_SystemInit
                0x000006c0       0x10 C:\Users\ndjekic\Documents\LPCXpresso_8.1.4_606\LPCOpen\lpc_board_nxp_lpcxpresso_1769\Debug\liblpc_board_nxp_lpcxpresso_1769.a(board_sysinit.o)
                0x000006c0                Board_SystemInit
 .text.SystemCoreClockUpdate
                0x000006d0       0x18 C:\Users\ndjekic\Documents\LPCXpresso_8.1.4_606\LPCOpen\lpc_chip_175x_6x\Debug\liblpc_chip_175x_6x.a(chip_17xx_40xx.o)
                0x000006d0                SystemCoreClockUpdate
 .text.Chip_Clock_IsMainPLLEnabled
                0x000006e8       0x24 C:\Users\ndjekic\Documents\LPCXpresso_8.1.4_606\LPCOpen\lpc_chip_175x_6x\Debug\liblpc_chip_175x_6x.a(clock_17xx_40xx.o)
 .text.Chip_Clock_IsMainPLLConnected
                0x0000070c       0x24 C:\Users\ndjekic\Documents\LPCXpresso_8.1.4_606\LPCOpen\lpc_chip_175x_6x\Debug\liblpc_chip_175x_6x.a(clock_17xx_40xx.o)
 .text.Chip_Clock_FeedPLL
                0x00000730       0x34 C:\Users\ndjekic\Documents\LPCXpresso_8.1.4_606\LPCOpen\lpc_chip_175x_6x\Debug\liblpc_chip_175x_6x.a(clock_17xx_40xx.o)
 .text.Chip_Clock_GetMainPLLSource
                0x00000764       0x20 C:\Users\ndjekic\Documents\LPCXpresso_8.1.4_606\LPCOpen\lpc_chip_175x_6x\Debug\liblpc_chip_175x_6x.a(clock_17xx_40xx.o)
 .text.Chip_Clock_GetMainOscRate
                0x00000784       0x14 C:\Users\ndjekic\Documents\LPCXpresso_8.1.4_606\LPCOpen\lpc_chip_175x_6x\Debug\liblpc_chip_175x_6x.a(clock_17xx_40xx.o)
 .text.Chip_Clock_GetIntOscRate
                0x00000798       0x14 C:\Users\ndjekic\Documents\LPCXpresso_8.1.4_606\LPCOpen\lpc_chip_175x_6x\Debug\liblpc_chip_175x_6x.a(clock_17xx_40xx.o)
 .text.Chip_Clock_GetRTCOscRate
                0x000007ac       0x14 C:\Users\ndjekic\Documents\LPCXpresso_8.1.4_606\LPCOpen\lpc_chip_175x_6x\Debug\liblpc_chip_175x_6x.a(clock_17xx_40xx.o)
 .text.Chip_Clock_GetMainPLLInClockRate
                0x000007c0       0x10 C:\Users\ndjekic\Documents\LPCXpresso_8.1.4_606\LPCOpen\lpc_chip_175x_6x\Debug\liblpc_chip_175x_6x.a(clock_17xx_40xx.o)
 .text.Chip_Clock_EnablePLL
                0x000007d0       0x44 C:\Users\ndjekic\Documents\LPCXpresso_8.1.4_606\LPCOpen\lpc_chip_175x_6x\Debug\liblpc_chip_175x_6x.a(clock_17xx_40xx.o)
                0x000007d0                Chip_Clock_EnablePLL
 .text.Chip_Clock_DisablePLL
                0x00000814       0x48 C:\Users\ndjekic\Documents\LPCXpresso_8.1.4_606\LPCOpen\lpc_chip_175x_6x\Debug\liblpc_chip_175x_6x.a(clock_17xx_40xx.o)
                0x00000814                Chip_Clock_DisablePLL
 .text.Chip_Clock_SetupPLL
                0x0000085c       0x5c C:\Users\ndjekic\Documents\LPCXpresso_8.1.4_606\LPCOpen\lpc_chip_175x_6x\Debug\liblpc_chip_175x_6x.a(clock_17xx_40xx.o)
                0x0000085c                Chip_Clock_SetupPLL
 .text.Chip_Clock_EnablePeriphClock
                0x000008b8       0x34 C:\Users\ndjekic\Documents\LPCXpresso_8.1.4_606\LPCOpen\lpc_chip_175x_6x\Debug\liblpc_chip_175x_6x.a(clock_17xx_40xx.o)
                0x000008b8                Chip_Clock_EnablePeriphClock
 .text.Chip_Clock_GetCPUClockSource
                0x000008ec       0x24 C:\Users\ndjekic\Documents\LPCXpresso_8.1.4_606\LPCOpen\lpc_chip_175x_6x\Debug\liblpc_chip_175x_6x.a(clock_17xx_40xx.o)
                0x000008ec                Chip_Clock_GetCPUClockSource
 .text.Chip_Clock_SetCPUClockDiv
                0x00000910       0x20 C:\Users\ndjekic\Documents\LPCXpresso_8.1.4_606\LPCOpen\lpc_chip_175x_6x\Debug\liblpc_chip_175x_6x.a(clock_17xx_40xx.o)
                0x00000910                Chip_Clock_SetCPUClockDiv
 .text.Chip_Clock_GetCPUClockDiv
                0x00000930       0x1c C:\Users\ndjekic\Documents\LPCXpresso_8.1.4_606\LPCOpen\lpc_chip_175x_6x\Debug\liblpc_chip_175x_6x.a(clock_17xx_40xx.o)
                0x00000930                Chip_Clock_GetCPUClockDiv
 .text.Chip_Clock_GetPCLKDiv
                0x0000094c       0x8c C:\Users\ndjekic\Documents\LPCXpresso_8.1.4_606\LPCOpen\lpc_chip_175x_6x\Debug\liblpc_chip_175x_6x.a(clock_17xx_40xx.o)
                0x0000094c                Chip_Clock_GetPCLKDiv
 .text.Chip_Clock_GetSYSCLKRate
                0x000009d8       0x34 C:\Users\ndjekic\Documents\LPCXpresso_8.1.4_606\LPCOpen\lpc_chip_175x_6x\Debug\liblpc_chip_175x_6x.a(clock_17xx_40xx.o)
                0x000009d8                Chip_Clock_GetSYSCLKRate
 .text.Chip_Clock_GetMainPLLOutClockRate
                0x00000a0c       0x54 C:\Users\ndjekic\Documents\LPCXpresso_8.1.4_606\LPCOpen\lpc_chip_175x_6x\Debug\liblpc_chip_175x_6x.a(clock_17xx_40xx.o)
                0x00000a0c                Chip_Clock_GetMainPLLOutClockRate
 .text.Chip_Clock_GetMainClockRate
                0x00000a60       0x28 C:\Users\ndjekic\Documents\LPCXpresso_8.1.4_606\LPCOpen\lpc_chip_175x_6x\Debug\liblpc_chip_175x_6x.a(clock_17xx_40xx.o)
                0x00000a60                Chip_Clock_GetMainClockRate
 .text.Chip_Clock_GetSystemClockRate
                0x00000a88       0x18 C:\Users\ndjekic\Documents\LPCXpresso_8.1.4_606\LPCOpen\lpc_chip_175x_6x\Debug\liblpc_chip_175x_6x.a(clock_17xx_40xx.o)
                0x00000a88                Chip_Clock_GetSystemClockRate
 .text.Chip_Clock_GetPeripheralClockRate
                0x00000aa0       0x28 C:\Users\ndjekic\Documents\LPCXpresso_8.1.4_606\LPCOpen\lpc_chip_175x_6x\Debug\liblpc_chip_175x_6x.a(clock_17xx_40xx.o)
                0x00000aa0                Chip_Clock_GetPeripheralClockRate
 .text.Chip_IOCON_PinMuxSet
                0x00000ac8       0x38 C:\Users\ndjekic\Documents\LPCXpresso_8.1.4_606\LPCOpen\lpc_chip_175x_6x\Debug\liblpc_chip_175x_6x.a(iocon_17xx_40xx.o)
                0x00000ac8                Chip_IOCON_PinMuxSet
 .text.Chip_IOCON_PinMux
                0x00000b00       0x94 C:\Users\ndjekic\Documents\LPCXpresso_8.1.4_606\LPCOpen\lpc_chip_175x_6x\Debug\liblpc_chip_175x_6x.a(iocon_17xx_40xx.o)
                0x00000b00                Chip_IOCON_PinMux
 .text.Chip_IOCON_SetPinMuxing
                0x00000b94       0x64 C:\Users\ndjekic\Documents\LPCXpresso_8.1.4_606\LPCOpen\lpc_chip_175x_6x\Debug\liblpc_chip_175x_6x.a(iocon_17xx_40xx.o)
                0x00000b94                Chip_IOCON_SetPinMuxing
 .text.Chip_Clock_IsMainPLLEnabled
                0x00000bf8       0x24 C:\Users\ndjekic\Documents\LPCXpresso_8.1.4_606\LPCOpen\lpc_chip_175x_6x\Debug\liblpc_chip_175x_6x.a(sysinit_17xx_40xx.o)
 .text.Chip_Clock_IsMainPLLLocked
                0x00000c1c       0x24 C:\Users\ndjekic\Documents\LPCXpresso_8.1.4_606\LPCOpen\lpc_chip_175x_6x\Debug\liblpc_chip_175x_6x.a(sysinit_17xx_40xx.o)
 .text.Chip_Clock_IsMainPLLConnected
                0x00000c40       0x24 C:\Users\ndjekic\Documents\LPCXpresso_8.1.4_606\LPCOpen\lpc_chip_175x_6x\Debug\liblpc_chip_175x_6x.a(sysinit_17xx_40xx.o)
 .text.Chip_Clock_EnableCrystal
                0x00000c64       0x20 C:\Users\ndjekic\Documents\LPCXpresso_8.1.4_606\LPCOpen\lpc_chip_175x_6x\Debug\liblpc_chip_175x_6x.a(sysinit_17xx_40xx.o)
 .text.Chip_Clock_IsCrystalEnabled
                0x00000c84       0x24 C:\Users\ndjekic\Documents\LPCXpresso_8.1.4_606\LPCOpen\lpc_chip_175x_6x\Debug\liblpc_chip_175x_6x.a(sysinit_17xx_40xx.o)
 .text.Chip_Clock_SetMainPLLSource
                0x00000ca8       0x20 C:\Users\ndjekic\Documents\LPCXpresso_8.1.4_606\LPCOpen\lpc_chip_175x_6x\Debug\liblpc_chip_175x_6x.a(sysinit_17xx_40xx.o)
 .text.Chip_SetupXtalClocking
                0x00000cc8       0x90 C:\Users\ndjekic\Documents\LPCXpresso_8.1.4_606\LPCOpen\lpc_chip_175x_6x\Debug\liblpc_chip_175x_6x.a(sysinit_17xx_40xx.o)
                0x00000cc8                Chip_SetupXtalClocking
 .text.Chip_UART_SetupFIFOS
                0x00000d58       0x1c C:\Users\ndjekic\Documents\LPCXpresso_8.1.4_606\LPCOpen\lpc_chip_175x_6x\Debug\liblpc_chip_175x_6x.a(uart_17xx_40xx.o)
 .text.Chip_UART_ConfigData
                0x00000d74       0x1c C:\Users\ndjekic\Documents\LPCXpresso_8.1.4_606\LPCOpen\lpc_chip_175x_6x\Debug\liblpc_chip_175x_6x.a(uart_17xx_40xx.o)
 .text.Chip_UART_EnableDivisorAccess
                0x00000d90       0x20 C:\Users\ndjekic\Documents\LPCXpresso_8.1.4_606\LPCOpen\lpc_chip_175x_6x\Debug\liblpc_chip_175x_6x.a(uart_17xx_40xx.o)
 .text.Chip_UART_DisableDivisorAccess
                0x00000db0       0x20 C:\Users\ndjekic\Documents\LPCXpresso_8.1.4_606\LPCOpen\lpc_chip_175x_6x\Debug\liblpc_chip_175x_6x.a(uart_17xx_40xx.o)
 .text.Chip_UART_SetDivisorLatches
                0x00000dd0       0x28 C:\Users\ndjekic\Documents\LPCXpresso_8.1.4_606\LPCOpen\lpc_chip_175x_6x\Debug\liblpc_chip_175x_6x.a(uart_17xx_40xx.o)
 .text.Chip_UART_GetClockIndex
                0x00000df8       0x50 C:\Users\ndjekic\Documents\LPCXpresso_8.1.4_606\LPCOpen\lpc_chip_175x_6x\Debug\liblpc_chip_175x_6x.a(uart_17xx_40xx.o)
 .text.Chip_UART_GetClkIndex
                0x00000e48       0x50 C:\Users\ndjekic\Documents\LPCXpresso_8.1.4_606\LPCOpen\lpc_chip_175x_6x\Debug\liblpc_chip_175x_6x.a(uart_17xx_40xx.o)
 .text.Chip_UART_Init
                0x00000e98       0x78 C:\Users\ndjekic\Documents\LPCXpresso_8.1.4_606\LPCOpen\lpc_chip_175x_6x\Debug\liblpc_chip_175x_6x.a(uart_17xx_40xx.o)
                0x00000e98                Chip_UART_Init
 .text.Chip_UART_TXEnable
                0x00000f10       0x18 C:\Users\ndjekic\Documents\LPCXpresso_8.1.4_606\LPCOpen\lpc_chip_175x_6x\Debug\liblpc_chip_175x_6x.a(uart_17xx_40xx.o)
                0x00000f10                Chip_UART_TXEnable
 .text.Chip_UART_TXDisable
                0x00000f28       0x18 C:\Users\ndjekic\Documents\LPCXpresso_8.1.4_606\LPCOpen\lpc_chip_175x_6x\Debug\liblpc_chip_175x_6x.a(uart_17xx_40xx.o)
                0x00000f28                Chip_UART_TXDisable
 .text.Chip_UART_SetBaud
                0x00000f40       0x64 C:\Users\ndjekic\Documents\LPCXpresso_8.1.4_606\LPCOpen\lpc_chip_175x_6x\Debug\liblpc_chip_175x_6x.a(uart_17xx_40xx.o)
                0x00000f40                Chip_UART_SetBaud
 .text.__main   0x00000fa4       0x14 c:/nxp/lpcxpresso_8.1.4_606/lpcxpresso/tools/bin/../lib/gcc/arm-none-eabi/5.2.1/../../../../arm-none-eabi/lib/armv7-m\libcr_nohost.a(_cr__main.o)
                0x00000fa4                __main
 .text._initio  0x00000fb8       0xa4 c:/nxp/lpcxpresso_8.1.4_606/lpcxpresso/tools/bin/../lib/gcc/arm-none-eabi/5.2.1/../../../../arm-none-eabi/lib/armv7-m\libcr_c.a(initio.o)
                0x00000fb8                _initio
 .text.setvbuf  0x0000105c       0x40 c:/nxp/lpcxpresso_8.1.4_606/lpcxpresso/tools/bin/../lib/gcc/arm-none-eabi/5.2.1/../../../../arm-none-eabi/lib/armv7-m\libcr_c.a(setvbuf.o)
                0x0000105c                setvbuf
 .text.memset   0x0000109c        0x4 c:/nxp/lpcxpresso_8.1.4_606/lpcxpresso/tools/bin/../lib/gcc/arm-none-eabi/5.2.1/../../../../arm-none-eabi/lib/armv7-m\libcr_c.a(memset.o)
                0x0000109c                memset
 .text._deferredlazyseek
                0x000010a0       0x44 c:/nxp/lpcxpresso_8.1.4_606/lpcxpresso/tools/bin/../lib/gcc/arm-none-eabi/5.2.1/../../../../arm-none-eabi/lib/armv7-m\libcr_c.a(_deferredlazyseek.o)
                0x000010a0                _deferredlazyseek
 .text._fdopen  0x000010e4       0x6a c:/nxp/lpcxpresso_8.1.4_606/lpcxpresso/tools/bin/../lib/gcc/arm-none-eabi/5.2.1/../../../../arm-none-eabi/lib/armv7-m\libcr_c.a(_fdopen.o)
                0x000010e4                _fdopen
 .text._fflush  0x0000114e       0x58 c:/nxp/lpcxpresso_8.1.4_606/lpcxpresso/tools/bin/../lib/gcc/arm-none-eabi/5.2.1/../../../../arm-none-eabi/lib/armv7-m\libcr_c.a(_fflush.o)
                0x0000114e                _fflush
 *fill*         0x000011a6        0x2 ff
 .text._Cwritebuf
                0x000011a8       0x68 c:/nxp/lpcxpresso_8.1.4_606/lpcxpresso/tools/bin/../lib/gcc/arm-none-eabi/5.2.1/../../../../arm-none-eabi/lib/armv7-m\libcr_c.a(_writebuf.o)
                0x000011a8                _Cwritebuf
 .text.malloc   0x00001210       0xc8 c:/nxp/lpcxpresso_8.1.4_606/lpcxpresso/tools/bin/../lib/gcc/arm-none-eabi/5.2.1/../../../../arm-none-eabi/lib/armv7-m\libcr_c.a(alloc.o)
                0x00001210                malloc
 .text.free     0x000012d8       0x30 c:/nxp/lpcxpresso_8.1.4_606/lpcxpresso/tools/bin/../lib/gcc/arm-none-eabi/5.2.1/../../../../arm-none-eabi/lib/armv7-m\libcr_c.a(alloc.o)
                0x000012d8                free
 .text._Csys_alloc
                0x00001308       0x20 c:/nxp/lpcxpresso_8.1.4_606/lpcxpresso/tools/bin/../lib/gcc/arm-none-eabi/5.2.1/../../../../arm-none-eabi/lib/armv7-m\libcr_c.a(alloc.o)
                0x00001308                _Csys_alloc
 .text.fclose   0x00001328       0x6c c:/nxp/lpcxpresso_8.1.4_606/lpcxpresso/tools/bin/../lib/gcc/arm-none-eabi/5.2.1/../../../../arm-none-eabi/lib/armv7-m\libcr_c.a(fclose.o)
                0x00001328                fclose
 .text.fflush   0x00001394       0x30 c:/nxp/lpcxpresso_8.1.4_606/lpcxpresso/tools/bin/../lib/gcc/arm-none-eabi/5.2.1/../../../../arm-none-eabi/lib/armv7-m\libcr_c.a(fflush.o)
                0x00001394                fflush
 .text.fseek    0x000013c4      0x110 c:/nxp/lpcxpresso_8.1.4_606/lpcxpresso/tools/bin/../lib/gcc/arm-none-eabi/5.2.1/../../../../arm-none-eabi/lib/armv7-m\libcr_c.a(fseek.o)
                0x000013c4                fseek
 .text.ftell    0x000014d4       0x4c c:/nxp/lpcxpresso_8.1.4_606/lpcxpresso/tools/bin/../lib/gcc/arm-none-eabi/5.2.1/../../../../arm-none-eabi/lib/armv7-m\libcr_c.a(ftell.o)
                0x000014d4                ftell
 .text.remove   0x00001520       0x14 c:/nxp/lpcxpresso_8.1.4_606/lpcxpresso/tools/bin/../lib/gcc/arm-none-eabi/5.2.1/../../../../arm-none-eabi/lib/armv7-m\libcr_c.a(remove.o)
                0x00001520                remove
 .text.strlen   0x00001534       0x4a c:/nxp/lpcxpresso_8.1.4_606/lpcxpresso/tools/bin/../lib/gcc/arm-none-eabi/5.2.1/../../../../arm-none-eabi/lib/armv7-m\libcr_c.a(strlen.o)
                0x00001534                strlen
 *fill*         0x0000157e        0x2 ff
 .text._sbrk    0x00001580       0x40 c:/nxp/lpcxpresso_8.1.4_606/lpcxpresso/tools/bin/../lib/gcc/arm-none-eabi/5.2.1/../../../../arm-none-eabi/lib/armv7-m\libcr_c.a(_cr_sbrk.o)
                0x00001580                _sbrk
 .text._do_fflush
                0x000015c0       0x44 c:/nxp/lpcxpresso_8.1.4_606/lpcxpresso/tools/bin/../lib/gcc/arm-none-eabi/5.2.1/../../../../arm-none-eabi/lib/armv7-m\libcr_c.a(_do_fflush.o)
                0x000015c0                _do_fflush
 .text.__check_heap_overflow
                0x00001604       0x18 c:/nxp/lpcxpresso_8.1.4_606/lpcxpresso/tools/bin/../lib/gcc/arm-none-eabi/5.2.1/../../../../arm-none-eabi/lib/armv7-m\libcr_c.a(_cr_check_heap.o)
                0x00001604                __check_heap_overflow
 .text.__aeabi_memset_lowlevel
                0x0000161c       0x32 c:/nxp/lpcxpresso_8.1.4_606/lpcxpresso/tools/bin/../lib/gcc/arm-none-eabi/5.2.1/armv7-m\libcr_eabihelpers.a(memcpy.o)
                0x0000161c                __aeabi_lowlevel_memset
 .text.__sys_appexit
                0x0000164e        0x2 c:/nxp/lpcxpresso_8.1.4_606/lpcxpresso/tools/bin/../lib/gcc/arm-none-eabi/5.2.1/../../../../arm-none-eabi/lib/armv7-m\libcr_nohost.a(__sys_appexit.o)
                0x0000164e                __sys_appexit
                0x0000164e                __exit
 .text.__sys_close
                0x00001650        0x6 c:/nxp/lpcxpresso_8.1.4_606/lpcxpresso/tools/bin/../lib/gcc/arm-none-eabi/5.2.1/../../../../arm-none-eabi/lib/armv7-m\libcr_nohost.a(__sys_close.o)
                0x00001650                __sys_close
 .text.__sys_flen
                0x00001656        0x6 c:/nxp/lpcxpresso_8.1.4_606/lpcxpresso/tools/bin/../lib/gcc/arm-none-eabi/5.2.1/../../../../arm-none-eabi/lib/armv7-m\libcr_nohost.a(__sys_flen.o)
                0x00001656                __sys_flen
 .text.__sys_istty
                0x0000165c        0x6 c:/nxp/lpcxpresso_8.1.4_606/lpcxpresso/tools/bin/../lib/gcc/arm-none-eabi/5.2.1/../../../../arm-none-eabi/lib/armv7-m\libcr_nohost.a(__sys_istty.o)
                0x0000165c                __sys_istty
 .text.__sys_remove
                0x00001662        0x6 c:/nxp/lpcxpresso_8.1.4_606/lpcxpresso/tools/bin/../lib/gcc/arm-none-eabi/5.2.1/../../../../arm-none-eabi/lib/armv7-m\libcr_nohost.a(__sys_remove.o)
                0x00001662                __sys_remove
 .text.__sys_seek
                0x00001668        0x6 c:/nxp/lpcxpresso_8.1.4_606/lpcxpresso/tools/bin/../lib/gcc/arm-none-eabi/5.2.1/../../../../arm-none-eabi/lib/armv7-m\libcr_nohost.a(__sys_seek.o)
                0x00001668                __sys_seek
 .text.__sys_tmpnam
                0x0000166e        0x6 c:/nxp/lpcxpresso_8.1.4_606/lpcxpresso/tools/bin/../lib/gcc/arm-none-eabi/5.2.1/../../../../arm-none-eabi/lib/armv7-m\libcr_nohost.a(__sys_tmpnam.o)
                0x0000166e                __sys_tmpnam
 *(.rodata .rodata.* .constdata .constdata.*)
 .rodata.OscRateIn
                0x00001674        0x4 C:\Users\ndjekic\Documents\LPCXpresso_8.1.4_606\LPCOpen\lpc_board_nxp_lpcxpresso_1769\Debug\liblpc_board_nxp_lpcxpresso_1769.a(board.o)
                0x00001674                OscRateIn
 .rodata.RTCOscRateIn
                0x00001678        0x4 C:\Users\ndjekic\Documents\LPCXpresso_8.1.4_606\LPCOpen\lpc_board_nxp_lpcxpresso_1769\Debug\liblpc_board_nxp_lpcxpresso_1769.a(board.o)
                0x00001678                RTCOscRateIn
 .rodata.pinmuxing
                0x0000167c       0x5c C:\Users\ndjekic\Documents\LPCXpresso_8.1.4_606\LPCOpen\lpc_board_nxp_lpcxpresso_1769\Debug\liblpc_board_nxp_lpcxpresso_1769.a(board_sysinit.o)
 .rodata.str1.1
                0x000016d8        0x4 c:/nxp/lpcxpresso_8.1.4_606/lpcxpresso/tools/bin/../lib/gcc/arm-none-eabi/5.2.1/../../../../arm-none-eabi/lib/armv7-m\libcr_c.a(initio.o)
 .rodata.str1.1
                0x000016dc       0x18 c:/nxp/lpcxpresso_8.1.4_606/lpcxpresso/tools/bin/../lib/gcc/arm-none-eabi/5.2.1/../../../../arm-none-eabi/lib/armv7-m\libcr_c.a(alloc.o)
                0x000016f4                . = ALIGN (0x4)

.glue_7         0x000016f4        0x0
 .glue_7        0x000016f4        0x0 linker stubs

.glue_7t        0x000016f4        0x0
 .glue_7t       0x000016f4        0x0 linker stubs

.vfp11_veneer   0x000016f4        0x0
 .vfp11_veneer  0x000016f4        0x0 linker stubs

.v4_bx          0x000016f4        0x0
 .v4_bx         0x000016f4        0x0 linker stubs

.iplt           0x000016f4        0x0
 .iplt          0x000016f4        0x0 ./example/src/cr_startup_lpc175x_6x.o

.rel.dyn        0x000016f4        0x0
 .rel.iplt      0x000016f4        0x0 ./example/src/cr_startup_lpc175x_6x.o

.ARM.extab
 *(.ARM.extab* .gnu.linkonce.armextab.*)
                0x000016f4                __exidx_start = .

.ARM.exidx
 *(.ARM.exidx* .gnu.linkonce.armexidx.*)
                0x000016f4                __exidx_end = .
                0x000016f4                _etext = .

.data_RAM2      0x2007c000        0x0 load address 0x000016f4
 FILL mask 0xff
                [!provide]                PROVIDE (__start_data_RAM2, .)
 *(.ramfunc.$RAM2)
 *(.ramfunc.$RamAHB32)
 *(.data.$RAM2*)
 *(.data.$RamAHB32*)
                0x2007c000                . = ALIGN (0x4)
                [!provide]                PROVIDE (__end_data_RAM2, .)

.uninit_RESERVED
                0x10000000        0x0
 *(.bss.$RESERVED*)
                0x10000000                . = ALIGN (0x4)
                0x10000000                _end_uninit_RESERVED = .

.data           0x10000000        0x0 load address 0x000016f4
 FILL mask 0xff
                0x10000000                _data = .
 *(vtable)
 *(.ramfunc*)
 *(.data*)
                0x10000000                . = ALIGN (0x4)
                0x10000000                _edata = .

.igot.plt       0x10000000        0x0 load address 0x000016f4
 .igot.plt      0x10000000        0x0 ./example/src/cr_startup_lpc175x_6x.o

.bss_RAM2       0x2007c000        0x0
                [!provide]                PROVIDE (__start_bss_RAM2, .)
 *(.bss.$RAM2*)
 *(.bss.$RamAHB32*)
                0x2007c000                . = ALIGN ((. != 0x0)?0x4:0x1)
                [!provide]                PROVIDE (__end_bss_RAM2, .)

.bss            0x10000000      0x154
                0x10000000                _bss = .
 *(.bss*)
 .bss._extra    0x10000000        0x4 c:/nxp/lpcxpresso_8.1.4_606/lpcxpresso/tools/bin/../lib/gcc/arm-none-eabi/5.2.1/../../../../arm-none-eabi/lib/armv7-m\libcr_c.a(initio.o)
                0x10000000                _extra
 .bss.__Ciob    0x10000004      0x140 c:/nxp/lpcxpresso_8.1.4_606/lpcxpresso/tools/bin/../lib/gcc/arm-none-eabi/5.2.1/../../../../arm-none-eabi/lib/armv7-m\libcr_c.a(stdio.o)
                0x10000004                __Ciob
 .bss.__heaps   0x10000144        0x4 c:/nxp/lpcxpresso_8.1.4_606/lpcxpresso/tools/bin/../lib/gcc/arm-none-eabi/5.2.1/../../../../arm-none-eabi/lib/armv7-m\libcr_c.a(__init_alloc.o)
                0x10000144                __heaps
 .bss.__end_of_heap
                0x10000148        0x4 c:/nxp/lpcxpresso_8.1.4_606/lpcxpresso/tools/bin/../lib/gcc/arm-none-eabi/5.2.1/../../../../arm-none-eabi/lib/armv7-m\libcr_c.a(__init_alloc.o)
                0x10000148                __end_of_heap
 .bss.errno     0x1000014c        0x4 c:/nxp/lpcxpresso_8.1.4_606/lpcxpresso/tools/bin/../lib/gcc/arm-none-eabi/5.2.1/../../../../arm-none-eabi/lib/armv7-m\libcr_c.a(errno.o)
                0x1000014c                errno
 *(COMMON)
 COMMON         0x10000150        0x4 C:\Users\ndjekic\Documents\LPCXpresso_8.1.4_606\LPCOpen\lpc_chip_175x_6x\Debug\liblpc_chip_175x_6x.a(chip_17xx_40xx.o)
                0x10000150                SystemCoreClock
                0x10000154                . = ALIGN (0x4)
                0x10000154                _ebss = .
                [!provide]                PROVIDE (end, .)

.noinit_RAM2    0x2007c000        0x0
 *(.noinit.$RAM2*)
 *(.noinit.$RamAHB32*)
                0x2007c000                . = ALIGN (0x4)

.noinit         0x10000154        0x0
                0x10000154                _noinit = .
 *(.noinit*)
                0x10000154                . = ALIGN (0x4)
                0x10000154                _end_noinit = .
                0x10000154                PROVIDE (_pvHeapStart, DEFINED (__user_heap_base)?__user_heap_base:.)
                0x10008000                PROVIDE (_vStackTop, DEFINED (__user_stack_top)?__user_stack_top:(__top_RamLoc32 - 0x0))
                [!provide]                PROVIDE (__valid_user_code_checksum, (0x0 - ((((((_vStackTop + (ResetISR + 0x1)) + (NMI_Handler + 0x1)) + (HardFault_Handler + 0x1)) + (DEFINED (MemManage_Handler)?MemManage_Handler:0x0 + 0x1)) + (DEFINED (BusFault_Handler)?BusFault_Handler:0x0 + 0x1)) + (DEFINED (UsageFault_Handler)?UsageFault_Handler:0x0 + 0x1))))
OUTPUT(periph_blinky.axf elf32-littlearm)

.debug_info     0x00000000     0x463f
 .debug_info    0x00000000      0x24b ./example/src/cr_startup_lpc175x_6x.o
 .debug_info    0x0000024b      0x110 ./example/src/sysinit.o
 .debug_info    0x0000035b      0x35e ./example/src/systick.o
 .debug_info    0x000006b9     0x13ae C:\Users\ndjekic\Documents\LPCXpresso_8.1.4_606\LPCOpen\lpc_board_nxp_lpcxpresso_1769\Debug\liblpc_board_nxp_lpcxpresso_1769.a(board.o)
 .debug_info    0x00001a67      0x56c C:\Users\ndjekic\Documents\LPCXpresso_8.1.4_606\LPCOpen\lpc_board_nxp_lpcxpresso_1769\Debug\liblpc_board_nxp_lpcxpresso_1769.a(board_sysinit.o)
 .debug_info    0x00001fd3      0x51e C:\Users\ndjekic\Documents\LPCXpresso_8.1.4_606\LPCOpen\lpc_chip_175x_6x\Debug\liblpc_chip_175x_6x.a(chip_17xx_40xx.o)
 .debug_info    0x000024f1      0xb62 C:\Users\ndjekic\Documents\LPCXpresso_8.1.4_606\LPCOpen\lpc_chip_175x_6x\Debug\liblpc_chip_175x_6x.a(clock_17xx_40xx.o)
 .debug_info    0x00003053      0x2d9 C:\Users\ndjekic\Documents\LPCXpresso_8.1.4_606\LPCOpen\lpc_chip_175x_6x\Debug\liblpc_chip_175x_6x.a(iocon_17xx_40xx.o)
 .debug_info    0x0000332c      0x439 C:\Users\ndjekic\Documents\LPCXpresso_8.1.4_606\LPCOpen\lpc_chip_175x_6x\Debug\liblpc_chip_175x_6x.a(sysinit_17xx_40xx.o)
 .debug_info    0x00003765      0xeda C:\Users\ndjekic\Documents\LPCXpresso_8.1.4_606\LPCOpen\lpc_chip_175x_6x\Debug\liblpc_chip_175x_6x.a(uart_17xx_40xx.o)

.debug_abbrev   0x00000000     0x11a1
 .debug_abbrev  0x00000000       0xf5 ./example/src/cr_startup_lpc175x_6x.o
 .debug_abbrev  0x000000f5       0xa3 ./example/src/sysinit.o
 .debug_abbrev  0x00000198      0x189 ./example/src/systick.o
 .debug_abbrev  0x00000321      0x379 C:\Users\ndjekic\Documents\LPCXpresso_8.1.4_606\LPCOpen\lpc_board_nxp_lpcxpresso_1769\Debug\liblpc_board_nxp_lpcxpresso_1769.a(board.o)
 .debug_abbrev  0x0000069a      0x15c C:\Users\ndjekic\Documents\LPCXpresso_8.1.4_606\LPCOpen\lpc_board_nxp_lpcxpresso_1769\Debug\liblpc_board_nxp_lpcxpresso_1769.a(board_sysinit.o)
 .debug_abbrev  0x000007f6      0x13c C:\Users\ndjekic\Documents\LPCXpresso_8.1.4_606\LPCOpen\lpc_chip_175x_6x\Debug\liblpc_chip_175x_6x.a(chip_17xx_40xx.o)
 .debug_abbrev  0x00000932      0x2ec C:\Users\ndjekic\Documents\LPCXpresso_8.1.4_606\LPCOpen\lpc_chip_175x_6x\Debug\liblpc_chip_175x_6x.a(clock_17xx_40xx.o)
 .debug_abbrev  0x00000c1e      0x126 C:\Users\ndjekic\Documents\LPCXpresso_8.1.4_606\LPCOpen\lpc_chip_175x_6x\Debug\liblpc_chip_175x_6x.a(iocon_17xx_40xx.o)
 .debug_abbrev  0x00000d44      0x175 C:\Users\ndjekic\Documents\LPCXpresso_8.1.4_606\LPCOpen\lpc_chip_175x_6x\Debug\liblpc_chip_175x_6x.a(sysinit_17xx_40xx.o)
 .debug_abbrev  0x00000eb9      0x2e8 C:\Users\ndjekic\Documents\LPCXpresso_8.1.4_606\LPCOpen\lpc_chip_175x_6x\Debug\liblpc_chip_175x_6x.a(uart_17xx_40xx.o)

.debug_aranges  0x00000000      0x5a0
 .debug_aranges
                0x00000000       0x80 ./example/src/cr_startup_lpc175x_6x.o
 .debug_aranges
                0x00000080       0x20 ./example/src/sysinit.o
 .debug_aranges
                0x000000a0       0x58 ./example/src/systick.o
 .debug_aranges
                0x000000f8      0x160 C:\Users\ndjekic\Documents\LPCXpresso_8.1.4_606\LPCOpen\lpc_board_nxp_lpcxpresso_1769\Debug\liblpc_board_nxp_lpcxpresso_1769.a(board.o)
 .debug_aranges
                0x00000258       0x38 C:\Users\ndjekic\Documents\LPCXpresso_8.1.4_606\LPCOpen\lpc_board_nxp_lpcxpresso_1769\Debug\liblpc_board_nxp_lpcxpresso_1769.a(board_sysinit.o)
 .debug_aranges
                0x00000290       0x38 C:\Users\ndjekic\Documents\LPCXpresso_8.1.4_606\LPCOpen\lpc_chip_175x_6x\Debug\liblpc_chip_175x_6x.a(chip_17xx_40xx.o)
 .debug_aranges
                0x000002c8      0x120 C:\Users\ndjekic\Documents\LPCXpresso_8.1.4_606\LPCOpen\lpc_chip_175x_6x\Debug\liblpc_chip_175x_6x.a(clock_17xx_40xx.o)
 .debug_aranges
                0x000003e8       0x30 C:\Users\ndjekic\Documents\LPCXpresso_8.1.4_606\LPCOpen\lpc_chip_175x_6x\Debug\liblpc_chip_175x_6x.a(iocon_17xx_40xx.o)
 .debug_aranges
                0x00000418       0x60 C:\Users\ndjekic\Documents\LPCXpresso_8.1.4_606\LPCOpen\lpc_chip_175x_6x\Debug\liblpc_chip_175x_6x.a(sysinit_17xx_40xx.o)
 .debug_aranges
                0x00000478      0x128 C:\Users\ndjekic\Documents\LPCXpresso_8.1.4_606\LPCOpen\lpc_chip_175x_6x\Debug\liblpc_chip_175x_6x.a(uart_17xx_40xx.o)

.debug_ranges   0x00000000      0x500
 .debug_ranges  0x00000000       0x70 ./example/src/cr_startup_lpc175x_6x.o
 .debug_ranges  0x00000070       0x10 ./example/src/sysinit.o
 .debug_ranges  0x00000080       0x48 ./example/src/systick.o
 .debug_ranges  0x000000c8      0x150 C:\Users\ndjekic\Documents\LPCXpresso_8.1.4_606\LPCOpen\lpc_board_nxp_lpcxpresso_1769\Debug\liblpc_board_nxp_lpcxpresso_1769.a(board.o)
 .debug_ranges  0x00000218       0x28 C:\Users\ndjekic\Documents\LPCXpresso_8.1.4_606\LPCOpen\lpc_board_nxp_lpcxpresso_1769\Debug\liblpc_board_nxp_lpcxpresso_1769.a(board_sysinit.o)
 .debug_ranges  0x00000240       0x28 C:\Users\ndjekic\Documents\LPCXpresso_8.1.4_606\LPCOpen\lpc_chip_175x_6x\Debug\liblpc_chip_175x_6x.a(chip_17xx_40xx.o)
 .debug_ranges  0x00000268      0x110 C:\Users\ndjekic\Documents\LPCXpresso_8.1.4_606\LPCOpen\lpc_chip_175x_6x\Debug\liblpc_chip_175x_6x.a(clock_17xx_40xx.o)
 .debug_ranges  0x00000378       0x20 C:\Users\ndjekic\Documents\LPCXpresso_8.1.4_606\LPCOpen\lpc_chip_175x_6x\Debug\liblpc_chip_175x_6x.a(iocon_17xx_40xx.o)
 .debug_ranges  0x00000398       0x50 C:\Users\ndjekic\Documents\LPCXpresso_8.1.4_606\LPCOpen\lpc_chip_175x_6x\Debug\liblpc_chip_175x_6x.a(sysinit_17xx_40xx.o)
 .debug_ranges  0x000003e8      0x118 C:\Users\ndjekic\Documents\LPCXpresso_8.1.4_606\LPCOpen\lpc_chip_175x_6x\Debug\liblpc_chip_175x_6x.a(uart_17xx_40xx.o)

.debug_macro    0x00000000     0x4a7a
 .debug_macro   0x00000000       0x1d ./example/src/cr_startup_lpc175x_6x.o
 .debug_macro   0x0000001d      0x886 ./example/src/cr_startup_lpc175x_6x.o
 .debug_macro   0x000008a3      0x217 ./example/src/sysinit.o
 .debug_macro   0x00000aba       0x10 ./example/src/sysinit.o
 .debug_macro   0x00000aca      0x12d ./example/src/sysinit.o
 .debug_macro   0x00000bf7      0x5b2 ./example/src/sysinit.o
 .debug_macro   0x000011a9       0x22 ./example/src/sysinit.o
 .debug_macro   0x000011cb       0x7b ./example/src/sysinit.o
 .debug_macro   0x00001246       0x10 ./example/src/sysinit.o
 .debug_macro   0x00001256       0x2d ./example/src/sysinit.o
 .debug_macro   0x00001283       0x3a ./example/src/sysinit.o
 .debug_macro   0x000012bd       0x2d ./example/src/sysinit.o
 .debug_macro   0x000012ea      0xbb1 ./example/src/sysinit.o
 .debug_macro   0x00001e9b      0x22c ./example/src/sysinit.o
 .debug_macro   0x000020c7       0x42 ./example/src/sysinit.o
 .debug_macro   0x00002109       0x52 ./example/src/sysinit.o
 .debug_macro   0x0000215b       0x78 ./example/src/sysinit.o
 .debug_macro   0x000021d3       0x82 ./example/src/sysinit.o
 .debug_macro   0x00002255      0x48c ./example/src/sysinit.o
 .debug_macro   0x000026e1       0x34 ./example/src/sysinit.o
 .debug_macro   0x00002715      0x4c5 ./example/src/sysinit.o
 .debug_macro   0x00002bda      0x1b7 ./example/src/sysinit.o
 .debug_macro   0x00002d91       0x10 ./example/src/sysinit.o
 .debug_macro   0x00002da1      0x21b ./example/src/sysinit.o
 .debug_macro   0x00002fbc      0x1b9 ./example/src/sysinit.o
 .debug_macro   0x00003175       0x40 ./example/src/sysinit.o
 .debug_macro   0x000031b5       0x22 ./example/src/sysinit.o
 .debug_macro   0x000031d7      0x162 ./example/src/sysinit.o
 .debug_macro   0x00003339       0x94 ./example/src/sysinit.o
 .debug_macro   0x000033cd       0xb8 ./example/src/sysinit.o
 .debug_macro   0x00003485       0x4c ./example/src/sysinit.o
 .debug_macro   0x000034d1       0x16 ./example/src/sysinit.o
 .debug_macro   0x000034e7      0x328 ./example/src/sysinit.o
 .debug_macro   0x0000380f       0x49 ./example/src/sysinit.o
 .debug_macro   0x00003858       0x16 ./example/src/sysinit.o
 .debug_macro   0x0000386e       0xca ./example/src/sysinit.o
 .debug_macro   0x00003938       0x18 ./example/src/sysinit.o
 .debug_macro   0x00003950       0x70 ./example/src/sysinit.o
 .debug_macro   0x000039c0       0x9a ./example/src/sysinit.o
 .debug_macro   0x00003a5a       0x20 ./example/src/sysinit.o
 .debug_macro   0x00003a7a       0x28 ./example/src/sysinit.o
 .debug_macro   0x00003aa2      0x225 ./example/src/systick.o
 .debug_macro   0x00003cc7      0x289 C:\Users\ndjekic\Documents\LPCXpresso_8.1.4_606\LPCOpen\lpc_board_nxp_lpcxpresso_1769\Debug\liblpc_board_nxp_lpcxpresso_1769.a(board.o)
 .debug_macro   0x00003f50       0x12 C:\Users\ndjekic\Documents\LPCXpresso_8.1.4_606\LPCOpen\lpc_board_nxp_lpcxpresso_1769\Debug\liblpc_board_nxp_lpcxpresso_1769.a(board.o)
 .debug_macro   0x00003f62      0x217 C:\Users\ndjekic\Documents\LPCXpresso_8.1.4_606\LPCOpen\lpc_board_nxp_lpcxpresso_1769\Debug\liblpc_board_nxp_lpcxpresso_1769.a(board_sysinit.o)
 .debug_macro   0x00004179      0x1cd C:\Users\ndjekic\Documents\LPCXpresso_8.1.4_606\LPCOpen\lpc_chip_175x_6x\Debug\liblpc_chip_175x_6x.a(chip_17xx_40xx.o)
 .debug_macro   0x00004346      0x1cd C:\Users\ndjekic\Documents\LPCXpresso_8.1.4_606\LPCOpen\lpc_chip_175x_6x\Debug\liblpc_chip_175x_6x.a(clock_17xx_40xx.o)
 .debug_macro   0x00004513      0x1cd C:\Users\ndjekic\Documents\LPCXpresso_8.1.4_606\LPCOpen\lpc_chip_175x_6x\Debug\liblpc_chip_175x_6x.a(iocon_17xx_40xx.o)
 .debug_macro   0x000046e0      0x1cd C:\Users\ndjekic\Documents\LPCXpresso_8.1.4_606\LPCOpen\lpc_chip_175x_6x\Debug\liblpc_chip_175x_6x.a(sysinit_17xx_40xx.o)
 .debug_macro   0x000048ad      0x1cd C:\Users\ndjekic\Documents\LPCXpresso_8.1.4_606\LPCOpen\lpc_chip_175x_6x\Debug\liblpc_chip_175x_6x.a(uart_17xx_40xx.o)

.debug_line     0x00000000     0x33a6
 .debug_line    0x00000000       0xdd ./example/src/cr_startup_lpc175x_6x.o
 .debug_line    0x000000dd      0x49d ./example/src/sysinit.o
 .debug_line    0x0000057a      0x543 ./example/src/systick.o
 .debug_line    0x00000abd      0x851 C:\Users\ndjekic\Documents\LPCXpresso_8.1.4_606\LPCOpen\lpc_board_nxp_lpcxpresso_1769\Debug\liblpc_board_nxp_lpcxpresso_1769.a(board.o)
 .debug_line    0x0000130e      0x4d5 C:\Users\ndjekic\Documents\LPCXpresso_8.1.4_606\LPCOpen\lpc_board_nxp_lpcxpresso_1769\Debug\liblpc_board_nxp_lpcxpresso_1769.a(board_sysinit.o)
 .debug_line    0x000017e3      0x459 C:\Users\ndjekic\Documents\LPCXpresso_8.1.4_606\LPCOpen\lpc_chip_175x_6x\Debug\liblpc_chip_175x_6x.a(chip_17xx_40xx.o)
 .debug_line    0x00001c3c      0x6d5 C:\Users\ndjekic\Documents\LPCXpresso_8.1.4_606\LPCOpen\lpc_chip_175x_6x\Debug\liblpc_chip_175x_6x.a(clock_17xx_40xx.o)
 .debug_line    0x00002311      0x445 C:\Users\ndjekic\Documents\LPCXpresso_8.1.4_606\LPCOpen\lpc_chip_175x_6x\Debug\liblpc_chip_175x_6x.a(iocon_17xx_40xx.o)
 .debug_line    0x00002756      0x4cf C:\Users\ndjekic\Documents\LPCXpresso_8.1.4_606\LPCOpen\lpc_chip_175x_6x\Debug\liblpc_chip_175x_6x.a(sysinit_17xx_40xx.o)
 .debug_line    0x00002c25      0x781 C:\Users\ndjekic\Documents\LPCXpresso_8.1.4_606\LPCOpen\lpc_chip_175x_6x\Debug\liblpc_chip_175x_6x.a(uart_17xx_40xx.o)

.debug_str      0x00000000    0x12ad3
 .debug_str     0x00000000     0x268d ./example/src/cr_startup_lpc175x_6x.o
                               0x26a0 (size before relaxing)
 .debug_str     0x0000268d     0xe49a ./example/src/sysinit.o
                              0x10a53 (size before relaxing)
 .debug_str     0x00010b27      0x100 ./example/src/systick.o
                              0x10b1d (size before relaxing)
 .debug_str     0x00010c27      0xe59 C:\Users\ndjekic\Documents\LPCXpresso_8.1.4_606\LPCOpen\lpc_board_nxp_lpcxpresso_1769\Debug\liblpc_board_nxp_lpcxpresso_1769.a(board.o)
                              0x11929 (size before relaxing)
 .debug_str     0x00011a80      0x22d C:\Users\ndjekic\Documents\LPCXpresso_8.1.4_606\LPCOpen\lpc_board_nxp_lpcxpresso_1769\Debug\liblpc_board_nxp_lpcxpresso_1769.a(board_sysinit.o)
                              0x10e63 (size before relaxing)
 .debug_str     0x00011cad       0xd2 C:\Users\ndjekic\Documents\LPCXpresso_8.1.4_606\LPCOpen\lpc_chip_175x_6x\Debug\liblpc_chip_175x_6x.a(chip_17xx_40xx.o)
                              0x10b5a (size before relaxing)
 .debug_str     0x00011d7f      0x857 C:\Users\ndjekic\Documents\LPCXpresso_8.1.4_606\LPCOpen\lpc_chip_175x_6x\Debug\liblpc_chip_175x_6x.a(clock_17xx_40xx.o)
                              0x111c8 (size before relaxing)
 .debug_str     0x000125d6       0x79 C:\Users\ndjekic\Documents\LPCXpresso_8.1.4_606\LPCOpen\lpc_chip_175x_6x\Debug\liblpc_chip_175x_6x.a(iocon_17xx_40xx.o)
                              0x10645 (size before relaxing)
 .debug_str     0x0001264f       0xc4 C:\Users\ndjekic\Documents\LPCXpresso_8.1.4_606\LPCOpen\lpc_chip_175x_6x\Debug\liblpc_chip_175x_6x.a(sysinit_17xx_40xx.o)
                              0x1082d (size before relaxing)
 .debug_str     0x00012713      0x3c0 C:\Users\ndjekic\Documents\LPCXpresso_8.1.4_606\LPCOpen\lpc_chip_175x_6x\Debug\liblpc_chip_175x_6x.a(uart_17xx_40xx.o)
                              0x1109d (size before relaxing)

.comment        0x00000000       0x6e
 .comment       0x00000000       0x6e ./example/src/cr_startup_lpc175x_6x.o
                                 0x6f (size before relaxing)
 .comment       0x0000006e       0x6f ./example/src/sysinit.o
 .comment       0x0000006e       0x6f ./example/src/systick.o
 .comment       0x0000006e       0x6f C:\Users\ndjekic\Documents\LPCXpresso_8.1.4_606\LPCOpen\lpc_board_nxp_lpcxpresso_1769\Debug\liblpc_board_nxp_lpcxpresso_1769.a(board.o)
 .comment       0x0000006e       0x6f C:\Users\ndjekic\Documents\LPCXpresso_8.1.4_606\LPCOpen\lpc_board_nxp_lpcxpresso_1769\Debug\liblpc_board_nxp_lpcxpresso_1769.a(board_sysinit.o)
 .comment       0x0000006e       0x6f C:\Users\ndjekic\Documents\LPCXpresso_8.1.4_606\LPCOpen\lpc_chip_175x_6x\Debug\liblpc_chip_175x_6x.a(chip_17xx_40xx.o)
 .comment       0x0000006e       0x6f C:\Users\ndjekic\Documents\LPCXpresso_8.1.4_606\LPCOpen\lpc_chip_175x_6x\Debug\liblpc_chip_175x_6x.a(clock_17xx_40xx.o)
 .comment       0x0000006e       0x6f C:\Users\ndjekic\Documents\LPCXpresso_8.1.4_606\LPCOpen\lpc_chip_175x_6x\Debug\liblpc_chip_175x_6x.a(iocon_17xx_40xx.o)
 .comment       0x0000006e       0x6f C:\Users\ndjekic\Documents\LPCXpresso_8.1.4_606\LPCOpen\lpc_chip_175x_6x\Debug\liblpc_chip_175x_6x.a(sysinit_17xx_40xx.o)
 .comment       0x0000006e       0x6f C:\Users\ndjekic\Documents\LPCXpresso_8.1.4_606\LPCOpen\lpc_chip_175x_6x\Debug\liblpc_chip_175x_6x.a(uart_17xx_40xx.o)
 .comment       0x0000006e       0x6f c:/nxp/lpcxpresso_8.1.4_606/lpcxpresso/tools/bin/../lib/gcc/arm-none-eabi/5.2.1/../../../../arm-none-eabi/lib/armv7-m\libcr_nohost.a(_cr__main.o)
 .comment       0x0000006e       0x6f c:/nxp/lpcxpresso_8.1.4_606/lpcxpresso/tools/bin/../lib/gcc/arm-none-eabi/5.2.1/../../../../arm-none-eabi/lib/armv7-m\libcr_c.a(initio.o)
 .comment       0x0000006e       0x6f c:/nxp/lpcxpresso_8.1.4_606/lpcxpresso/tools/bin/../lib/gcc/arm-none-eabi/5.2.1/../../../../arm-none-eabi/lib/armv7-m\libcr_c.a(setvbuf.o)
 .comment       0x0000006e       0x6f c:/nxp/lpcxpresso_8.1.4_606/lpcxpresso/tools/bin/../lib/gcc/arm-none-eabi/5.2.1/../../../../arm-none-eabi/lib/armv7-m\libcr_c.a(stdio.o)
 .comment       0x0000006e       0x6f c:/nxp/lpcxpresso_8.1.4_606/lpcxpresso/tools/bin/../lib/gcc/arm-none-eabi/5.2.1/../../../../arm-none-eabi/lib/armv7-m\libcr_c.a(memset.o)
 .comment       0x0000006e       0x6f c:/nxp/lpcxpresso_8.1.4_606/lpcxpresso/tools/bin/../lib/gcc/arm-none-eabi/5.2.1/../../../../arm-none-eabi/lib/armv7-m\libcr_c.a(_deferredlazyseek.o)
 .comment       0x0000006e       0x6f c:/nxp/lpcxpresso_8.1.4_606/lpcxpresso/tools/bin/../lib/gcc/arm-none-eabi/5.2.1/../../../../arm-none-eabi/lib/armv7-m\libcr_c.a(_fdopen.o)
 .comment       0x0000006e       0x6f c:/nxp/lpcxpresso_8.1.4_606/lpcxpresso/tools/bin/../lib/gcc/arm-none-eabi/5.2.1/../../../../arm-none-eabi/lib/armv7-m\libcr_c.a(_fflush.o)
 .comment       0x0000006e       0x6f c:/nxp/lpcxpresso_8.1.4_606/lpcxpresso/tools/bin/../lib/gcc/arm-none-eabi/5.2.1/../../../../arm-none-eabi/lib/armv7-m\libcr_c.a(_writebuf.o)
 .comment       0x0000006e       0x6f c:/nxp/lpcxpresso_8.1.4_606/lpcxpresso/tools/bin/../lib/gcc/arm-none-eabi/5.2.1/../../../../arm-none-eabi/lib/armv7-m\libcr_c.a(alloc.o)
 .comment       0x0000006e       0x6f c:/nxp/lpcxpresso_8.1.4_606/lpcxpresso/tools/bin/../lib/gcc/arm-none-eabi/5.2.1/../../../../arm-none-eabi/lib/armv7-m\libcr_c.a(fclose.o)
 .comment       0x0000006e       0x6f c:/nxp/lpcxpresso_8.1.4_606/lpcxpresso/tools/bin/../lib/gcc/arm-none-eabi/5.2.1/../../../../arm-none-eabi/lib/armv7-m\libcr_c.a(fflush.o)
 .comment       0x0000006e       0x6f c:/nxp/lpcxpresso_8.1.4_606/lpcxpresso/tools/bin/../lib/gcc/arm-none-eabi/5.2.1/../../../../arm-none-eabi/lib/armv7-m\libcr_c.a(fseek.o)
 .comment       0x0000006e       0x6f c:/nxp/lpcxpresso_8.1.4_606/lpcxpresso/tools/bin/../lib/gcc/arm-none-eabi/5.2.1/../../../../arm-none-eabi/lib/armv7-m\libcr_c.a(ftell.o)
 .comment       0x0000006e       0x6f c:/nxp/lpcxpresso_8.1.4_606/lpcxpresso/tools/bin/../lib/gcc/arm-none-eabi/5.2.1/../../../../arm-none-eabi/lib/armv7-m\libcr_c.a(remove.o)
 .comment       0x0000006e       0x6f c:/nxp/lpcxpresso_8.1.4_606/lpcxpresso/tools/bin/../lib/gcc/arm-none-eabi/5.2.1/../../../../arm-none-eabi/lib/armv7-m\libcr_c.a(strlen.o)
 .comment       0x0000006e       0x6f c:/nxp/lpcxpresso_8.1.4_606/lpcxpresso/tools/bin/../lib/gcc/arm-none-eabi/5.2.1/../../../../arm-none-eabi/lib/armv7-m\libcr_c.a(__init_alloc.o)
 .comment       0x0000006e       0x6f c:/nxp/lpcxpresso_8.1.4_606/lpcxpresso/tools/bin/../lib/gcc/arm-none-eabi/5.2.1/../../../../arm-none-eabi/lib/armv7-m\libcr_c.a(_cr_sbrk.o)
 .comment       0x0000006e       0x6f c:/nxp/lpcxpresso_8.1.4_606/lpcxpresso/tools/bin/../lib/gcc/arm-none-eabi/5.2.1/../../../../arm-none-eabi/lib/armv7-m\libcr_c.a(_do_fflush.o)
 .comment       0x0000006e       0x6f c:/nxp/lpcxpresso_8.1.4_606/lpcxpresso/tools/bin/../lib/gcc/arm-none-eabi/5.2.1/../../../../arm-none-eabi/lib/armv7-m\libcr_c.a(errno.o)
 .comment       0x0000006e       0x6f c:/nxp/lpcxpresso_8.1.4_606/lpcxpresso/tools/bin/../lib/gcc/arm-none-eabi/5.2.1/../../../../arm-none-eabi/lib/armv7-m\libcr_c.a(_cr_check_heap.o)
 .comment       0x0000006e       0x6f c:/nxp/lpcxpresso_8.1.4_606/lpcxpresso/tools/bin/../lib/gcc/arm-none-eabi/5.2.1/../../../../arm-none-eabi/lib/armv7-m\libcr_nohost.a(__sys_appexit.o)
 .comment       0x0000006e       0x6f c:/nxp/lpcxpresso_8.1.4_606/lpcxpresso/tools/bin/../lib/gcc/arm-none-eabi/5.2.1/../../../../arm-none-eabi/lib/armv7-m\libcr_nohost.a(__sys_close.o)
 .comment       0x0000006e       0x6f c:/nxp/lpcxpresso_8.1.4_606/lpcxpresso/tools/bin/../lib/gcc/arm-none-eabi/5.2.1/../../../../arm-none-eabi/lib/armv7-m\libcr_nohost.a(__sys_flen.o)
 .comment       0x0000006e       0x6f c:/nxp/lpcxpresso_8.1.4_606/lpcxpresso/tools/bin/../lib/gcc/arm-none-eabi/5.2.1/../../../../arm-none-eabi/lib/armv7-m\libcr_nohost.a(__sys_istty.o)
 .comment       0x0000006e       0x6f c:/nxp/lpcxpresso_8.1.4_606/lpcxpresso/tools/bin/../lib/gcc/arm-none-eabi/5.2.1/../../../../arm-none-eabi/lib/armv7-m\libcr_nohost.a(__sys_remove.o)
 .comment       0x0000006e       0x6f c:/nxp/lpcxpresso_8.1.4_606/lpcxpresso/tools/bin/../lib/gcc/arm-none-eabi/5.2.1/../../../../arm-none-eabi/lib/armv7-m\libcr_nohost.a(__sys_seek.o)
 .comment       0x0000006e       0x6f c:/nxp/lpcxpresso_8.1.4_606/lpcxpresso/tools/bin/../lib/gcc/arm-none-eabi/5.2.1/../../../../arm-none-eabi/lib/armv7-m\libcr_nohost.a(__sys_tmpnam.o)

.ARM.attributes
                0x00000000       0x31
 .ARM.attributes
                0x00000000       0x33 ./example/src/cr_startup_lpc175x_6x.o
 .ARM.attributes
                0x00000033       0x33 ./example/src/sysinit.o
 .ARM.attributes
                0x00000066       0x33 ./example/src/systick.o
 .ARM.attributes
                0x00000099       0x33 C:\Users\ndjekic\Documents\LPCXpresso_8.1.4_606\LPCOpen\lpc_board_nxp_lpcxpresso_1769\Debug\liblpc_board_nxp_lpcxpresso_1769.a(board.o)
 .ARM.attributes
                0x000000cc       0x33 C:\Users\ndjekic\Documents\LPCXpresso_8.1.4_606\LPCOpen\lpc_board_nxp_lpcxpresso_1769\Debug\liblpc_board_nxp_lpcxpresso_1769.a(board_sysinit.o)
 .ARM.attributes
                0x000000ff       0x33 C:\Users\ndjekic\Documents\LPCXpresso_8.1.4_606\LPCOpen\lpc_chip_175x_6x\Debug\liblpc_chip_175x_6x.a(chip_17xx_40xx.o)
 .ARM.attributes
                0x00000132       0x33 C:\Users\ndjekic\Documents\LPCXpresso_8.1.4_606\LPCOpen\lpc_chip_175x_6x\Debug\liblpc_chip_175x_6x.a(clock_17xx_40xx.o)
 .ARM.attributes
                0x00000165       0x33 C:\Users\ndjekic\Documents\LPCXpresso_8.1.4_606\LPCOpen\lpc_chip_175x_6x\Debug\liblpc_chip_175x_6x.a(iocon_17xx_40xx.o)
 .ARM.attributes
                0x00000198       0x33 C:\Users\ndjekic\Documents\LPCXpresso_8.1.4_606\LPCOpen\lpc_chip_175x_6x\Debug\liblpc_chip_175x_6x.a(sysinit_17xx_40xx.o)
 .ARM.attributes
                0x000001cb       0x33 C:\Users\ndjekic\Documents\LPCXpresso_8.1.4_606\LPCOpen\lpc_chip_175x_6x\Debug\liblpc_chip_175x_6x.a(uart_17xx_40xx.o)
 .ARM.attributes
                0x000001fe       0x33 c:/nxp/lpcxpresso_8.1.4_606/lpcxpresso/tools/bin/../lib/gcc/arm-none-eabi/5.2.1/../../../../arm-none-eabi/lib/armv7-m\libcr_nohost.a(_cr__main.o)
 .ARM.attributes
                0x00000231       0x33 c:/nxp/lpcxpresso_8.1.4_606/lpcxpresso/tools/bin/../lib/gcc/arm-none-eabi/5.2.1/../../../../arm-none-eabi/lib/armv7-m\libcr_c.a(initio.o)
 .ARM.attributes
                0x00000264       0x33 c:/nxp/lpcxpresso_8.1.4_606/lpcxpresso/tools/bin/../lib/gcc/arm-none-eabi/5.2.1/../../../../arm-none-eabi/lib/armv7-m\libcr_c.a(setvbuf.o)
 .ARM.attributes
                0x00000297       0x33 c:/nxp/lpcxpresso_8.1.4_606/lpcxpresso/tools/bin/../lib/gcc/arm-none-eabi/5.2.1/../../../../arm-none-eabi/lib/armv7-m\libcr_c.a(stdio.o)
 .ARM.attributes
                0x000002ca       0x33 c:/nxp/lpcxpresso_8.1.4_606/lpcxpresso/tools/bin/../lib/gcc/arm-none-eabi/5.2.1/../../../../arm-none-eabi/lib/armv7-m\libcr_c.a(memset.o)
 .ARM.attributes
                0x000002fd       0x33 c:/nxp/lpcxpresso_8.1.4_606/lpcxpresso/tools/bin/../lib/gcc/arm-none-eabi/5.2.1/../../../../arm-none-eabi/lib/armv7-m\libcr_c.a(_deferredlazyseek.o)
 .ARM.attributes
                0x00000330       0x33 c:/nxp/lpcxpresso_8.1.4_606/lpcxpresso/tools/bin/../lib/gcc/arm-none-eabi/5.2.1/../../../../arm-none-eabi/lib/armv7-m\libcr_c.a(_fdopen.o)
 .ARM.attributes
                0x00000363       0x33 c:/nxp/lpcxpresso_8.1.4_606/lpcxpresso/tools/bin/../lib/gcc/arm-none-eabi/5.2.1/../../../../arm-none-eabi/lib/armv7-m\libcr_c.a(_fflush.o)
 .ARM.attributes
                0x00000396       0x33 c:/nxp/lpcxpresso_8.1.4_606/lpcxpresso/tools/bin/../lib/gcc/arm-none-eabi/5.2.1/../../../../arm-none-eabi/lib/armv7-m\libcr_c.a(_writebuf.o)
 .ARM.attributes
                0x000003c9       0x33 c:/nxp/lpcxpresso_8.1.4_606/lpcxpresso/tools/bin/../lib/gcc/arm-none-eabi/5.2.1/../../../../arm-none-eabi/lib/armv7-m\libcr_c.a(alloc.o)
 .ARM.attributes
                0x000003fc       0x33 c:/nxp/lpcxpresso_8.1.4_606/lpcxpresso/tools/bin/../lib/gcc/arm-none-eabi/5.2.1/../../../../arm-none-eabi/lib/armv7-m\libcr_c.a(fclose.o)
 .ARM.attributes
                0x0000042f       0x33 c:/nxp/lpcxpresso_8.1.4_606/lpcxpresso/tools/bin/../lib/gcc/arm-none-eabi/5.2.1/../../../../arm-none-eabi/lib/armv7-m\libcr_c.a(fflush.o)
 .ARM.attributes
                0x00000462       0x33 c:/nxp/lpcxpresso_8.1.4_606/lpcxpresso/tools/bin/../lib/gcc/arm-none-eabi/5.2.1/../../../../arm-none-eabi/lib/armv7-m\libcr_c.a(fseek.o)
 .ARM.attributes
                0x00000495       0x33 c:/nxp/lpcxpresso_8.1.4_606/lpcxpresso/tools/bin/../lib/gcc/arm-none-eabi/5.2.1/../../../../arm-none-eabi/lib/armv7-m\libcr_c.a(ftell.o)
 .ARM.attributes
                0x000004c8       0x33 c:/nxp/lpcxpresso_8.1.4_606/lpcxpresso/tools/bin/../lib/gcc/arm-none-eabi/5.2.1/../../../../arm-none-eabi/lib/armv7-m\libcr_c.a(remove.o)
 .ARM.attributes
                0x000004fb       0x33 c:/nxp/lpcxpresso_8.1.4_606/lpcxpresso/tools/bin/../lib/gcc/arm-none-eabi/5.2.1/../../../../arm-none-eabi/lib/armv7-m\libcr_c.a(strlen.o)
 .ARM.attributes
                0x0000052e       0x33 c:/nxp/lpcxpresso_8.1.4_606/lpcxpresso/tools/bin/../lib/gcc/arm-none-eabi/5.2.1/../../../../arm-none-eabi/lib/armv7-m\libcr_c.a(__init_alloc.o)
 .ARM.attributes
                0x00000561       0x33 c:/nxp/lpcxpresso_8.1.4_606/lpcxpresso/tools/bin/../lib/gcc/arm-none-eabi/5.2.1/../../../../arm-none-eabi/lib/armv7-m\libcr_c.a(_cr_sbrk.o)
 .ARM.attributes
                0x00000594       0x33 c:/nxp/lpcxpresso_8.1.4_606/lpcxpresso/tools/bin/../lib/gcc/arm-none-eabi/5.2.1/../../../../arm-none-eabi/lib/armv7-m\libcr_c.a(_do_fflush.o)
 .ARM.attributes
                0x000005c7       0x33 c:/nxp/lpcxpresso_8.1.4_606/lpcxpresso/tools/bin/../lib/gcc/arm-none-eabi/5.2.1/../../../../arm-none-eabi/lib/armv7-m\libcr_c.a(errno.o)
 .ARM.attributes
                0x000005fa       0x33 c:/nxp/lpcxpresso_8.1.4_606/lpcxpresso/tools/bin/../lib/gcc/arm-none-eabi/5.2.1/../../../../arm-none-eabi/lib/armv7-m\libcr_c.a(_cr_check_heap.o)
 .ARM.attributes
                0x0000062d       0x21 c:/nxp/lpcxpresso_8.1.4_606/lpcxpresso/tools/bin/../lib/gcc/arm-none-eabi/5.2.1/armv7-m\libcr_eabihelpers.a(memcpy.o)
 .ARM.attributes
                0x0000064e       0x33 c:/nxp/lpcxpresso_8.1.4_606/lpcxpresso/tools/bin/../lib/gcc/arm-none-eabi/5.2.1/../../../../arm-none-eabi/lib/armv7-m\libcr_nohost.a(__sys_appexit.o)
 .ARM.attributes
                0x00000681       0x33 c:/nxp/lpcxpresso_8.1.4_606/lpcxpresso/tools/bin/../lib/gcc/arm-none-eabi/5.2.1/../../../../arm-none-eabi/lib/armv7-m\libcr_nohost.a(__sys_close.o)
 .ARM.attributes
                0x000006b4       0x33 c:/nxp/lpcxpresso_8.1.4_606/lpcxpresso/tools/bin/../lib/gcc/arm-none-eabi/5.2.1/../../../../arm-none-eabi/lib/armv7-m\libcr_nohost.a(__sys_flen.o)
 .ARM.attributes
                0x000006e7       0x33 c:/nxp/lpcxpresso_8.1.4_606/lpcxpresso/tools/bin/../lib/gcc/arm-none-eabi/5.2.1/../../../../arm-none-eabi/lib/armv7-m\libcr_nohost.a(__sys_istty.o)
 .ARM.attributes
                0x0000071a       0x33 c:/nxp/lpcxpresso_8.1.4_606/lpcxpresso/tools/bin/../lib/gcc/arm-none-eabi/5.2.1/../../../../arm-none-eabi/lib/armv7-m\libcr_nohost.a(__sys_remove.o)
 .ARM.attributes
                0x0000074d       0x33 c:/nxp/lpcxpresso_8.1.4_606/lpcxpresso/tools/bin/../lib/gcc/arm-none-eabi/5.2.1/../../../../arm-none-eabi/lib/armv7-m\libcr_nohost.a(__sys_seek.o)
 .ARM.attributes
                0x00000780       0x33 c:/nxp/lpcxpresso_8.1.4_606/lpcxpresso/tools/bin/../lib/gcc/arm-none-eabi/5.2.1/../../../../arm-none-eabi/lib/armv7-m\libcr_nohost.a(__sys_tmpnam.o)

.debug_frame    0x00000000     0x1534
 .debug_frame   0x00000000      0x170 ./example/src/cr_startup_lpc175x_6x.o
 .debug_frame   0x00000170       0x34 ./example/src/sysinit.o
 .debug_frame   0x000001a4      0x134 ./example/src/systick.o
 .debug_frame   0x000002d8      0x5d4 C:\Users\ndjekic\Documents\LPCXpresso_8.1.4_606\LPCOpen\lpc_board_nxp_lpcxpresso_1769\Debug\liblpc_board_nxp_lpcxpresso_1769.a(board.o)
 .debug_frame   0x000008ac       0x8c C:\Users\ndjekic\Documents\LPCXpresso_8.1.4_606\LPCOpen\lpc_board_nxp_lpcxpresso_1769\Debug\liblpc_board_nxp_lpcxpresso_1769.a(board_sysinit.o)
 .debug_frame   0x00000938       0x88 C:\Users\ndjekic\Documents\LPCXpresso_8.1.4_606\LPCOpen\lpc_chip_175x_6x\Debug\liblpc_chip_175x_6x.a(chip_17xx_40xx.o)
 .debug_frame   0x000009c0      0x490 C:\Users\ndjekic\Documents\LPCXpresso_8.1.4_606\LPCOpen\lpc_chip_175x_6x\Debug\liblpc_chip_175x_6x.a(clock_17xx_40xx.o)
 .debug_frame   0x00000e50       0x80 C:\Users\ndjekic\Documents\LPCXpresso_8.1.4_606\LPCOpen\lpc_chip_175x_6x\Debug\liblpc_chip_175x_6x.a(iocon_17xx_40xx.o)
 .debug_frame   0x00000ed0      0x12c C:\Users\ndjekic\Documents\LPCXpresso_8.1.4_606\LPCOpen\lpc_chip_175x_6x\Debug\liblpc_chip_175x_6x.a(sysinit_17xx_40xx.o)
 .debug_frame   0x00000ffc      0x538 C:\Users\ndjekic\Documents\LPCXpresso_8.1.4_606\LPCOpen\lpc_chip_175x_6x\Debug\liblpc_chip_175x_6x.a(uart_17xx_40xx.o)
